interactions:
- request:
    body: null
    headers:
      Accept:
      - application/json;version=2
    method: GET
    uri: https://127.0.0.1:4433/api/status
  response:
    body:
      string: '{"result":"ok","status":200,"version":"1.22.1","api_version":2}'
    headers:
      Cache-Control:
      - max-age=0, private, must-revalidate
      Content-Length:
      - '63'
      Content-Security-Policy:
      - 'default-src ''self''; child-src ''self''; connect-src ''self'' ws: wss:;
        img-src ''self'' data: *.gravatar.com; script-src ''unsafe-eval'' ''unsafe-inline''
        ''self''; style-src ''unsafe-inline'' ''self'''
      Content-Type:
      - application/json; charset=utf-8
      Date:
      - Thu, 07 Nov 2019 22:51:54 GMT
      ETag:
      - W/"7462024e111aafa1fe0b7de16a6757f0"
      Foreman_api_version:
      - '2'
      Foreman_version:
      - 1.22.1
      Server:
      - Apache
      Set-Cookie:
      - _session_id=8e803af59494ae73e771cb00fbb6dd09; path=/; secure; HttpOnly; SameSite=Lax
      Status:
      - 200 OK
      Strict-Transport-Security:
      - max-age=631139040; includeSubdomains
      X-Content-Type-Options:
      - nosniff
      X-Download-Options:
      - noopen
      X-Frame-Options:
      - sameorigin
      X-Permitted-Cross-Domain-Policies:
      - none
      X-Powered-By:
      - Phusion Passenger 4.0.53
      X-Request-Id:
      - e17aae53-d52f-412e-94ac-ac108826b0c4
      X-Runtime:
      - '0.087324'
      X-XSS-Protection:
      - 1; mode=block
    status:
      code: 200
      message: OK
- request:
    body: null
    headers:
      Accept:
      - application/json;version=2
      Cookie:
      - _session_id=8e803af59494ae73e771cb00fbb6dd09
    method: GET
    uri: https://127.0.0.1:4433/api/hostgroups?search=title%3D%22New+host+group%22&per_page=4294967296
  response:
    body:
      string: "{\n  \"total\": 6,\n  \"subtotal\": 1,\n  \"page\": 1,\n  \"per_page\"\
        : 4294967296,\n  \"search\": \"title=\\\"New host group\\\"\",\n  \"sort\"\
        : {\n    \"by\": null,\n    \"order\": null\n  },\n  \"results\": [{\"subnet_id\"\
        :4,\"subnet_name\":\"Test subnet4\",\"operatingsystem_id\":5,\"operatingsystem_name\"\
        :\"TestOS 7.6\",\"domain_id\":8,\"domain_name\":\"foo.example.com\",\"environment_id\"\
        :1,\"environment_name\":\"production\",\"compute_profile_id\":7,\"compute_profile_name\"\
        :\"myprofile\",\"ancestry\":null,\"parent_id\":null,\"parent_name\":null,\"\
        ptable_id\":118,\"ptable_name\":\"Part table\",\"medium_id\":13,\"medium_name\"\
        :\"TestOS Mirror\",\"pxe_loader\":\"Grub2 UEFI\",\"subnet6_id\":null,\"subnet6_name\"\
        :null,\"architecture_id\":1,\"architecture_name\":\"x86_64\",\"realm_id\"\
        :null,\"realm_name\":null,\"created_at\":\"2019-11-07 22:50:53 UTC\",\"updated_at\"\
        :\"2019-11-07 22:50:53 UTC\",\"id\":33,\"name\":\"New host group\",\"title\"\
        :\"New host group\",\"description\":\"New host group\",\"puppet_proxy_id\"\
        :1,\"puppet_proxy_name\":\"foreman.example.com\",\"puppet_ca_proxy_id\":1,\"\
        puppet_ca_proxy_name\":\"foreman.example.com\",\"puppet_proxy\":{\"name\"\
        :\"foreman.example.com\",\"id\":1,\"url\":\"https://foreman.example.com:9090\"\
        },\"puppet_ca_proxy\":{\"name\":\"foreman.example.com\",\"id\":1,\"url\":\"\
        https://foreman.example.com:9090\"}}]\n}\n"
    headers:
      Cache-Control:
      - max-age=0, private, must-revalidate
      Content-Security-Policy:
      - 'default-src ''self''; child-src ''self''; connect-src ''self'' ws: wss:;
        img-src ''self'' data: *.gravatar.com; script-src ''unsafe-eval'' ''unsafe-inline''
        ''self''; style-src ''unsafe-inline'' ''self'''
      Content-Type:
      - application/json; charset=utf-8
      Date:
      - Thu, 07 Nov 2019 22:51:54 GMT
      ETag:
      - W/"474704f2106b90afe7181f9a8ee101b5"
      Foreman_api_version:
      - '2'
      Foreman_version:
      - 1.22.1
      Server:
      - Apache
      Status:
      - 200 OK
      Strict-Transport-Security:
      - max-age=631139040; includeSubdomains
      Transfer-Encoding:
      - chunked
      Vary:
      - Accept-Encoding
      X-Content-Type-Options:
      - nosniff
      X-Download-Options:
      - noopen
      X-Frame-Options:
      - sameorigin
      X-Permitted-Cross-Domain-Policies:
      - none
      X-Powered-By:
      - Phusion Passenger 4.0.53
      X-Request-Id:
      - 5a1233dc-47e5-4e91-bf6d-ff53f0e3a0ed
      X-Runtime:
      - '0.101019'
      X-XSS-Protection:
      - 1; mode=block
    status:
      code: 200
      message: OK
- request:
    body: null
    headers:
      Accept:
      - application/json;version=2
      Cookie:
      - _session_id=8e803af59494ae73e771cb00fbb6dd09
    method: GET
    uri: https://127.0.0.1:4433/api/hostgroups?search=title%3D%22New+host+group%2FNested+New+host+group+10%22&per_page=4294967296
  response:
    body:
      string: "{\n  \"total\": 6,\n  \"subtotal\": 1,\n  \"page\": 1,\n  \"per_page\"\
        : 4294967296,\n  \"search\": \"title=\\\"New host group/Nested New host group\
        \ 10\\\"\",\n  \"sort\": {\n    \"by\": null,\n    \"order\": null\n  },\n\
        \  \"results\": [{\"subnet_id\":null,\"subnet_name\":\"Test subnet4\",\"operatingsystem_id\"\
        :null,\"operatingsystem_name\":\"TestOS 7.6\",\"domain_id\":null,\"domain_name\"\
        :\"foo.example.com\",\"environment_id\":null,\"environment_name\":\"production\"\
        ,\"compute_profile_id\":null,\"compute_profile_name\":\"myprofile\",\"ancestry\"\
        :\"33\",\"parent_id\":33,\"parent_name\":\"New host group\",\"ptable_id\"\
        :null,\"ptable_name\":\"Part table\",\"medium_id\":null,\"medium_name\":\"\
        TestOS Mirror\",\"pxe_loader\":\"Grub2 UEFI\",\"subnet6_id\":null,\"subnet6_name\"\
        :null,\"architecture_id\":null,\"architecture_name\":\"x86_64\",\"realm_id\"\
        :null,\"realm_name\":null,\"created_at\":\"2019-11-07 22:51:47 UTC\",\"updated_at\"\
        :\"2019-11-07 22:51:50 UTC\",\"id\":39,\"name\":\"Nested New host group 10\"\
        ,\"title\":\"New host group/Nested New host group 10\",\"description\":null,\"\
        puppet_proxy_id\":null,\"puppet_proxy_name\":\"foreman.example.com\",\"puppet_ca_proxy_id\"\
        :null,\"puppet_ca_proxy_name\":\"foreman.example.com\",\"puppet_proxy\":{\"\
        name\":\"foreman.example.com\",\"id\":1,\"url\":\"https://foreman.example.com:9090\"\
        },\"puppet_ca_proxy\":{\"name\":\"foreman.example.com\",\"id\":1,\"url\":\"\
        https://foreman.example.com:9090\"}}]\n}\n"
    headers:
      Cache-Control:
      - max-age=0, private, must-revalidate
      Content-Security-Policy:
      - 'default-src ''self''; child-src ''self''; connect-src ''self'' ws: wss:;
        img-src ''self'' data: *.gravatar.com; script-src ''unsafe-eval'' ''unsafe-inline''
        ''self''; style-src ''unsafe-inline'' ''self'''
      Content-Type:
      - application/json; charset=utf-8
      Date:
      - Thu, 07 Nov 2019 22:51:54 GMT
      ETag:
      - W/"b4fbd819e76ab9ad53a2d58124bcf9b9"
      Foreman_api_version:
      - '2'
      Foreman_version:
      - 1.22.1
      Server:
      - Apache
      Status:
      - 200 OK
      Strict-Transport-Security:
      - max-age=631139040; includeSubdomains
      Transfer-Encoding:
      - chunked
      Vary:
      - Accept-Encoding
      X-Content-Type-Options:
      - nosniff
      X-Download-Options:
      - noopen
      X-Frame-Options:
      - sameorigin
      X-Permitted-Cross-Domain-Policies:
      - none
      X-Powered-By:
      - Phusion Passenger 4.0.53
      X-Request-Id:
      - 36d31f14-0bc0-407d-84fc-7ceb2e6d1c6a
      X-Runtime:
      - '0.177277'
      X-XSS-Protection:
      - 1; mode=block
    status:
      code: 200
      message: OK
- request:
    body: null
    headers:
      Accept:
      - application/json;version=2
      Content-Length:
      - '0'
      Cookie:
      - _session_id=8e803af59494ae73e771cb00fbb6dd09
    method: DELETE
    uri: https://127.0.0.1:4433/api/hostgroups/39
  response:
    body:
      string: '{"id":39,"name":"Nested New host group 10","created_at":"2019-11-07T22:51:47.714Z","updated_at":"2019-11-07T22:51:50.370Z","environment_id":null,"operatingsystem_id":null,"architecture_id":null,"medium_id":null,"ptable_id":null,"root_pass":null,"puppet_ca_proxy_id":null,"use_image":null,"image_file":"","ancestry":"33","vm_defaults":null,"subnet_id":null,"domain_id":null,"puppet_proxy_id":null,"title":"New
        host group/Nested New host group 10","realm_id":null,"compute_profile_id":null,"content_source_id":null,"grub_pass":"","content_view_id":null,"lifecycle_environment_id":null,"lookup_value_matcher":"hostgroup=New
        host group/Nested New host group 10","kickstart_repository_id":null,"subnet6_id":null,"pxe_loader":"Grub2
        UEFI","description":null,"compute_resource_id":null}'
    headers:
      Cache-Control:
      - max-age=0, private, must-revalidate
      Content-Security-Policy:
      - 'default-src ''self''; child-src ''self''; connect-src ''self'' ws: wss:;
        img-src ''self'' data: *.gravatar.com; script-src ''unsafe-eval'' ''unsafe-inline''
        ''self''; style-src ''unsafe-inline'' ''self'''
      Content-Type:
      - application/json; charset=utf-8
      Date:
      - Thu, 07 Nov 2019 22:51:54 GMT
      ETag:
      - W/"1bb70120c2bfc5be812c6a299405e683"
      Foreman_api_version:
      - '2'
      Foreman_version:
      - 1.22.1
      Server:
      - Apache
      Set-Cookie:
      - request_method=DELETE; path=/; secure; HttpOnly; SameSite=Lax
      Status:
      - 200 OK
      Strict-Transport-Security:
      - max-age=631139040; includeSubdomains
      Transfer-Encoding:
      - chunked
      Vary:
      - Accept-Encoding
      X-Content-Type-Options:
      - nosniff
      X-Download-Options:
      - noopen
      X-Frame-Options:
      - sameorigin
      X-Permitted-Cross-Domain-Policies:
      - none
      X-Powered-By:
      - Phusion Passenger 4.0.53
      X-Request-Id:
      - 8ddc617f-1131-4891-9467-380af6be5c6b
      X-Runtime:
      - '0.161270'
      X-XSS-Protection:
      - 1; mode=block
    status:
      code: 200
      message: OK
version: 1
