interactions:
- request:
    body: null
    headers:
      Accept:
      - application/json;version=2
    method: GET
    uri: https://127.0.0.1:4433/api/status
  response:
    body:
      string: '{"result":"ok","status":200,"version":"1.22.1","api_version":2}'
    headers:
      Cache-Control:
      - max-age=0, private, must-revalidate
      Content-Length:
      - '63'
      Content-Security-Policy:
      - 'default-src ''self''; child-src ''self''; connect-src ''self'' ws: wss:;
        img-src ''self'' data: *.gravatar.com; script-src ''unsafe-eval'' ''unsafe-inline''
        ''self''; style-src ''unsafe-inline'' ''self'''
      Content-Type:
      - application/json; charset=utf-8
      Date:
      - Thu, 07 Nov 2019 18:54:22 GMT
      ETag:
      - W/"7462024e111aafa1fe0b7de16a6757f0"
      Foreman_api_version:
      - '2'
      Foreman_version:
      - 1.22.1
      Server:
      - Apache
      Set-Cookie:
      - _session_id=470ce0cdb2c01707d59eb2cad5fbcb51; path=/; secure; HttpOnly; SameSite=Lax
      Status:
      - 200 OK
      Strict-Transport-Security:
      - max-age=631139040; includeSubdomains
      X-Content-Type-Options:
      - nosniff
      X-Download-Options:
      - noopen
      X-Frame-Options:
      - sameorigin
      X-Permitted-Cross-Domain-Policies:
      - none
      X-Powered-By:
      - Phusion Passenger 4.0.53
      X-Request-Id:
      - ed0c5015-d63f-4650-9e41-6c1ab255840b
      X-Runtime:
      - '0.106586'
      X-XSS-Protection:
      - 1; mode=block
    status:
      code: 200
      message: OK
- request:
    body: null
    headers:
      Accept:
      - application/json;version=2
      Cookie:
      - _session_id=470ce0cdb2c01707d59eb2cad5fbcb51
    method: GET
    uri: https://127.0.0.1:4433/api/hostgroups?thin=True&search=title%3D%22New+host+group%22&per_page=4294967296
  response:
    body:
      string: "{\n  \"total\": 4,\n  \"subtotal\": 1,\n  \"page\": 1,\n  \"per_page\"\
        : 4294967296,\n  \"search\": \"title=\\\"New host group\\\"\",\n  \"sort\"\
        : {\n    \"by\": null,\n    \"order\": null\n  },\n  \"results\": [{\"subnet_id\"\
        :1,\"subnet_name\":\"Test subnet4\",\"operatingsystem_id\":2,\"operatingsystem_name\"\
        :\"TestOS 7.6\",\"domain_id\":2,\"domain_name\":\"foo.example.com\",\"environment_id\"\
        :1,\"environment_name\":\"production\",\"compute_profile_id\":4,\"compute_profile_name\"\
        :\"myprofile\",\"ancestry\":null,\"parent_id\":null,\"parent_name\":null,\"\
        ptable_id\":115,\"ptable_name\":\"Part table\",\"medium_id\":10,\"medium_name\"\
        :\"TestOS Mirror\",\"pxe_loader\":\"Grub2 UEFI\",\"subnet6_id\":null,\"subnet6_name\"\
        :null,\"architecture_id\":1,\"architecture_name\":\"x86_64\",\"realm_id\"\
        :null,\"realm_name\":null,\"created_at\":\"2019-11-07 17:33:51 UTC\",\"updated_at\"\
        :\"2019-11-07 17:33:51 UTC\",\"id\":2,\"name\":\"New host group\",\"title\"\
        :\"New host group\",\"description\":\"New host group\",\"puppet_proxy_id\"\
        :1,\"puppet_proxy_name\":\"foreman.example.com\",\"puppet_ca_proxy_id\":1,\"\
        puppet_ca_proxy_name\":\"foreman.example.com\",\"puppet_proxy\":{\"name\"\
        :\"foreman.example.com\",\"id\":1,\"url\":\"https://foreman.example.com:9090\"\
        },\"puppet_ca_proxy\":{\"name\":\"foreman.example.com\",\"id\":1,\"url\":\"\
        https://foreman.example.com:9090\"}}]\n}\n"
    headers:
      Cache-Control:
      - max-age=0, private, must-revalidate
      Content-Security-Policy:
      - 'default-src ''self''; child-src ''self''; connect-src ''self'' ws: wss:;
        img-src ''self'' data: *.gravatar.com; script-src ''unsafe-eval'' ''unsafe-inline''
        ''self''; style-src ''unsafe-inline'' ''self'''
      Content-Type:
      - application/json; charset=utf-8
      Date:
      - Thu, 07 Nov 2019 18:54:22 GMT
      ETag:
      - W/"3d97a024747757c482a6bf5b97b35d72"
      Foreman_api_version:
      - '2'
      Foreman_version:
      - 1.22.1
      Server:
      - Apache
      Status:
      - 200 OK
      Strict-Transport-Security:
      - max-age=631139040; includeSubdomains
      Transfer-Encoding:
      - chunked
      Vary:
      - Accept-Encoding
      X-Content-Type-Options:
      - nosniff
      X-Download-Options:
      - noopen
      X-Frame-Options:
      - sameorigin
      X-Permitted-Cross-Domain-Policies:
      - none
      X-Powered-By:
      - Phusion Passenger 4.0.53
      X-Request-Id:
      - c2ad601f-0637-4f69-a8fd-dfe0cefbab1f
      X-Runtime:
      - '0.135195'
      X-XSS-Protection:
      - 1; mode=block
    status:
      code: 200
      message: OK
- request:
    body: null
    headers:
      Accept:
      - application/json;version=2
      Cookie:
      - _session_id=470ce0cdb2c01707d59eb2cad5fbcb51
    method: GET
    uri: https://127.0.0.1:4433/api/locations?thin=True&search=title%3D%22Foo%22&per_page=4294967296
  response:
    body:
      string: "{\n  \"total\": 5,\n  \"subtotal\": 1,\n  \"page\": 1,\n  \"per_page\"\
        : 4294967296,\n  \"search\": \"title=\\\"Foo\\\"\",\n  \"sort\": {\n    \"\
        by\": null,\n    \"order\": null\n  },\n  \"results\": [{\"ancestry\":null,\"\
        parent_id\":null,\"parent_name\":null,\"created_at\":\"2019-10-22 17:43:26\
        \ UTC\",\"updated_at\":\"2019-10-22 17:43:26 UTC\",\"id\":34,\"name\":\"Foo\"\
        ,\"title\":\"Foo\",\"description\":null}]\n}\n"
    headers:
      Cache-Control:
      - max-age=0, private, must-revalidate
      Content-Security-Policy:
      - 'default-src ''self''; child-src ''self''; connect-src ''self'' ws: wss:;
        img-src ''self'' data: *.gravatar.com; script-src ''unsafe-eval'' ''unsafe-inline''
        ''self''; style-src ''unsafe-inline'' ''self'''
      Content-Type:
      - application/json; charset=utf-8
      Date:
      - Thu, 07 Nov 2019 18:54:22 GMT
      ETag:
      - W/"4d11207b5a3c1623d8c469b926727f65"
      Foreman_api_version:
      - '2'
      Foreman_version:
      - 1.22.1
      Server:
      - Apache
      Status:
      - 200 OK
      Strict-Transport-Security:
      - max-age=631139040; includeSubdomains
      Transfer-Encoding:
      - chunked
      Vary:
      - Accept-Encoding
      X-Content-Type-Options:
      - nosniff
      X-Download-Options:
      - noopen
      X-Frame-Options:
      - sameorigin
      X-Permitted-Cross-Domain-Policies:
      - none
      X-Powered-By:
      - Phusion Passenger 4.0.53
      X-Request-Id:
      - d9bcb4ec-7b16-4b47-af50-4883a7db5499
      X-Runtime:
      - '0.084149'
      X-XSS-Protection:
      - 1; mode=block
    status:
      code: 200
      message: OK
- request:
    body: null
    headers:
      Accept:
      - application/json;version=2
      Cookie:
      - _session_id=470ce0cdb2c01707d59eb2cad5fbcb51
    method: GET
    uri: https://127.0.0.1:4433/api/locations?thin=True&search=title%3D%22Foo%2FBaz%22&per_page=4294967296
  response:
    body:
      string: "{\n  \"total\": 5,\n  \"subtotal\": 1,\n  \"page\": 1,\n  \"per_page\"\
        : 4294967296,\n  \"search\": \"title=\\\"Foo/Baz\\\"\",\n  \"sort\": {\n \
        \   \"by\": null,\n    \"order\": null\n  },\n  \"results\": [{\"ancestry\"\
        :\"34\",\"parent_id\":34,\"parent_name\":\"Foo\",\"created_at\":\"2019-10-22\
        \ 17:43:31 UTC\",\"updated_at\":\"2019-10-22 17:43:31 UTC\",\"id\":35,\"name\"\
        :\"Baz\",\"title\":\"Foo/Baz\",\"description\":null}]\n}\n"
    headers:
      Cache-Control:
      - max-age=0, private, must-revalidate
      Content-Security-Policy:
      - 'default-src ''self''; child-src ''self''; connect-src ''self'' ws: wss:;
        img-src ''self'' data: *.gravatar.com; script-src ''unsafe-eval'' ''unsafe-inline''
        ''self''; style-src ''unsafe-inline'' ''self'''
      Content-Type:
      - application/json; charset=utf-8
      Date:
      - Thu, 07 Nov 2019 18:54:22 GMT
      ETag:
      - W/"9f1afe742ed962eb052c52ab2b158ab3"
      Foreman_api_version:
      - '2'
      Foreman_version:
      - 1.22.1
      Server:
      - Apache
      Status:
      - 200 OK
      Strict-Transport-Security:
      - max-age=631139040; includeSubdomains
      Transfer-Encoding:
      - chunked
      Vary:
      - Accept-Encoding
      X-Content-Type-Options:
      - nosniff
      X-Download-Options:
      - noopen
      X-Frame-Options:
      - sameorigin
      X-Permitted-Cross-Domain-Policies:
      - none
      X-Powered-By:
      - Phusion Passenger 4.0.53
      X-Request-Id:
      - 43dbd72d-4280-4025-bb42-adccc525b4e8
      X-Runtime:
      - '0.070195'
      X-XSS-Protection:
      - 1; mode=block
    status:
      code: 200
      message: OK
- request:
    body: null
    headers:
      Accept:
      - application/json;version=2
      Cookie:
      - _session_id=470ce0cdb2c01707d59eb2cad5fbcb51
    method: GET
    uri: https://127.0.0.1:4433/api/locations?thin=True&search=title%3D%22Bar%22&per_page=4294967296
  response:
    body:
      string: "{\n  \"total\": 5,\n  \"subtotal\": 1,\n  \"page\": 1,\n  \"per_page\"\
        : 4294967296,\n  \"search\": \"title=\\\"Bar\\\"\",\n  \"sort\": {\n    \"\
        by\": null,\n    \"order\": null\n  },\n  \"results\": [{\"ancestry\":null,\"\
        parent_id\":null,\"parent_name\":null,\"created_at\":\"2019-10-22 17:43:35\
        \ UTC\",\"updated_at\":\"2019-10-22 17:43:35 UTC\",\"id\":36,\"name\":\"Bar\"\
        ,\"title\":\"Bar\",\"description\":null}]\n}\n"
    headers:
      Cache-Control:
      - max-age=0, private, must-revalidate
      Content-Security-Policy:
      - 'default-src ''self''; child-src ''self''; connect-src ''self'' ws: wss:;
        img-src ''self'' data: *.gravatar.com; script-src ''unsafe-eval'' ''unsafe-inline''
        ''self''; style-src ''unsafe-inline'' ''self'''
      Content-Type:
      - application/json; charset=utf-8
      Date:
      - Thu, 07 Nov 2019 18:54:22 GMT
      ETag:
      - W/"f1780bd8c79a8e8432ec5a5e850bdadc"
      Foreman_api_version:
      - '2'
      Foreman_version:
      - 1.22.1
      Server:
      - Apache
      Status:
      - 200 OK
      Strict-Transport-Security:
      - max-age=631139040; includeSubdomains
      Transfer-Encoding:
      - chunked
      Vary:
      - Accept-Encoding
      X-Content-Type-Options:
      - nosniff
      X-Download-Options:
      - noopen
      X-Frame-Options:
      - sameorigin
      X-Permitted-Cross-Domain-Policies:
      - none
      X-Powered-By:
      - Phusion Passenger 4.0.53
      X-Request-Id:
      - 2edbe4d5-db33-4462-b246-4125ef8d027b
      X-Runtime:
      - '0.075926'
      X-XSS-Protection:
      - 1; mode=block
    status:
      code: 200
      message: OK
- request:
    body: null
    headers:
      Accept:
      - application/json;version=2
      Cookie:
      - _session_id=470ce0cdb2c01707d59eb2cad5fbcb51
    method: GET
    uri: https://127.0.0.1:4433/api/architectures?thin=True&search=name%3D%22x86_64%22&per_page=4294967296
  response:
    body:
      string: "{\n  \"total\": 2,\n  \"subtotal\": 1,\n  \"page\": 1,\n  \"per_page\"\
        : 4294967296,\n  \"search\": \"name=\\\"x86_64\\\"\",\n  \"sort\": {\n   \
        \ \"by\": null,\n    \"order\": null\n  },\n  \"results\": [{\"created_at\"\
        :\"2019-10-17 12:27:57 UTC\",\"updated_at\":\"2019-10-17 12:27:57 UTC\",\"\
        name\":\"x86_64\",\"id\":1}]\n}\n"
    headers:
      Cache-Control:
      - max-age=0, private, must-revalidate
      Content-Security-Policy:
      - 'default-src ''self''; child-src ''self''; connect-src ''self'' ws: wss:;
        img-src ''self'' data: *.gravatar.com; script-src ''unsafe-eval'' ''unsafe-inline''
        ''self''; style-src ''unsafe-inline'' ''self'''
      Content-Type:
      - application/json; charset=utf-8
      Date:
      - Thu, 07 Nov 2019 18:54:22 GMT
      ETag:
      - W/"05c213890d16d735398c4450758add11"
      Foreman_api_version:
      - '2'
      Foreman_version:
      - 1.22.1
      Server:
      - Apache
      Status:
      - 200 OK
      Strict-Transport-Security:
      - max-age=631139040; includeSubdomains
      Transfer-Encoding:
      - chunked
      Vary:
      - Accept-Encoding
      X-Content-Type-Options:
      - nosniff
      X-Download-Options:
      - noopen
      X-Frame-Options:
      - sameorigin
      X-Permitted-Cross-Domain-Policies:
      - none
      X-Powered-By:
      - Phusion Passenger 4.0.53
      X-Request-Id:
      - aecdc20e-e50e-43b4-9793-67b35bacf18b
      X-Runtime:
      - '0.075802'
      X-XSS-Protection:
      - 1; mode=block
    status:
      code: 200
      message: OK
- request:
    body: null
    headers:
      Accept:
      - application/json;version=2
      Cookie:
      - _session_id=470ce0cdb2c01707d59eb2cad5fbcb51
    method: GET
    uri: https://127.0.0.1:4433/api/operatingsystems?thin=True&search=title%3D%22TestOS+7.6%22&per_page=4294967296
  response:
    body:
      string: "{\n  \"total\": 2,\n  \"subtotal\": 1,\n  \"page\": 1,\n  \"per_page\"\
        : 4294967296,\n  \"search\": \"title=\\\"TestOS 7.6\\\"\",\n  \"sort\": {\n\
        \    \"by\": null,\n    \"order\": null\n  },\n  \"results\": [{\"description\"\
        :null,\"major\":\"7\",\"minor\":\"6\",\"family\":\"Redhat\",\"release_name\"\
        :\"reverse whip\",\"password_hash\":\"SHA256\",\"created_at\":\"2019-10-22\
        \ 18:21:59 UTC\",\"updated_at\":\"2019-10-22 18:21:59 UTC\",\"id\":2,\"name\"\
        :\"TestOS\",\"title\":\"TestOS 7.6\"}]\n}\n"
    headers:
      Cache-Control:
      - max-age=0, private, must-revalidate
      Content-Security-Policy:
      - 'default-src ''self''; child-src ''self''; connect-src ''self'' ws: wss:;
        img-src ''self'' data: *.gravatar.com; script-src ''unsafe-eval'' ''unsafe-inline''
        ''self''; style-src ''unsafe-inline'' ''self'''
      Content-Type:
      - application/json; charset=utf-8
      Date:
      - Thu, 07 Nov 2019 18:54:23 GMT
      ETag:
      - W/"df40dab21d74aa64af2e136e00c7ea70"
      Foreman_api_version:
      - '2'
      Foreman_version:
      - 1.22.1
      Server:
      - Apache
      Status:
      - 200 OK
      Strict-Transport-Security:
      - max-age=631139040; includeSubdomains
      Transfer-Encoding:
      - chunked
      Vary:
      - Accept-Encoding
      X-Content-Type-Options:
      - nosniff
      X-Download-Options:
      - noopen
      X-Frame-Options:
      - sameorigin
      X-Permitted-Cross-Domain-Policies:
      - none
      X-Powered-By:
      - Phusion Passenger 4.0.53
      X-Request-Id:
      - 8f542feb-13f0-41ec-a785-aa0ccf02436d
      X-Runtime:
      - '0.074095'
      X-XSS-Protection:
      - 1; mode=block
    status:
      code: 200
      message: OK
- request:
    body: null
    headers:
      Accept:
      - application/json;version=2
      Cookie:
      - _session_id=470ce0cdb2c01707d59eb2cad5fbcb51
    method: GET
    uri: https://127.0.0.1:4433/api/media?thin=True&search=name%3D%22TestOS+Mirror%22&per_page=4294967296
  response:
    body:
      string: "{\n  \"total\": 10,\n  \"subtotal\": 1,\n  \"page\": 1,\n  \"per_page\"\
        : 4294967296,\n  \"search\": \"name=\\\"TestOS Mirror\\\"\",\n  \"sort\":\
        \ {\n    \"by\": null,\n    \"order\": null\n  },\n  \"results\": [{\"path\"\
        :\"https://templeos.org/TempleOS.ISO\",\"os_family\":\"Redhat\",\"created_at\"\
        :\"2019-10-22 18:22:03 UTC\",\"updated_at\":\"2019-10-22 18:22:03 UTC\",\"\
        id\":10,\"name\":\"TestOS Mirror\"}]\n}\n"
    headers:
      Cache-Control:
      - max-age=0, private, must-revalidate
      Content-Security-Policy:
      - 'default-src ''self''; child-src ''self''; connect-src ''self'' ws: wss:;
        img-src ''self'' data: *.gravatar.com; script-src ''unsafe-eval'' ''unsafe-inline''
        ''self''; style-src ''unsafe-inline'' ''self'''
      Content-Type:
      - application/json; charset=utf-8
      Date:
      - Thu, 07 Nov 2019 18:54:23 GMT
      ETag:
      - W/"80bcf5a6d3d9d5048407bc69fd63136e"
      Foreman_api_version:
      - '2'
      Foreman_version:
      - 1.22.1
      Server:
      - Apache
      Status:
      - 200 OK
      Strict-Transport-Security:
      - max-age=631139040; includeSubdomains
      Transfer-Encoding:
      - chunked
      Vary:
      - Accept-Encoding
      X-Content-Type-Options:
      - nosniff
      X-Download-Options:
      - noopen
      X-Frame-Options:
      - sameorigin
      X-Permitted-Cross-Domain-Policies:
      - none
      X-Powered-By:
      - Phusion Passenger 4.0.53
      X-Request-Id:
      - 32a2ee5b-20ae-4098-a68d-06724e23636d
      X-Runtime:
      - '0.084232'
      X-XSS-Protection:
      - 1; mode=block
    status:
      code: 200
      message: OK
- request:
    body: null
    headers:
      Accept:
      - application/json;version=2
      Cookie:
      - _session_id=470ce0cdb2c01707d59eb2cad5fbcb51
    method: GET
    uri: https://127.0.0.1:4433/api/ptables?thin=True&search=name%3D%22Part+table%22&per_page=4294967296
  response:
    body:
      string: "{\n  \"total\": 16,\n  \"subtotal\": 1,\n  \"page\": 1,\n  \"per_page\"\
        : 4294967296,\n  \"search\": \"name=\\\"Part table\\\"\",\n  \"sort\": {\n\
        \    \"by\": null,\n    \"order\": null\n  },\n  \"results\": [{\"os_family\"\
        :\"Redhat\",\"created_at\":\"2019-10-22 18:21:57 UTC\",\"updated_at\":\"2019-10-22\
        \ 18:21:57 UTC\",\"name\":\"Part table\",\"id\":115}]\n}\n"
    headers:
      Cache-Control:
      - max-age=0, private, must-revalidate
      Content-Security-Policy:
      - 'default-src ''self''; child-src ''self''; connect-src ''self'' ws: wss:;
        img-src ''self'' data: *.gravatar.com; script-src ''unsafe-eval'' ''unsafe-inline''
        ''self''; style-src ''unsafe-inline'' ''self'''
      Content-Type:
      - application/json; charset=utf-8
      Date:
      - Thu, 07 Nov 2019 18:54:23 GMT
      ETag:
      - W/"7dbe543af4497d21732c242ef9eefd83"
      Foreman_api_version:
      - '2'
      Foreman_version:
      - 1.22.1
      Server:
      - Apache
      Status:
      - 200 OK
      Strict-Transport-Security:
      - max-age=631139040; includeSubdomains
      Transfer-Encoding:
      - chunked
      Vary:
      - Accept-Encoding
      X-Content-Type-Options:
      - nosniff
      X-Download-Options:
      - noopen
      X-Frame-Options:
      - sameorigin
      X-Permitted-Cross-Domain-Policies:
      - none
      X-Powered-By:
      - Phusion Passenger 4.0.53
      X-Request-Id:
      - e291c1a4-c0dd-40b9-9b40-dcdca361a6fc
      X-Runtime:
      - '0.086829'
      X-XSS-Protection:
      - 1; mode=block
    status:
      code: 200
      message: OK
- request:
    body: null
    headers:
      Accept:
      - application/json;version=2
      Cookie:
      - _session_id=470ce0cdb2c01707d59eb2cad5fbcb51
    method: GET
    uri: https://127.0.0.1:4433/api/organizations?thin=True&search=name%3D%22Test+Org1%22&per_page=4294967296
  response:
    body:
      string: "{\n  \"total\": 3,\n  \"subtotal\": 1,\n  \"page\": 1,\n  \"per_page\"\
        : 4294967296,\n  \"search\": \"name=\\\"Test Org1\\\"\",\n  \"sort\": {\n\
        \    \"by\": null,\n    \"order\": null\n  },\n  \"results\": [{\"ancestry\"\
        :null,\"parent_id\":null,\"parent_name\":null,\"created_at\":\"2019-10-22\
        \ 17:43:39 UTC\",\"updated_at\":\"2019-10-22 17:43:39 UTC\",\"id\":37,\"name\"\
        :\"Test Org1\",\"title\":\"Test Org1\",\"description\":\"A test organization\"\
        }]\n}\n"
    headers:
      Cache-Control:
      - max-age=0, private, must-revalidate
      Content-Security-Policy:
      - 'default-src ''self''; child-src ''self''; connect-src ''self'' ws: wss:;
        img-src ''self'' data: *.gravatar.com; script-src ''unsafe-eval'' ''unsafe-inline''
        ''self''; style-src ''unsafe-inline'' ''self'''
      Content-Type:
      - application/json; charset=utf-8
      Date:
      - Thu, 07 Nov 2019 18:54:23 GMT
      ETag:
      - W/"0ca270c6156eaa11a11d29437421908d"
      Foreman_api_version:
      - '2'
      Foreman_version:
      - 1.22.1
      Server:
      - Apache
      Status:
      - 200 OK
      Strict-Transport-Security:
      - max-age=631139040; includeSubdomains
      Transfer-Encoding:
      - chunked
      Vary:
      - Accept-Encoding
      X-Content-Type-Options:
      - nosniff
      X-Download-Options:
      - noopen
      X-Frame-Options:
      - sameorigin
      X-Permitted-Cross-Domain-Policies:
      - none
      X-Powered-By:
      - Phusion Passenger 4.0.53
      X-Request-Id:
      - b7e1e00f-f9f1-4bf5-8e34-ae976ef66b29
      X-Runtime:
      - '0.073756'
      X-XSS-Protection:
      - 1; mode=block
    status:
      code: 200
      message: OK
- request:
    body: null
    headers:
      Accept:
      - application/json;version=2
      Cookie:
      - _session_id=470ce0cdb2c01707d59eb2cad5fbcb51
    method: GET
    uri: https://127.0.0.1:4433/api/organizations?thin=True&search=name%3D%22Test+Org2%22&per_page=4294967296
  response:
    body:
      string: "{\n  \"total\": 3,\n  \"subtotal\": 1,\n  \"page\": 1,\n  \"per_page\"\
        : 4294967296,\n  \"search\": \"name=\\\"Test Org2\\\"\",\n  \"sort\": {\n\
        \    \"by\": null,\n    \"order\": null\n  },\n  \"results\": [{\"ancestry\"\
        :null,\"parent_id\":null,\"parent_name\":null,\"created_at\":\"2019-10-22\
        \ 17:43:43 UTC\",\"updated_at\":\"2019-10-22 17:43:43 UTC\",\"id\":38,\"name\"\
        :\"Test Org2\",\"title\":\"Test Org2\",\"description\":\"A test organization\"\
        }]\n}\n"
    headers:
      Cache-Control:
      - max-age=0, private, must-revalidate
      Content-Security-Policy:
      - 'default-src ''self''; child-src ''self''; connect-src ''self'' ws: wss:;
        img-src ''self'' data: *.gravatar.com; script-src ''unsafe-eval'' ''unsafe-inline''
        ''self''; style-src ''unsafe-inline'' ''self'''
      Content-Type:
      - application/json; charset=utf-8
      Date:
      - Thu, 07 Nov 2019 18:54:23 GMT
      ETag:
      - W/"e08e4e2d114213910d9f47da738a7589"
      Foreman_api_version:
      - '2'
      Foreman_version:
      - 1.22.1
      Server:
      - Apache
      Status:
      - 200 OK
      Strict-Transport-Security:
      - max-age=631139040; includeSubdomains
      Transfer-Encoding:
      - chunked
      Vary:
      - Accept-Encoding
      X-Content-Type-Options:
      - nosniff
      X-Download-Options:
      - noopen
      X-Frame-Options:
      - sameorigin
      X-Permitted-Cross-Domain-Policies:
      - none
      X-Powered-By:
      - Phusion Passenger 4.0.53
      X-Request-Id:
      - cf06da0f-940c-439d-952f-6332afba7ba1
      X-Runtime:
      - '0.075586'
      X-XSS-Protection:
      - 1; mode=block
    status:
      code: 200
      message: OK
- request:
    body: null
    headers:
      Accept:
      - application/json;version=2
      Cookie:
      - _session_id=470ce0cdb2c01707d59eb2cad5fbcb51
    method: GET
    uri: https://127.0.0.1:4433/api/hostgroups?thin=False&search=title%3D%22New+host+group%2FNested+New+host+group+2%22&per_page=4294967296
  response:
    body:
      string: "{\n  \"total\": 4,\n  \"subtotal\": 1,\n  \"page\": 1,\n  \"per_page\"\
        : 4294967296,\n  \"search\": \"title=\\\"New host group/Nested New host group\
        \ 2\\\"\",\n  \"sort\": {\n    \"by\": null,\n    \"order\": null\n  },\n\
        \  \"results\": [{\"subnet_id\":null,\"subnet_name\":\"Test subnet4\",\"operatingsystem_id\"\
        :2,\"operatingsystem_name\":\"TestOS 7.6\",\"domain_id\":null,\"domain_name\"\
        :\"foo.example.com\",\"environment_id\":null,\"environment_name\":\"production\"\
        ,\"compute_profile_id\":null,\"compute_profile_name\":\"myprofile\",\"ancestry\"\
        :\"2\",\"parent_id\":2,\"parent_name\":\"New host group\",\"ptable_id\":115,\"\
        ptable_name\":\"Part table\",\"medium_id\":10,\"medium_name\":\"TestOS Mirror\"\
        ,\"pxe_loader\":\"PXELinux BIOS\",\"subnet6_id\":null,\"subnet6_name\":null,\"\
        architecture_id\":1,\"architecture_name\":\"x86_64\",\"realm_id\":null,\"\
        realm_name\":null,\"created_at\":\"2019-11-07 18:54:20 UTC\",\"updated_at\"\
        :\"2019-11-07 18:54:20 UTC\",\"id\":4,\"name\":\"Nested New host group 2\"\
        ,\"title\":\"New host group/Nested New host group 2\",\"description\":null,\"\
        puppet_proxy_id\":null,\"puppet_proxy_name\":\"foreman.example.com\",\"puppet_ca_proxy_id\"\
        :null,\"puppet_ca_proxy_name\":\"foreman.example.com\",\"puppet_proxy\":{\"\
        name\":\"foreman.example.com\",\"id\":1,\"url\":\"https://foreman.example.com:9090\"\
        },\"puppet_ca_proxy\":{\"name\":\"foreman.example.com\",\"id\":1,\"url\":\"\
        https://foreman.example.com:9090\"}}]\n}\n"
    headers:
      Cache-Control:
      - max-age=0, private, must-revalidate
      Content-Security-Policy:
      - 'default-src ''self''; child-src ''self''; connect-src ''self'' ws: wss:;
        img-src ''self'' data: *.gravatar.com; script-src ''unsafe-eval'' ''unsafe-inline''
        ''self''; style-src ''unsafe-inline'' ''self'''
      Content-Type:
      - application/json; charset=utf-8
      Date:
      - Thu, 07 Nov 2019 18:54:23 GMT
      ETag:
      - W/"d3cde4de9a252212f5916488acec141b"
      Foreman_api_version:
      - '2'
      Foreman_version:
      - 1.22.1
      Server:
      - Apache
      Status:
      - 200 OK
      Strict-Transport-Security:
      - max-age=631139040; includeSubdomains
      Transfer-Encoding:
      - chunked
      Vary:
      - Accept-Encoding
      X-Content-Type-Options:
      - nosniff
      X-Download-Options:
      - noopen
      X-Frame-Options:
      - sameorigin
      X-Permitted-Cross-Domain-Policies:
      - none
      X-Powered-By:
      - Phusion Passenger 4.0.53
      X-Request-Id:
      - 24a6e9de-1d73-4a1d-8fb0-cac60464c676
      X-Runtime:
      - '0.195036'
      X-XSS-Protection:
      - 1; mode=block
    status:
      code: 200
      message: OK
- request:
    body: null
    headers:
      Accept:
      - application/json;version=2
      Cookie:
      - _session_id=470ce0cdb2c01707d59eb2cad5fbcb51
    method: GET
    uri: https://127.0.0.1:4433/api/hostgroups/4
  response:
    body:
      string: '{"content_source_id":null,"content_source_name":null,"content_view_id":null,"content_view_name":null,"lifecycle_environment_id":null,"lifecycle_environment_name":null,"kickstart_repository_id":null,"kickstart_repository_name":null,"subnet_id":null,"subnet_name":"Test
        subnet4","operatingsystem_id":2,"operatingsystem_name":"TestOS 7.6","domain_id":null,"domain_name":"foo.example.com","environment_id":null,"environment_name":"production","compute_profile_id":null,"compute_profile_name":"myprofile","ancestry":"2","parent_id":2,"parent_name":"New
        host group","ptable_id":115,"ptable_name":"Part table","medium_id":10,"medium_name":"TestOS
        Mirror","pxe_loader":"PXELinux BIOS","subnet6_id":null,"subnet6_name":null,"architecture_id":1,"architecture_name":"x86_64","realm_id":null,"realm_name":null,"created_at":"2019-11-07
        18:54:20 UTC","updated_at":"2019-11-07 18:54:20 UTC","id":4,"name":"Nested
        New host group 2","title":"New host group/Nested New host group 2","description":null,"puppet_proxy_id":null,"puppet_proxy_name":"foreman.example.com","puppet_ca_proxy_id":null,"puppet_ca_proxy_name":"foreman.example.com","puppet_proxy":{"name":"foreman.example.com","id":1,"url":"https://foreman.example.com:9090"},"puppet_ca_proxy":{"name":"foreman.example.com","id":1,"url":"https://foreman.example.com:9090"},"parameters":[],"template_combinations":[],"puppetclasses":[],"config_groups":[],"all_puppetclasses":[{"id":11,"name":"prometheus","module_name":"prometheus"}],"locations":[{"id":36,"name":"Bar","title":"Bar","description":null},{"id":34,"name":"Foo","title":"Foo","description":null},{"id":35,"name":"Baz","title":"Foo/Baz","description":null}],"organizations":[{"id":37,"name":"Test
        Org1","title":"Test Org1","description":"A test organization"},{"id":38,"name":"Test
        Org2","title":"Test Org2","description":"A test organization"}]}'
    headers:
      Cache-Control:
      - max-age=0, private, must-revalidate
      Content-Security-Policy:
      - 'default-src ''self''; child-src ''self''; connect-src ''self'' ws: wss:;
        img-src ''self'' data: *.gravatar.com; script-src ''unsafe-eval'' ''unsafe-inline''
        ''self''; style-src ''unsafe-inline'' ''self'''
      Content-Type:
      - application/json; charset=utf-8
      Date:
      - Thu, 07 Nov 2019 18:54:23 GMT
      ETag:
      - W/"0b58418ec3e2c1b3e9fa4ee2109ec277"
      Foreman_api_version:
      - '2'
      Foreman_version:
      - 1.22.1
      Server:
      - Apache
      Status:
      - 200 OK
      Strict-Transport-Security:
      - max-age=631139040; includeSubdomains
      Transfer-Encoding:
      - chunked
      Vary:
      - Accept-Encoding
      X-Content-Type-Options:
      - nosniff
      X-Download-Options:
      - noopen
      X-Frame-Options:
      - sameorigin
      X-Permitted-Cross-Domain-Policies:
      - none
      X-Powered-By:
      - Phusion Passenger 4.0.53
      X-Request-Id:
      - 47178045-3c9f-4db6-9c36-f06a689b7083
      X-Runtime:
      - '0.278275'
      X-XSS-Protection:
      - 1; mode=block
    status:
      code: 200
      message: OK
version: 1
