interactions:
- request:
    body: null
    headers:
      Accept:
      - application/json;version=2
    method: GET
    uri: https://127.0.0.1:4433/api/status
  response:
    body:
      string: '{"result":"ok","status":200,"version":"1.22.1","api_version":2}'
    headers:
      Cache-Control:
      - max-age=0, private, must-revalidate
      Content-Length:
      - '63'
      Content-Security-Policy:
      - 'default-src ''self''; child-src ''self''; connect-src ''self'' ws: wss:;
        img-src ''self'' data: *.gravatar.com; script-src ''unsafe-eval'' ''unsafe-inline''
        ''self''; style-src ''unsafe-inline'' ''self'''
      Content-Type:
      - application/json; charset=utf-8
      Date:
      - Fri, 08 Nov 2019 00:57:15 GMT
      ETag:
      - W/"7462024e111aafa1fe0b7de16a6757f0"
      Foreman_api_version:
      - '2'
      Foreman_version:
      - 1.22.1
      Server:
      - Apache
      Set-Cookie:
      - _session_id=7e935b4a2d46dec0ad094800b7f4bf43; path=/; secure; HttpOnly; SameSite=Lax
      Status:
      - 200 OK
      Strict-Transport-Security:
      - max-age=631139040; includeSubdomains
      X-Content-Type-Options:
      - nosniff
      X-Download-Options:
      - noopen
      X-Frame-Options:
      - sameorigin
      X-Permitted-Cross-Domain-Policies:
      - none
      X-Powered-By:
      - Phusion Passenger 4.0.53
      X-Request-Id:
      - dfadd237-dfe8-45e4-8bb5-68f75f975651
      X-Runtime:
      - '0.086560'
      X-XSS-Protection:
      - 1; mode=block
    status:
      code: 200
      message: OK
- request:
    body: null
    headers:
      Accept:
      - application/json;version=2
      Cookie:
      - _session_id=7e935b4a2d46dec0ad094800b7f4bf43
    method: GET
    uri: https://127.0.0.1:4433/api/hostgroups?search=title%3D%22Super+New+host+group%22&per_page=4294967296
  response:
    body:
      string: "{\n  \"total\": 6,\n  \"subtotal\": 1,\n  \"page\": 1,\n  \"per_page\"\
        : 4294967296,\n  \"search\": \"title=\\\"Super New host group\\\"\",\n  \"\
        sort\": {\n    \"by\": null,\n    \"order\": null\n  },\n  \"results\": [{\"\
        subnet_id\":null,\"subnet_name\":null,\"operatingsystem_id\":null,\"operatingsystem_name\"\
        :null,\"domain_id\":null,\"domain_name\":null,\"environment_id\":null,\"environment_name\"\
        :null,\"compute_profile_id\":null,\"compute_profile_name\":null,\"ancestry\"\
        :null,\"parent_id\":null,\"parent_name\":null,\"ptable_id\":null,\"ptable_name\"\
        :null,\"medium_id\":null,\"medium_name\":null,\"pxe_loader\":null,\"subnet6_id\"\
        :null,\"subnet6_name\":null,\"architecture_id\":null,\"architecture_name\"\
        :null,\"realm_id\":null,\"realm_name\":null,\"created_at\":\"2019-11-08 00:57:14\
        \ UTC\",\"updated_at\":\"2019-11-08 00:57:14 UTC\",\"id\":45,\"name\":\"Super\
        \ New host group\",\"title\":\"Super New host group\",\"description\":null,\"\
        puppet_proxy_id\":null,\"puppet_proxy_name\":null,\"puppet_ca_proxy_id\":null,\"\
        puppet_ca_proxy_name\":null,\"puppet_proxy\":null,\"puppet_ca_proxy\":null}]\n\
        }\n"
    headers:
      Cache-Control:
      - max-age=0, private, must-revalidate
      Content-Security-Policy:
      - 'default-src ''self''; child-src ''self''; connect-src ''self'' ws: wss:;
        img-src ''self'' data: *.gravatar.com; script-src ''unsafe-eval'' ''unsafe-inline''
        ''self''; style-src ''unsafe-inline'' ''self'''
      Content-Type:
      - application/json; charset=utf-8
      Date:
      - Fri, 08 Nov 2019 00:57:15 GMT
      ETag:
      - W/"b5f2e621ee414189a6beca05de2fb6ab"
      Foreman_api_version:
      - '2'
      Foreman_version:
      - 1.22.1
      Server:
      - Apache
      Status:
      - 200 OK
      Strict-Transport-Security:
      - max-age=631139040; includeSubdomains
      Transfer-Encoding:
      - chunked
      Vary:
      - Accept-Encoding
      X-Content-Type-Options:
      - nosniff
      X-Download-Options:
      - noopen
      X-Frame-Options:
      - sameorigin
      X-Permitted-Cross-Domain-Policies:
      - none
      X-Powered-By:
      - Phusion Passenger 4.0.53
      X-Request-Id:
      - 45125e7b-9f81-449a-93df-ccc30e3a1fc3
      X-Runtime:
      - '0.064280'
      X-XSS-Protection:
      - 1; mode=block
    status:
      code: 200
      message: OK
- request:
    body: null
    headers:
      Accept:
      - application/json;version=2
      Cookie:
      - _session_id=7e935b4a2d46dec0ad094800b7f4bf43
    method: GET
    uri: https://127.0.0.1:4433/api/hostgroups/45
  response:
    body:
      string: '{"content_source_id":null,"content_source_name":null,"content_view_id":null,"content_view_name":null,"lifecycle_environment_id":null,"lifecycle_environment_name":null,"kickstart_repository_id":null,"kickstart_repository_name":null,"subnet_id":null,"subnet_name":null,"operatingsystem_id":null,"operatingsystem_name":null,"domain_id":null,"domain_name":null,"environment_id":null,"environment_name":null,"compute_profile_id":null,"compute_profile_name":null,"ancestry":null,"parent_id":null,"parent_name":null,"ptable_id":null,"ptable_name":null,"medium_id":null,"medium_name":null,"pxe_loader":null,"subnet6_id":null,"subnet6_name":null,"architecture_id":null,"architecture_name":null,"realm_id":null,"realm_name":null,"created_at":"2019-11-08
        00:57:14 UTC","updated_at":"2019-11-08 00:57:14 UTC","id":45,"name":"Super
        New host group","title":"Super New host group","description":null,"puppet_proxy_id":null,"puppet_proxy_name":null,"puppet_ca_proxy_id":null,"puppet_ca_proxy_name":null,"puppet_proxy":null,"puppet_ca_proxy":null,"parameters":[],"template_combinations":[],"puppetclasses":[],"config_groups":[],"all_puppetclasses":[],"locations":[],"organizations":[]}'
    headers:
      Cache-Control:
      - max-age=0, private, must-revalidate
      Content-Security-Policy:
      - 'default-src ''self''; child-src ''self''; connect-src ''self'' ws: wss:;
        img-src ''self'' data: *.gravatar.com; script-src ''unsafe-eval'' ''unsafe-inline''
        ''self''; style-src ''unsafe-inline'' ''self'''
      Content-Type:
      - application/json; charset=utf-8
      Date:
      - Fri, 08 Nov 2019 00:57:16 GMT
      ETag:
      - W/"3d6d33a42a4b7554549a80dbdd3c17f0"
      Foreman_api_version:
      - '2'
      Foreman_version:
      - 1.22.1
      Server:
      - Apache
      Status:
      - 200 OK
      Strict-Transport-Security:
      - max-age=631139040; includeSubdomains
      Transfer-Encoding:
      - chunked
      Vary:
      - Accept-Encoding
      X-Content-Type-Options:
      - nosniff
      X-Download-Options:
      - noopen
      X-Frame-Options:
      - sameorigin
      X-Permitted-Cross-Domain-Policies:
      - none
      X-Powered-By:
      - Phusion Passenger 4.0.53
      X-Request-Id:
      - e8dc8772-7a55-4e9f-a12f-d60f3a3f7cdf
      X-Runtime:
      - '0.103063'
      X-XSS-Protection:
      - 1; mode=block
    status:
      code: 200
      message: OK
- request:
    body: '{"hostgroup": {"name": "Super New host group 2"}}'
    headers:
      Accept:
      - application/json;version=2
      Content-Length:
      - '49'
      Content-Type:
      - application/json
      Cookie:
      - _session_id=7e935b4a2d46dec0ad094800b7f4bf43
    method: PUT
    uri: https://127.0.0.1:4433/api/hostgroups/45
  response:
    body:
      string: '{"subnet_id":null,"subnet_name":null,"operatingsystem_id":null,"operatingsystem_name":null,"domain_id":null,"domain_name":null,"environment_id":null,"environment_name":null,"compute_profile_id":null,"compute_profile_name":null,"ancestry":null,"parent_id":null,"parent_name":null,"ptable_id":null,"ptable_name":null,"medium_id":null,"medium_name":null,"pxe_loader":null,"subnet6_id":null,"subnet6_name":null,"architecture_id":null,"architecture_name":null,"realm_id":null,"realm_name":null,"created_at":"2019-11-08
        00:57:14 UTC","updated_at":"2019-11-08 00:57:16 UTC","id":45,"name":"Super
        New host group 2","title":"Super New host group 2","description":null,"puppet_proxy_id":null,"puppet_proxy_name":null,"puppet_ca_proxy_id":null,"puppet_ca_proxy_name":null,"puppet_proxy":null,"puppet_ca_proxy":null,"parameters":[],"template_combinations":[],"puppetclasses":[],"config_groups":[],"all_puppetclasses":[],"locations":[],"organizations":[]}'
    headers:
      Cache-Control:
      - max-age=0, private, must-revalidate
      Content-Security-Policy:
      - 'default-src ''self''; child-src ''self''; connect-src ''self'' ws: wss:;
        img-src ''self'' data: *.gravatar.com; script-src ''unsafe-eval'' ''unsafe-inline''
        ''self''; style-src ''unsafe-inline'' ''self'''
      Content-Type:
      - application/json; charset=utf-8
      Date:
      - Fri, 08 Nov 2019 00:57:16 GMT
      ETag:
      - W/"a8be17a995df624c0f72d1aa2239239c"
      Foreman_api_version:
      - '2'
      Foreman_version:
      - 1.22.1
      Server:
      - Apache
      Set-Cookie:
      - request_method=PUT; path=/; secure; HttpOnly; SameSite=Lax
      Status:
      - 200 OK
      Strict-Transport-Security:
      - max-age=631139040; includeSubdomains
      Transfer-Encoding:
      - chunked
      Vary:
      - Accept-Encoding
      X-Content-Type-Options:
      - nosniff
      X-Download-Options:
      - noopen
      X-Frame-Options:
      - sameorigin
      X-Permitted-Cross-Domain-Policies:
      - none
      X-Powered-By:
      - Phusion Passenger 4.0.53
      X-Request-Id:
      - 0574f721-77f2-48de-8455-e2b3672fb3c1
      X-Runtime:
      - '0.230004'
      X-XSS-Protection:
      - 1; mode=block
    status:
      code: 200
      message: OK
version: 1
