interactions:
- request:
    body: null
    headers:
      Accept:
      - application/json;version=2
    method: GET
    uri: https://127.0.0.1:4433/api/status
  response:
    body:
      string: '{"result":"ok","status":200,"version":"1.22.1","api_version":2}'
    headers:
      Cache-Control:
      - max-age=0, private, must-revalidate
      Content-Length:
      - '63'
      Content-Security-Policy:
      - 'default-src ''self''; child-src ''self''; connect-src ''self'' ws: wss:;
        img-src ''self'' data: *.gravatar.com; script-src ''unsafe-eval'' ''unsafe-inline''
        ''self''; style-src ''unsafe-inline'' ''self'''
      Content-Type:
      - application/json; charset=utf-8
      Date:
      - Thu, 07 Nov 2019 22:41:32 GMT
      ETag:
      - W/"7462024e111aafa1fe0b7de16a6757f0"
      Foreman_api_version:
      - '2'
      Foreman_version:
      - 1.22.1
      Server:
      - Apache
      Set-Cookie:
      - _session_id=e32d38158a10fafe09bb63af33e06780; path=/; secure; HttpOnly; SameSite=Lax
      Status:
      - 200 OK
      Strict-Transport-Security:
      - max-age=631139040; includeSubdomains
      X-Content-Type-Options:
      - nosniff
      X-Download-Options:
      - noopen
      X-Frame-Options:
      - sameorigin
      X-Permitted-Cross-Domain-Policies:
      - none
      X-Powered-By:
      - Phusion Passenger 4.0.53
      X-Request-Id:
      - 66599b7c-377a-4eb7-9eb2-748a1a955e53
      X-Runtime:
      - '0.083853'
      X-XSS-Protection:
      - 1; mode=block
    status:
      code: 200
      message: OK
- request:
    body: null
    headers:
      Accept:
      - application/json;version=2
      Cookie:
      - _session_id=e32d38158a10fafe09bb63af33e06780
    method: GET
    uri: https://127.0.0.1:4433/api/hostgroups?thin=True&search=title%3D%22New+host+group%22&per_page=4294967296
  response:
    body:
      string: "{\n  \"total\": 5,\n  \"subtotal\": 1,\n  \"page\": 1,\n  \"per_page\"\
        : 4294967296,\n  \"search\": \"title=\\\"New host group\\\"\",\n  \"sort\"\
        : {\n    \"by\": null,\n    \"order\": null\n  },\n  \"results\": [{\"subnet_id\"\
        :3,\"subnet_name\":\"Test subnet4\",\"operatingsystem_id\":4,\"operatingsystem_name\"\
        :\"TestOS 7.6\",\"domain_id\":6,\"domain_name\":\"foo.example.com\",\"environment_id\"\
        :1,\"environment_name\":\"production\",\"compute_profile_id\":6,\"compute_profile_name\"\
        :\"myprofile\",\"ancestry\":null,\"parent_id\":null,\"parent_name\":null,\"\
        ptable_id\":117,\"ptable_name\":\"Part table\",\"medium_id\":12,\"medium_name\"\
        :\"TestOS Mirror\",\"pxe_loader\":\"Grub2 UEFI\",\"subnet6_id\":null,\"subnet6_name\"\
        :null,\"architecture_id\":1,\"architecture_name\":\"x86_64\",\"realm_id\"\
        :null,\"realm_name\":null,\"created_at\":\"2019-11-07 22:40:41 UTC\",\"updated_at\"\
        :\"2019-11-07 22:40:41 UTC\",\"id\":27,\"name\":\"New host group\",\"title\"\
        :\"New host group\",\"description\":\"New host group\",\"puppet_proxy_id\"\
        :1,\"puppet_proxy_name\":\"foreman.example.com\",\"puppet_ca_proxy_id\":1,\"\
        puppet_ca_proxy_name\":\"foreman.example.com\",\"puppet_proxy\":{\"name\"\
        :\"foreman.example.com\",\"id\":1,\"url\":\"https://foreman.example.com:9090\"\
        },\"puppet_ca_proxy\":{\"name\":\"foreman.example.com\",\"id\":1,\"url\":\"\
        https://foreman.example.com:9090\"}}]\n}\n"
    headers:
      Cache-Control:
      - max-age=0, private, must-revalidate
      Content-Security-Policy:
      - 'default-src ''self''; child-src ''self''; connect-src ''self'' ws: wss:;
        img-src ''self'' data: *.gravatar.com; script-src ''unsafe-eval'' ''unsafe-inline''
        ''self''; style-src ''unsafe-inline'' ''self'''
      Content-Type:
      - application/json; charset=utf-8
      Date:
      - Thu, 07 Nov 2019 22:41:32 GMT
      ETag:
      - W/"19490dda8910b9c812a38770343bdc5d"
      Foreman_api_version:
      - '2'
      Foreman_version:
      - 1.22.1
      Server:
      - Apache
      Status:
      - 200 OK
      Strict-Transport-Security:
      - max-age=631139040; includeSubdomains
      Transfer-Encoding:
      - chunked
      Vary:
      - Accept-Encoding
      X-Content-Type-Options:
      - nosniff
      X-Download-Options:
      - noopen
      X-Frame-Options:
      - sameorigin
      X-Permitted-Cross-Domain-Policies:
      - none
      X-Powered-By:
      - Phusion Passenger 4.0.53
      X-Request-Id:
      - 150895f0-00b5-460e-9864-063dc80b37fe
      X-Runtime:
      - '0.098710'
      X-XSS-Protection:
      - 1; mode=block
    status:
      code: 200
      message: OK
- request:
    body: null
    headers:
      Accept:
      - application/json;version=2
      Cookie:
      - _session_id=e32d38158a10fafe09bb63af33e06780
    method: GET
    uri: https://127.0.0.1:4433/api/hostgroups?thin=False&search=title%3D%22New+host+group%2FNested+New+host+group+1%22&per_page=4294967296
  response:
    body:
      string: "{\n  \"total\": 5,\n  \"subtotal\": 1,\n  \"page\": 1,\n  \"per_page\"\
        : 4294967296,\n  \"search\": \"title=\\\"New host group/Nested New host group\
        \ 1\\\"\",\n  \"sort\": {\n    \"by\": null,\n    \"order\": null\n  },\n\
        \  \"results\": [{\"subnet_id\":null,\"subnet_name\":\"Test subnet4\",\"operatingsystem_id\"\
        :null,\"operatingsystem_name\":\"TestOS 7.6\",\"domain_id\":null,\"domain_name\"\
        :\"foo.example.com\",\"environment_id\":null,\"environment_name\":\"production\"\
        ,\"compute_profile_id\":null,\"compute_profile_name\":\"myprofile\",\"ancestry\"\
        :\"27\",\"parent_id\":27,\"parent_name\":\"New host group\",\"ptable_id\"\
        :null,\"ptable_name\":\"Part table\",\"medium_id\":null,\"medium_name\":\"\
        TestOS Mirror\",\"pxe_loader\":\"Grub2 UEFI\",\"subnet6_id\":null,\"subnet6_name\"\
        :null,\"architecture_id\":null,\"architecture_name\":\"x86_64\",\"realm_id\"\
        :null,\"realm_name\":null,\"created_at\":\"2019-11-07 22:41:30 UTC\",\"updated_at\"\
        :\"2019-11-07 22:41:30 UTC\",\"id\":32,\"name\":\"Nested New host group 1\"\
        ,\"title\":\"New host group/Nested New host group 1\",\"description\":null,\"\
        puppet_proxy_id\":null,\"puppet_proxy_name\":\"foreman.example.com\",\"puppet_ca_proxy_id\"\
        :null,\"puppet_ca_proxy_name\":\"foreman.example.com\",\"puppet_proxy\":{\"\
        name\":\"foreman.example.com\",\"id\":1,\"url\":\"https://foreman.example.com:9090\"\
        },\"puppet_ca_proxy\":{\"name\":\"foreman.example.com\",\"id\":1,\"url\":\"\
        https://foreman.example.com:9090\"}}]\n}\n"
    headers:
      Cache-Control:
      - max-age=0, private, must-revalidate
      Content-Security-Policy:
      - 'default-src ''self''; child-src ''self''; connect-src ''self'' ws: wss:;
        img-src ''self'' data: *.gravatar.com; script-src ''unsafe-eval'' ''unsafe-inline''
        ''self''; style-src ''unsafe-inline'' ''self'''
      Content-Type:
      - application/json; charset=utf-8
      Date:
      - Thu, 07 Nov 2019 22:41:32 GMT
      ETag:
      - W/"0b61723268e84b937aeaf48e8c5242a9"
      Foreman_api_version:
      - '2'
      Foreman_version:
      - 1.22.1
      Server:
      - Apache
      Status:
      - 200 OK
      Strict-Transport-Security:
      - max-age=631139040; includeSubdomains
      Transfer-Encoding:
      - chunked
      Vary:
      - Accept-Encoding
      X-Content-Type-Options:
      - nosniff
      X-Download-Options:
      - noopen
      X-Frame-Options:
      - sameorigin
      X-Permitted-Cross-Domain-Policies:
      - none
      X-Powered-By:
      - Phusion Passenger 4.0.53
      X-Request-Id:
      - 6558f7ec-6f49-444a-9ac6-edc9cd7d83e8
      X-Runtime:
      - '0.167456'
      X-XSS-Protection:
      - 1; mode=block
    status:
      code: 200
      message: OK
- request:
    body: null
    headers:
      Accept:
      - application/json;version=2
      Cookie:
      - _session_id=e32d38158a10fafe09bb63af33e06780
    method: GET
    uri: https://127.0.0.1:4433/api/hostgroups/32
  response:
    body:
      string: '{"content_source_id":null,"content_source_name":null,"content_view_id":null,"content_view_name":null,"lifecycle_environment_id":null,"lifecycle_environment_name":null,"kickstart_repository_id":null,"kickstart_repository_name":null,"subnet_id":null,"subnet_name":"Test
        subnet4","operatingsystem_id":null,"operatingsystem_name":"TestOS 7.6","domain_id":null,"domain_name":"foo.example.com","environment_id":null,"environment_name":"production","compute_profile_id":null,"compute_profile_name":"myprofile","ancestry":"27","parent_id":27,"parent_name":"New
        host group","ptable_id":null,"ptable_name":"Part table","medium_id":null,"medium_name":"TestOS
        Mirror","pxe_loader":"Grub2 UEFI","subnet6_id":null,"subnet6_name":null,"architecture_id":null,"architecture_name":"x86_64","realm_id":null,"realm_name":null,"created_at":"2019-11-07
        22:41:30 UTC","updated_at":"2019-11-07 22:41:30 UTC","id":32,"name":"Nested
        New host group 1","title":"New host group/Nested New host group 1","description":null,"puppet_proxy_id":null,"puppet_proxy_name":"foreman.example.com","puppet_ca_proxy_id":null,"puppet_ca_proxy_name":"foreman.example.com","puppet_proxy":{"name":"foreman.example.com","id":1,"url":"https://foreman.example.com:9090"},"puppet_ca_proxy":{"name":"foreman.example.com","id":1,"url":"https://foreman.example.com:9090"},"parameters":[],"template_combinations":[],"puppetclasses":[],"config_groups":[],"all_puppetclasses":[],"locations":[],"organizations":[]}'
    headers:
      Cache-Control:
      - max-age=0, private, must-revalidate
      Content-Security-Policy:
      - 'default-src ''self''; child-src ''self''; connect-src ''self'' ws: wss:;
        img-src ''self'' data: *.gravatar.com; script-src ''unsafe-eval'' ''unsafe-inline''
        ''self''; style-src ''unsafe-inline'' ''self'''
      Content-Type:
      - application/json; charset=utf-8
      Date:
      - Thu, 07 Nov 2019 22:41:32 GMT
      ETag:
      - W/"6def5c28e6e25555dfd63ad4fea874d9"
      Foreman_api_version:
      - '2'
      Foreman_version:
      - 1.22.1
      Server:
      - Apache
      Status:
      - 200 OK
      Strict-Transport-Security:
      - max-age=631139040; includeSubdomains
      Transfer-Encoding:
      - chunked
      Vary:
      - Accept-Encoding
      X-Content-Type-Options:
      - nosniff
      X-Download-Options:
      - noopen
      X-Frame-Options:
      - sameorigin
      X-Permitted-Cross-Domain-Policies:
      - none
      X-Powered-By:
      - Phusion Passenger 4.0.53
      X-Request-Id:
      - 43cf35de-f02b-47f1-b9f3-3b0366082b99
      X-Runtime:
      - '0.244763'
      X-XSS-Protection:
      - 1; mode=block
    status:
      code: 200
      message: OK
- request:
    body: '{"hostgroup": {"name": "Nested New host group 10"}}'
    headers:
      Accept:
      - application/json;version=2
      Content-Length:
      - '51'
      Content-Type:
      - application/json
      Cookie:
      - _session_id=e32d38158a10fafe09bb63af33e06780
    method: PUT
    uri: https://127.0.0.1:4433/api/hostgroups/32
  response:
    body:
      string: '{"subnet_id":null,"subnet_name":"Test subnet4","operatingsystem_id":null,"operatingsystem_name":"TestOS
        7.6","domain_id":null,"domain_name":"foo.example.com","environment_id":null,"environment_name":"production","compute_profile_id":null,"compute_profile_name":"myprofile","ancestry":"27","parent_id":27,"parent_name":"New
        host group","ptable_id":null,"ptable_name":"Part table","medium_id":null,"medium_name":"TestOS
        Mirror","pxe_loader":"Grub2 UEFI","subnet6_id":null,"subnet6_name":null,"architecture_id":null,"architecture_name":"x86_64","realm_id":null,"realm_name":null,"created_at":"2019-11-07
        22:41:30 UTC","updated_at":"2019-11-07 22:41:33 UTC","id":32,"name":"Nested
        New host group 10","title":"New host group/Nested New host group 10","description":null,"puppet_proxy_id":null,"puppet_proxy_name":"foreman.example.com","puppet_ca_proxy_id":null,"puppet_ca_proxy_name":"foreman.example.com","puppet_proxy":{"name":"foreman.example.com","id":1,"url":"https://foreman.example.com:9090"},"puppet_ca_proxy":{"name":"foreman.example.com","id":1,"url":"https://foreman.example.com:9090"},"parameters":[],"template_combinations":[],"puppetclasses":[],"config_groups":[],"all_puppetclasses":[],"locations":[],"organizations":[]}'
    headers:
      Cache-Control:
      - max-age=0, private, must-revalidate
      Content-Security-Policy:
      - 'default-src ''self''; child-src ''self''; connect-src ''self'' ws: wss:;
        img-src ''self'' data: *.gravatar.com; script-src ''unsafe-eval'' ''unsafe-inline''
        ''self''; style-src ''unsafe-inline'' ''self'''
      Content-Type:
      - application/json; charset=utf-8
      Date:
      - Thu, 07 Nov 2019 22:41:33 GMT
      ETag:
      - W/"cb4b6d08787fb6ebc77cf53629299015"
      Foreman_api_version:
      - '2'
      Foreman_version:
      - 1.22.1
      Server:
      - Apache
      Set-Cookie:
      - request_method=PUT; path=/; secure; HttpOnly; SameSite=Lax
      Status:
      - 200 OK
      Strict-Transport-Security:
      - max-age=631139040; includeSubdomains
      Transfer-Encoding:
      - chunked
      Vary:
      - Accept-Encoding
      X-Content-Type-Options:
      - nosniff
      X-Download-Options:
      - noopen
      X-Frame-Options:
      - sameorigin
      X-Permitted-Cross-Domain-Policies:
      - none
      X-Powered-By:
      - Phusion Passenger 4.0.53
      X-Request-Id:
      - bb644b26-0c41-4483-9007-0c7e0796ee22
      X-Runtime:
      - '0.774526'
      X-XSS-Protection:
      - 1; mode=block
    status:
      code: 200
      message: OK
version: 1
