interactions:
- request:
    body: null
    headers:
      Accept: [application/json;version=2]
    method: GET
    uri: https://foreman.example.com/api/status
  response:
    body: {string: !!python/unicode '{"result":"ok","status":200,"version":"1.22.0","api_version":2}'}
    headers:
      apipie-checksum: [a4d0e078d6a68d7651b77beaa06ba647e859711a]
      cache-control: ['max-age=0, private, must-revalidate']
      content-length: ['63']
      content-security-policy: ['default-src ''self''; child-src ''self''; connect-src
          ''self'' ws: wss:; img-src ''self'' data: *.gravatar.com; script-src ''unsafe-eval''
          ''unsafe-inline'' ''self''; style-src ''unsafe-inline'' ''self''']
      content-type: [application/json; charset=utf-8]
      date: ['Mon, 22 Jul 2019 13:58:43 GMT']
      etag: [W/"674e9dbc2140c688b559566b581c5c09"]
      foreman_api_version: ['2']
      foreman_version: [1.22.0]
      server: [Apache]
      set-cookie: [_session_id=fa857d08561c83510ecd260202d16f9a; path=/; secure; HttpOnly;
          SameSite=Lax]
      status: [200 OK]
      strict-transport-security: [max-age=631139040; includeSubdomains]
      x-content-type-options: [nosniff]
      x-download-options: [noopen]
      x-frame-options: [sameorigin]
      x-permitted-cross-domain-policies: [none]
      x-powered-by: [Phusion Passenger 4.0.53]
      x-request-id: [70b07d47-8d1b-4520-a083-aacaa4b9d0e2]
      x-runtime: ['0.029537']
      x-xss-protection: [1; mode=block]
    status: {code: 200, message: OK}
- request:
    body: null
    headers:
      Accept: [application/json;version=2]
      Cookie: [_session_id=fa857d08561c83510ecd260202d16f9a]
    method: GET
    uri: https://foreman.example.com/api/organizations?per_page=4294967296&search=name%3D%22Test+Org1%22&thin=True
  response:
    body: {string: !!python/unicode "{\n  \"total\": 3,\n  \"subtotal\": 1,\n  \"page\":
        1,\n  \"per_page\": 4294967296,\n  \"search\": \"name=\\\"Test Org1\\\"\",\n
        \ \"sort\": {\n    \"by\": null,\n    \"order\": null\n  },\n  \"results\":
        [{\"ancestry\":null,\"parent_id\":null,\"parent_name\":null,\"created_at\":\"2019-07-22
        13:55:44 UTC\",\"updated_at\":\"2019-07-22 13:55:44 UTC\",\"id\":38,\"name\":\"Test
        Org1\",\"title\":\"Test Org1\",\"description\":\"A test organization\"}]\n}\n"}
    headers:
      apipie-checksum: [a4d0e078d6a68d7651b77beaa06ba647e859711a]
      cache-control: ['max-age=0, private, must-revalidate']
      content-security-policy: ['default-src ''self''; child-src ''self''; connect-src
          ''self'' ws: wss:; img-src ''self'' data: *.gravatar.com; script-src ''unsafe-eval''
          ''unsafe-inline'' ''self''; style-src ''unsafe-inline'' ''self''']
      content-type: [application/json; charset=utf-8]
      date: ['Mon, 22 Jul 2019 13:58:43 GMT']
      etag: [W/"832299f5e79fad5f7213fe76e5647240"]
      foreman_api_version: ['2']
      foreman_version: [1.22.0]
      server: [Apache]
      status: [200 OK]
      strict-transport-security: [max-age=631139040; includeSubdomains]
      transfer-encoding: [chunked]
      vary: [Accept-Encoding]
      x-content-type-options: [nosniff]
      x-download-options: [noopen]
      x-frame-options: [sameorigin]
      x-permitted-cross-domain-policies: [none]
      x-powered-by: [Phusion Passenger 4.0.53]
      x-request-id: [89c844d5-8b9f-4e15-be04-fafd0894c3f9]
      x-runtime: ['0.019249']
      x-xss-protection: [1; mode=block]
    status: {code: 200, message: OK}
- request:
    body: null
    headers:
      Accept: [application/json;version=2]
      Cookie: [_session_id=fa857d08561c83510ecd260202d16f9a]
    method: GET
    uri: https://foreman.example.com/api/organizations?per_page=4294967296&search=name%3D%22Test+Org2%22&thin=True
  response:
    body: {string: !!python/unicode "{\n  \"total\": 3,\n  \"subtotal\": 1,\n  \"page\":
        1,\n  \"per_page\": 4294967296,\n  \"search\": \"name=\\\"Test Org2\\\"\",\n
        \ \"sort\": {\n    \"by\": null,\n    \"order\": null\n  },\n  \"results\":
        [{\"ancestry\":null,\"parent_id\":null,\"parent_name\":null,\"created_at\":\"2019-07-22
        13:55:45 UTC\",\"updated_at\":\"2019-07-22 13:55:45 UTC\",\"id\":39,\"name\":\"Test
        Org2\",\"title\":\"Test Org2\",\"description\":\"A test organization\"}]\n}\n"}
    headers:
      apipie-checksum: [a4d0e078d6a68d7651b77beaa06ba647e859711a]
      cache-control: ['max-age=0, private, must-revalidate']
      content-security-policy: ['default-src ''self''; child-src ''self''; connect-src
          ''self'' ws: wss:; img-src ''self'' data: *.gravatar.com; script-src ''unsafe-eval''
          ''unsafe-inline'' ''self''; style-src ''unsafe-inline'' ''self''']
      content-type: [application/json; charset=utf-8]
      date: ['Mon, 22 Jul 2019 13:58:43 GMT']
      etag: [W/"f2732312742dd4400022b70b23bccd53"]
      foreman_api_version: ['2']
      foreman_version: [1.22.0]
      server: [Apache]
      status: [200 OK]
      strict-transport-security: [max-age=631139040; includeSubdomains]
      transfer-encoding: [chunked]
      vary: [Accept-Encoding]
      x-content-type-options: [nosniff]
      x-download-options: [noopen]
      x-frame-options: [sameorigin]
      x-permitted-cross-domain-policies: [none]
      x-powered-by: [Phusion Passenger 4.0.53]
      x-request-id: [f8ae55ed-014c-4e31-9695-bc32ee175567]
      x-runtime: ['0.017851']
      x-xss-protection: [1; mode=block]
    status: {code: 200, message: OK}
- request:
    body: null
    headers:
      Accept: [application/json;version=2]
      Cookie: [_session_id=fa857d08561c83510ecd260202d16f9a]
    method: GET
    uri: https://foreman.example.com/api/locations?per_page=4294967296&search=title%3D%22Foo%22&thin=True
  response:
    body: {string: !!python/unicode "{\n  \"total\": 4,\n  \"subtotal\": 1,\n  \"page\":
        1,\n  \"per_page\": 4294967296,\n  \"search\": \"title=\\\"Foo\\\"\",\n  \"sort\":
        {\n    \"by\": null,\n    \"order\": null\n  },\n  \"results\": [{\"ancestry\":null,\"parent_id\":null,\"parent_name\":null,\"created_at\":\"2019-07-22
        09:34:29 UTC\",\"updated_at\":\"2019-07-22 09:34:29 UTC\",\"id\":3,\"name\":\"Foo\",\"title\":\"Foo\",\"description\":null}]\n}\n"}
    headers:
      apipie-checksum: [a4d0e078d6a68d7651b77beaa06ba647e859711a]
      cache-control: ['max-age=0, private, must-revalidate']
      content-security-policy: ['default-src ''self''; child-src ''self''; connect-src
          ''self'' ws: wss:; img-src ''self'' data: *.gravatar.com; script-src ''unsafe-eval''
          ''unsafe-inline'' ''self''; style-src ''unsafe-inline'' ''self''']
      content-type: [application/json; charset=utf-8]
      date: ['Mon, 22 Jul 2019 13:58:43 GMT']
      etag: [W/"d930dd013410ab29a44fb67ae3e55fb2"]
      foreman_api_version: ['2']
      foreman_version: [1.22.0]
      server: [Apache]
      status: [200 OK]
      strict-transport-security: [max-age=631139040; includeSubdomains]
      transfer-encoding: [chunked]
      vary: [Accept-Encoding]
      x-content-type-options: [nosniff]
      x-download-options: [noopen]
      x-frame-options: [sameorigin]
      x-permitted-cross-domain-policies: [none]
      x-powered-by: [Phusion Passenger 4.0.53]
      x-request-id: [85bd66cb-4de6-49b9-b03d-3fa2527b0a03]
      x-runtime: ['0.017701']
      x-xss-protection: [1; mode=block]
    status: {code: 200, message: OK}
- request:
    body: null
    headers:
      Accept: [application/json;version=2]
      Cookie: [_session_id=fa857d08561c83510ecd260202d16f9a]
    method: GET
    uri: https://foreman.example.com/api/locations?per_page=4294967296&search=title%3D%22Foo%2FBaz%22&thin=True
  response:
    body: {string: !!python/unicode "{\n  \"total\": 4,\n  \"subtotal\": 1,\n  \"page\":
        1,\n  \"per_page\": 4294967296,\n  \"search\": \"title=\\\"Foo/Baz\\\"\",\n
        \ \"sort\": {\n    \"by\": null,\n    \"order\": null\n  },\n  \"results\":
        [{\"ancestry\":\"3\",\"parent_id\":3,\"parent_name\":\"Foo\",\"created_at\":\"2019-07-22
        13:55:41 UTC\",\"updated_at\":\"2019-07-22 13:55:41 UTC\",\"id\":36,\"name\":\"Baz\",\"title\":\"Foo/Baz\",\"description\":null}]\n}\n"}
    headers:
      apipie-checksum: [a4d0e078d6a68d7651b77beaa06ba647e859711a]
      cache-control: ['max-age=0, private, must-revalidate']
      content-security-policy: ['default-src ''self''; child-src ''self''; connect-src
          ''self'' ws: wss:; img-src ''self'' data: *.gravatar.com; script-src ''unsafe-eval''
          ''unsafe-inline'' ''self''; style-src ''unsafe-inline'' ''self''']
      content-type: [application/json; charset=utf-8]
      date: ['Mon, 22 Jul 2019 13:58:43 GMT']
      etag: [W/"b99b3c5bcebc20e02c0c80bbc33b3ff2"]
      foreman_api_version: ['2']
      foreman_version: [1.22.0]
      server: [Apache]
      status: [200 OK]
      strict-transport-security: [max-age=631139040; includeSubdomains]
      transfer-encoding: [chunked]
      vary: [Accept-Encoding]
      x-content-type-options: [nosniff]
      x-download-options: [noopen]
      x-frame-options: [sameorigin]
      x-permitted-cross-domain-policies: [none]
      x-powered-by: [Phusion Passenger 4.0.53]
      x-request-id: [65c916a7-290e-4092-bfe1-000e6cee324f]
      x-runtime: ['0.018565']
      x-xss-protection: [1; mode=block]
    status: {code: 200, message: OK}
- request:
    body: null
    headers:
      Accept: [application/json;version=2]
      Cookie: [_session_id=fa857d08561c83510ecd260202d16f9a]
    method: GET
    uri: https://foreman.example.com/api/locations?per_page=4294967296&search=title%3D%22Bar%22&thin=True
  response:
    body: {string: !!python/unicode "{\n  \"total\": 4,\n  \"subtotal\": 1,\n  \"page\":
        1,\n  \"per_page\": 4294967296,\n  \"search\": \"title=\\\"Bar\\\"\",\n  \"sort\":
        {\n    \"by\": null,\n    \"order\": null\n  },\n  \"results\": [{\"ancestry\":null,\"parent_id\":null,\"parent_name\":null,\"created_at\":\"2019-07-22
        13:55:43 UTC\",\"updated_at\":\"2019-07-22 13:55:43 UTC\",\"id\":37,\"name\":\"Bar\",\"title\":\"Bar\",\"description\":null}]\n}\n"}
    headers:
      apipie-checksum: [a4d0e078d6a68d7651b77beaa06ba647e859711a]
      cache-control: ['max-age=0, private, must-revalidate']
      content-security-policy: ['default-src ''self''; child-src ''self''; connect-src
          ''self'' ws: wss:; img-src ''self'' data: *.gravatar.com; script-src ''unsafe-eval''
          ''unsafe-inline'' ''self''; style-src ''unsafe-inline'' ''self''']
      content-type: [application/json; charset=utf-8]
      date: ['Mon, 22 Jul 2019 13:58:43 GMT']
      etag: [W/"a9cfc8a4e289e5b25e714f2edad93ff6"]
      foreman_api_version: ['2']
      foreman_version: [1.22.0]
      server: [Apache]
      status: [200 OK]
      strict-transport-security: [max-age=631139040; includeSubdomains]
      transfer-encoding: [chunked]
      vary: [Accept-Encoding]
      x-content-type-options: [nosniff]
      x-download-options: [noopen]
      x-frame-options: [sameorigin]
      x-permitted-cross-domain-policies: [none]
      x-powered-by: [Phusion Passenger 4.0.53]
      x-request-id: [7c3713f2-ceea-450c-8a89-331ed8a30404]
      x-runtime: ['0.017331']
      x-xss-protection: [1; mode=block]
    status: {code: 200, message: OK}
- request:
    body: null
    headers:
      Accept: [application/json;version=2]
      Cookie: [_session_id=fa857d08561c83510ecd260202d16f9a]
    method: GET
    uri: https://foreman.example.com/api/compute_resources?per_page=4294967296&search=name%3D%22libvirt-cr%22&thin=True
  response:
    body: {string: !!python/unicode "{\n  \"total\": 1,\n  \"subtotal\": 1,\n  \"page\":
        1,\n  \"per_page\": 4294967296,\n  \"search\": \"name=\\\"libvirt-cr\\\"\",\n
        \ \"sort\": {\n    \"by\": null,\n    \"order\": null\n  },\n  \"results\":
        [{\"description\":null,\"url\":\"qemu:///system\",\"created_at\":\"2019-07-22
        13:45:12 UTC\",\"updated_at\":\"2019-07-22 13:45:12 UTC\",\"id\":1,\"name\":\"libvirt-cr\",\"provider\":\"Libvirt\",\"provider_friendly_name\":\"Libvirt\",\"display_type\":\"vnc\",\"set_console_password\":true}]\n}\n"}
    headers:
      apipie-checksum: [a4d0e078d6a68d7651b77beaa06ba647e859711a]
      cache-control: ['max-age=0, private, must-revalidate']
      content-security-policy: ['default-src ''self''; child-src ''self''; connect-src
          ''self'' ws: wss:; img-src ''self'' data: *.gravatar.com; script-src ''unsafe-eval''
          ''unsafe-inline'' ''self''; style-src ''unsafe-inline'' ''self''']
      content-type: [application/json; charset=utf-8]
      date: ['Mon, 22 Jul 2019 13:58:43 GMT']
      etag: [W/"b4debf7c71cc3a3893735a5d4718594d"]
      foreman_api_version: ['2']
      foreman_version: [1.22.0]
      server: [Apache]
      status: [200 OK]
      strict-transport-security: [max-age=631139040; includeSubdomains]
      transfer-encoding: [chunked]
      vary: [Accept-Encoding]
      x-content-type-options: [nosniff]
      x-download-options: [noopen]
      x-frame-options: [sameorigin]
      x-permitted-cross-domain-policies: [none]
      x-powered-by: [Phusion Passenger 4.0.53]
      x-request-id: [f68951b5-f83f-4641-a29f-7a6268da1fa2]
      x-runtime: ['0.018550']
      x-xss-protection: [1; mode=block]
    status: {code: 200, message: OK}
- request:
    body: null
    headers:
      Accept: [application/json;version=2]
      Cookie: [_session_id=fa857d08561c83510ecd260202d16f9a]
    method: GET
    uri: https://foreman.example.com/api/compute_profiles?per_page=4294967296&search=name%3D%22myprofile%22&thin=True
  response:
    body: {string: !!python/unicode "{\n  \"total\": 4,\n  \"subtotal\": 1,\n  \"page\":
        1,\n  \"per_page\": 4294967296,\n  \"search\": \"name=\\\"myprofile\\\"\",\n
        \ \"sort\": {\n    \"by\": null,\n    \"order\": null\n  },\n  \"results\":
        [{\"created_at\":\"2019-07-22 13:55:53 UTC\",\"updated_at\":\"2019-07-22 13:55:53
        UTC\",\"id\":5,\"name\":\"myprofile\"}]\n}\n"}
    headers:
      apipie-checksum: [a4d0e078d6a68d7651b77beaa06ba647e859711a]
      cache-control: ['max-age=0, private, must-revalidate']
      content-security-policy: ['default-src ''self''; child-src ''self''; connect-src
          ''self'' ws: wss:; img-src ''self'' data: *.gravatar.com; script-src ''unsafe-eval''
          ''unsafe-inline'' ''self''; style-src ''unsafe-inline'' ''self''']
      content-type: [application/json; charset=utf-8]
      date: ['Mon, 22 Jul 2019 13:58:43 GMT']
      etag: [W/"432e543a1e6dd3a873bb48cda261fbc3"]
      foreman_api_version: ['2']
      foreman_version: [1.22.0]
      server: [Apache]
      status: [200 OK]
      strict-transport-security: [max-age=631139040; includeSubdomains]
      transfer-encoding: [chunked]
      vary: [Accept-Encoding]
      x-content-type-options: [nosniff]
      x-download-options: [noopen]
      x-frame-options: [sameorigin]
      x-permitted-cross-domain-policies: [none]
      x-powered-by: [Phusion Passenger 4.0.53]
      x-request-id: [9afa7f43-4460-40b8-9ccc-70249fd2f63b]
      x-runtime: ['0.017157']
      x-xss-protection: [1; mode=block]
    status: {code: 200, message: OK}
- request:
    body: null
    headers:
      Accept: [application/json;version=2]
      Cookie: [_session_id=fa857d08561c83510ecd260202d16f9a]
    method: GET
    uri: https://foreman.example.com/api/domains?per_page=4294967296&search=name%3D%22foo.example.com%22&thin=True
  response:
    body: {string: !!python/unicode "{\n  \"total\": 3,\n  \"subtotal\": 1,\n  \"page\":
        1,\n  \"per_page\": 4294967296,\n  \"search\": \"name=\\\"foo.example.com\\\"\",\n
        \ \"sort\": {\n    \"by\": null,\n    \"order\": null\n  },\n  \"results\":
        [{\"fullname\":null,\"created_at\":\"2019-07-22 13:55:47 UTC\",\"updated_at\":\"2019-07-22
        13:55:47 UTC\",\"id\":18,\"name\":\"foo.example.com\",\"dns_id\":2,\"dns\":{\"name\":\"centos7-devel.example.com\",\"id\":2,\"url\":\"https://centos7-devel.example.com:9090\"}}]\n}\n"}
    headers:
      apipie-checksum: [a4d0e078d6a68d7651b77beaa06ba647e859711a]
      cache-control: ['max-age=0, private, must-revalidate']
      content-security-policy: ['default-src ''self''; child-src ''self''; connect-src
          ''self'' ws: wss:; img-src ''self'' data: *.gravatar.com; script-src ''unsafe-eval''
          ''unsafe-inline'' ''self''; style-src ''unsafe-inline'' ''self''']
      content-type: [application/json; charset=utf-8]
      date: ['Mon, 22 Jul 2019 13:58:43 GMT']
      etag: [W/"7c24ac11673f51f54924fdcaaa76288a"]
      foreman_api_version: ['2']
      foreman_version: [1.22.0]
      server: [Apache]
      status: [200 OK]
      strict-transport-security: [max-age=631139040; includeSubdomains]
      transfer-encoding: [chunked]
      vary: [Accept-Encoding]
      x-content-type-options: [nosniff]
      x-download-options: [noopen]
      x-frame-options: [sameorigin]
      x-permitted-cross-domain-policies: [none]
      x-powered-by: [Phusion Passenger 4.0.53]
      x-request-id: [7b6aaf07-26dd-41d7-983d-8de94bb4ad00]
      x-runtime: ['0.019240']
      x-xss-protection: [1; mode=block]
    status: {code: 200, message: OK}
- request:
    body: null
    headers:
      Accept: [application/json;version=2]
      Cookie: [_session_id=fa857d08561c83510ecd260202d16f9a]
    method: GET
    uri: https://foreman.example.com/api/subnets?per_page=4294967296&search=name%3D%22Test+subnet4%22&thin=True
  response:
    body: {string: !!python/unicode "{\n  \"total\": 1,\n  \"subtotal\": 1,\n  \"page\":
        1,\n  \"per_page\": 4294967296,\n  \"search\": \"name=\\\"Test subnet4\\\"\",\n
        \ \"sort\": {\n    \"by\": null,\n    \"order\": null\n  },\n  \"results\":
        [{\"network\":\"192.168.200.0\",\"network_type\":\"IPv4\",\"cidr\":27,\"mask\":\"255.255.255.224\",\"priority\":null,\"vlanid\":null,\"mtu\":1500,\"gateway\":null,\"dns_primary\":null,\"dns_secondary\":null,\"from\":null,\"to\":null,\"created_at\":\"2019-07-22
        13:55:49 UTC\",\"updated_at\":\"2019-07-22 13:55:49 UTC\",\"ipam\":\"DHCP\",\"boot_mode\":\"DHCP\",\"id\":9,\"name\":\"Test
        subnet4\",\"description\":null,\"network_address\":\"192.168.200.0/27\",\"dhcp_id\":null,\"dhcp_name\":null,\"tftp_id\":null,\"tftp_name\":null,\"httpboot_id\":null,\"httpboot_name\":null,\"dns_id\":null,\"template_id\":null,\"template_name\":null,\"dhcp\":null,\"tftp\":null,\"httpboot\":null,\"dns\":null,\"template\":null}]\n}\n"}
    headers:
      apipie-checksum: [a4d0e078d6a68d7651b77beaa06ba647e859711a]
      cache-control: ['max-age=0, private, must-revalidate']
      content-security-policy: ['default-src ''self''; child-src ''self''; connect-src
          ''self'' ws: wss:; img-src ''self'' data: *.gravatar.com; script-src ''unsafe-eval''
          ''unsafe-inline'' ''self''; style-src ''unsafe-inline'' ''self''']
      content-type: [application/json; charset=utf-8]
      date: ['Mon, 22 Jul 2019 13:58:43 GMT']
      etag: [W/"2ace46ffb215a6b039902599998ed785"]
      foreman_api_version: ['2']
      foreman_version: [1.22.0]
      server: [Apache]
      status: [200 OK]
      strict-transport-security: [max-age=631139040; includeSubdomains]
      transfer-encoding: [chunked]
      vary: [Accept-Encoding]
      x-content-type-options: [nosniff]
      x-download-options: [noopen]
      x-frame-options: [sameorigin]
      x-permitted-cross-domain-policies: [none]
      x-powered-by: [Phusion Passenger 4.0.53]
      x-request-id: [29afd92c-952b-4641-b874-1916fc1134c7]
      x-runtime: ['0.018530']
      x-xss-protection: [1; mode=block]
    status: {code: 200, message: OK}
- request:
    body: null
    headers:
      Accept: [application/json;version=2]
      Cookie: [_session_id=fa857d08561c83510ecd260202d16f9a]
    method: GET
    uri: https://foreman.example.com/api/architectures?per_page=4294967296&search=name%3D%22x86_64%22&thin=True
  response:
    body: {string: !!python/unicode "{\n  \"total\": 2,\n  \"subtotal\": 1,\n  \"page\":
        1,\n  \"per_page\": 4294967296,\n  \"search\": \"name=\\\"x86_64\\\"\",\n
        \ \"sort\": {\n    \"by\": null,\n    \"order\": null\n  },\n  \"results\":
        [{\"created_at\":\"2019-07-22 08:56:47 UTC\",\"updated_at\":\"2019-07-22 08:56:47
        UTC\",\"name\":\"x86_64\",\"id\":1}]\n}\n"}
    headers:
      apipie-checksum: [a4d0e078d6a68d7651b77beaa06ba647e859711a]
      cache-control: ['max-age=0, private, must-revalidate']
      content-security-policy: ['default-src ''self''; child-src ''self''; connect-src
          ''self'' ws: wss:; img-src ''self'' data: *.gravatar.com; script-src ''unsafe-eval''
          ''unsafe-inline'' ''self''; style-src ''unsafe-inline'' ''self''']
      content-type: [application/json; charset=utf-8]
      date: ['Mon, 22 Jul 2019 13:58:43 GMT']
      etag: [W/"fed60974fa20a6f0827f23708be24386"]
      foreman_api_version: ['2']
      foreman_version: [1.22.0]
      server: [Apache]
      status: [200 OK]
      strict-transport-security: [max-age=631139040; includeSubdomains]
      transfer-encoding: [chunked]
      vary: [Accept-Encoding]
      x-content-type-options: [nosniff]
      x-download-options: [noopen]
      x-frame-options: [sameorigin]
      x-permitted-cross-domain-policies: [none]
      x-powered-by: [Phusion Passenger 4.0.53]
      x-request-id: [a3dda391-acf8-4370-adf9-aa5e6c1bc98b]
      x-runtime: ['0.017017']
      x-xss-protection: [1; mode=block]
    status: {code: 200, message: OK}
- request:
    body: null
    headers:
      Accept: [application/json;version=2]
      Cookie: [_session_id=fa857d08561c83510ecd260202d16f9a]
    method: GET
    uri: https://foreman.example.com/api/operatingsystems?per_page=4294967296&search=name%3D%22TestOS%22&thin=True
  response:
    body: {string: !!python/unicode "{\n  \"total\": 2,\n  \"subtotal\": 1,\n  \"page\":
        1,\n  \"per_page\": 4294967296,\n  \"search\": \"name=\\\"TestOS\\\"\",\n
        \ \"sort\": {\n    \"by\": null,\n    \"order\": null\n  },\n  \"results\":
        [{\"description\":null,\"major\":\"1\",\"minor\":\"2\",\"family\":\"Debian\",\"release_name\":\"reverse
        whip\",\"password_hash\":\"SHA256\",\"created_at\":\"2019-07-22 09:34:37 UTC\",\"updated_at\":\"2019-07-22
        09:34:37 UTC\",\"id\":2,\"name\":\"TestOS\",\"title\":\"TestOS 1.2\"}]\n}\n"}
    headers:
      apipie-checksum: [a4d0e078d6a68d7651b77beaa06ba647e859711a]
      cache-control: ['max-age=0, private, must-revalidate']
      content-security-policy: ['default-src ''self''; child-src ''self''; connect-src
          ''self'' ws: wss:; img-src ''self'' data: *.gravatar.com; script-src ''unsafe-eval''
          ''unsafe-inline'' ''self''; style-src ''unsafe-inline'' ''self''']
      content-type: [application/json; charset=utf-8]
      date: ['Mon, 22 Jul 2019 13:58:43 GMT']
      etag: [W/"d7c738e9585e8722eca355a010ad0c59"]
      foreman_api_version: ['2']
      foreman_version: [1.22.0]
      server: [Apache]
      status: [200 OK]
      strict-transport-security: [max-age=631139040; includeSubdomains]
      transfer-encoding: [chunked]
      vary: [Accept-Encoding]
      x-content-type-options: [nosniff]
      x-download-options: [noopen]
      x-frame-options: [sameorigin]
      x-permitted-cross-domain-policies: [none]
      x-powered-by: [Phusion Passenger 4.0.53]
      x-request-id: [05e215f3-e8f0-4591-8206-773cf42e5eaa]
      x-runtime: ['0.017741']
      x-xss-protection: [1; mode=block]
    status: {code: 200, message: OK}
- request:
    body: null
    headers:
      Accept: [application/json;version=2]
      Cookie: [_session_id=fa857d08561c83510ecd260202d16f9a]
    method: GET
    uri: https://foreman.example.com/api/media?per_page=4294967296&search=name%3D%22Temple+OS+1.0%22&thin=True
  response:
    body: {string: !!python/unicode "{\n  \"total\": 10,\n  \"subtotal\": 1,\n  \"page\":
        1,\n  \"per_page\": 4294967296,\n  \"search\": \"name=\\\"Temple OS 1.0\\\"\",\n
        \ \"sort\": {\n    \"by\": null,\n    \"order\": null\n  },\n  \"results\":
        [{\"path\":\"https://templeos.org/TempleOS.ISO\",\"os_family\":\"Debian\",\"created_at\":\"2019-07-22
        13:55:51 UTC\",\"updated_at\":\"2019-07-22 13:55:51 UTC\",\"id\":18,\"name\":\"Temple
        OS 1.0\"}]\n}\n"}
    headers:
      apipie-checksum: [a4d0e078d6a68d7651b77beaa06ba647e859711a]
      cache-control: ['max-age=0, private, must-revalidate']
      content-security-policy: ['default-src ''self''; child-src ''self''; connect-src
          ''self'' ws: wss:; img-src ''self'' data: *.gravatar.com; script-src ''unsafe-eval''
          ''unsafe-inline'' ''self''; style-src ''unsafe-inline'' ''self''']
      content-type: [application/json; charset=utf-8]
      date: ['Mon, 22 Jul 2019 13:58:43 GMT']
      etag: [W/"af916ce695c210924ce5757b384d3867"]
      foreman_api_version: ['2']
      foreman_version: [1.22.0]
      server: [Apache]
      status: [200 OK]
      strict-transport-security: [max-age=631139040; includeSubdomains]
      transfer-encoding: [chunked]
      vary: [Accept-Encoding]
      x-content-type-options: [nosniff]
      x-download-options: [noopen]
      x-frame-options: [sameorigin]
      x-permitted-cross-domain-policies: [none]
      x-powered-by: [Phusion Passenger 4.0.53]
      x-request-id: [0cd8708d-71d8-4273-aded-b1084195fa35]
      x-runtime: ['0.017833']
      x-xss-protection: [1; mode=block]
    status: {code: 200, message: OK}
- request:
    body: null
    headers:
      Accept: [application/json;version=2]
      Cookie: [_session_id=fa857d08561c83510ecd260202d16f9a]
    method: GET
    uri: https://foreman.example.com/api/ptables?per_page=4294967296&search=name%3D%22Timetravel+finish%22&thin=True
  response:
    body: {string: !!python/unicode "{\n  \"total\": 16,\n  \"subtotal\": 1,\n  \"page\":
        1,\n  \"per_page\": 4294967296,\n  \"search\": \"name=\\\"Timetravel finish\\\"\",\n
        \ \"sort\": {\n    \"by\": null,\n    \"order\": null\n  },\n  \"results\":
        [{\"os_family\":null,\"created_at\":\"2019-07-22 13:55:50 UTC\",\"updated_at\":\"2019-07-22
        13:55:50 UTC\",\"name\":\"Timetravel finish\",\"id\":123}]\n}\n"}
    headers:
      apipie-checksum: [a4d0e078d6a68d7651b77beaa06ba647e859711a]
      cache-control: ['max-age=0, private, must-revalidate']
      content-security-policy: ['default-src ''self''; child-src ''self''; connect-src
          ''self'' ws: wss:; img-src ''self'' data: *.gravatar.com; script-src ''unsafe-eval''
          ''unsafe-inline'' ''self''; style-src ''unsafe-inline'' ''self''']
      content-type: [application/json; charset=utf-8]
      date: ['Mon, 22 Jul 2019 13:58:43 GMT']
      etag: [W/"cae193b66835027bb0cffbf66c1ea5ed"]
      foreman_api_version: ['2']
      foreman_version: [1.22.0]
      server: [Apache]
      status: [200 OK]
      strict-transport-security: [max-age=631139040; includeSubdomains]
      transfer-encoding: [chunked]
      vary: [Accept-Encoding]
      x-content-type-options: [nosniff]
      x-download-options: [noopen]
      x-frame-options: [sameorigin]
      x-permitted-cross-domain-policies: [none]
      x-powered-by: [Phusion Passenger 4.0.53]
      x-request-id: [1070a3fd-8193-4473-a126-40277abbafd2]
      x-runtime: ['0.018554']
      x-xss-protection: [1; mode=block]
    status: {code: 200, message: OK}
- request:
    body: null
    headers:
      Accept: [application/json;version=2]
      Cookie: [_session_id=fa857d08561c83510ecd260202d16f9a]
    method: GET
    uri: https://foreman.example.com/api/environments?per_page=4294967296&search=name%3D%22production%22&thin=True
  response:
    body: {string: !!python/unicode "{\n  \"total\": 1,\n  \"subtotal\": 1,\n  \"page\":
        1,\n  \"per_page\": 4294967296,\n  \"search\": \"name=\\\"production\\\"\",\n
        \ \"sort\": {\n    \"by\": null,\n    \"order\": null\n  },\n  \"results\":
        [{\"created_at\":\"2019-07-22 09:03:13 UTC\",\"updated_at\":\"2019-07-22 09:03:13
        UTC\",\"name\":\"production\",\"id\":1}]\n}\n"}
    headers:
      apipie-checksum: [a4d0e078d6a68d7651b77beaa06ba647e859711a]
      cache-control: ['max-age=0, private, must-revalidate']
      content-security-policy: ['default-src ''self''; child-src ''self''; connect-src
          ''self'' ws: wss:; img-src ''self'' data: *.gravatar.com; script-src ''unsafe-eval''
          ''unsafe-inline'' ''self''; style-src ''unsafe-inline'' ''self''']
      content-type: [application/json; charset=utf-8]
      date: ['Mon, 22 Jul 2019 13:58:43 GMT']
      etag: [W/"e5b8e9c6054ee6f315383ca68154cd21"]
      foreman_api_version: ['2']
      foreman_version: [1.22.0]
      server: [Apache]
      status: [200 OK]
      strict-transport-security: [max-age=631139040; includeSubdomains]
      transfer-encoding: [chunked]
      vary: [Accept-Encoding]
      x-content-type-options: [nosniff]
      x-download-options: [noopen]
      x-frame-options: [sameorigin]
      x-permitted-cross-domain-policies: [none]
      x-powered-by: [Phusion Passenger 4.0.53]
      x-request-id: [bfa0f2e5-d73c-48f6-ae2b-13f3a3447296]
      x-runtime: ['0.020176']
      x-xss-protection: [1; mode=block]
    status: {code: 200, message: OK}
- request:
    body: null
    headers:
      Accept: [application/json;version=2]
      Cookie: [_session_id=fa857d08561c83510ecd260202d16f9a]
    method: GET
    uri: https://foreman.example.com/api/smart_proxies?per_page=4294967296&search=name%3D%22foreman.example.com%22&thin=True
  response:
    body: {string: !!python/unicode "{\n  \"total\": 2,\n  \"subtotal\": 1,\n  \"page\":
        1,\n  \"per_page\": 4294967296,\n  \"search\": \"name=\\\"foreman.example.com\\\"\",\n
        \ \"sort\": {\n    \"by\": null,\n    \"order\": null\n  },\n  \"results\":
        [{\"created_at\":\"2019-07-22 09:03:05 UTC\",\"updated_at\":\"2019-07-22 09:03:05
        UTC\",\"name\":\"foreman.example.com\",\"id\":1,\"url\":\"https://foreman.example.com:9090\",\"download_policy\":\"on_demand\",\"features\":[{\"capabilities\":[],\"name\":\"Pulp\",\"id\":2},{\"capabilities\":[],\"name\":\"Templates\",\"id\":1},{\"capabilities\":[],\"name\":\"TFTP\",\"id\":5},{\"capabilities\":[],\"name\":\"Puppet
        CA\",\"id\":9},{\"capabilities\":[],\"name\":\"Puppet\",\"id\":8},{\"capabilities\":[],\"name\":\"Logs\",\"id\":13},{\"capabilities\":[],\"name\":\"HTTPBoot\",\"id\":14}]}]\n}\n"}
    headers:
      apipie-checksum: [a4d0e078d6a68d7651b77beaa06ba647e859711a]
      cache-control: ['max-age=0, private, must-revalidate']
      content-security-policy: ['default-src ''self''; child-src ''self''; connect-src
          ''self'' ws: wss:; img-src ''self'' data: *.gravatar.com; script-src ''unsafe-eval''
          ''unsafe-inline'' ''self''; style-src ''unsafe-inline'' ''self''']
      content-type: [application/json; charset=utf-8]
      date: ['Mon, 22 Jul 2019 13:58:43 GMT']
      etag: [W/"e8cb1a613e9ff8de6ede08175e74b29b"]
      foreman_api_version: ['2']
      foreman_version: [1.22.0]
      server: [Apache]
      status: [200 OK]
      strict-transport-security: [max-age=631139040; includeSubdomains]
      transfer-encoding: [chunked]
      vary: [Accept-Encoding]
      x-content-type-options: [nosniff]
      x-download-options: [noopen]
      x-frame-options: [sameorigin]
      x-permitted-cross-domain-policies: [none]
      x-powered-by: [Phusion Passenger 4.0.53]
      x-request-id: [2aad4865-ffc2-4fb4-9ef2-07994ecf96ce]
      x-runtime: ['0.021798']
      x-xss-protection: [1; mode=block]
    status: {code: 200, message: OK}
- request:
    body: null
    headers:
      Accept: [application/json;version=2]
      Cookie: [_session_id=fa857d08561c83510ecd260202d16f9a]
    method: GET
    uri: https://foreman.example.com/api/smart_proxies?per_page=4294967296&search=name%3D%22foreman.example.com%22&thin=True
  response:
    body: {string: !!python/unicode "{\n  \"total\": 2,\n  \"subtotal\": 1,\n  \"page\":
        1,\n  \"per_page\": 4294967296,\n  \"search\": \"name=\\\"foreman.example.com\\\"\",\n
        \ \"sort\": {\n    \"by\": null,\n    \"order\": null\n  },\n  \"results\":
        [{\"created_at\":\"2019-07-22 09:03:05 UTC\",\"updated_at\":\"2019-07-22 09:03:05
        UTC\",\"name\":\"foreman.example.com\",\"id\":1,\"url\":\"https://foreman.example.com:9090\",\"download_policy\":\"on_demand\",\"features\":[{\"capabilities\":[],\"name\":\"Pulp\",\"id\":2},{\"capabilities\":[],\"name\":\"Templates\",\"id\":1},{\"capabilities\":[],\"name\":\"TFTP\",\"id\":5},{\"capabilities\":[],\"name\":\"Puppet
        CA\",\"id\":9},{\"capabilities\":[],\"name\":\"Puppet\",\"id\":8},{\"capabilities\":[],\"name\":\"Logs\",\"id\":13},{\"capabilities\":[],\"name\":\"HTTPBoot\",\"id\":14}]}]\n}\n"}
    headers:
      apipie-checksum: [a4d0e078d6a68d7651b77beaa06ba647e859711a]
      cache-control: ['max-age=0, private, must-revalidate']
      content-security-policy: ['default-src ''self''; child-src ''self''; connect-src
          ''self'' ws: wss:; img-src ''self'' data: *.gravatar.com; script-src ''unsafe-eval''
          ''unsafe-inline'' ''self''; style-src ''unsafe-inline'' ''self''']
      content-type: [application/json; charset=utf-8]
      date: ['Mon, 22 Jul 2019 13:58:43 GMT']
      etag: [W/"e8cb1a613e9ff8de6ede08175e74b29b"]
      foreman_api_version: ['2']
      foreman_version: [1.22.0]
      server: [Apache]
      status: [200 OK]
      strict-transport-security: [max-age=631139040; includeSubdomains]
      transfer-encoding: [chunked]
      vary: [Accept-Encoding]
      x-content-type-options: [nosniff]
      x-download-options: [noopen]
      x-frame-options: [sameorigin]
      x-permitted-cross-domain-policies: [none]
      x-powered-by: [Phusion Passenger 4.0.53]
      x-request-id: [3fb0a156-a34f-4c33-bb52-4a62a6a94818]
      x-runtime: ['0.021182']
      x-xss-protection: [1; mode=block]
    status: {code: 200, message: OK}
- request:
    body: null
    headers:
      Accept: [application/json;version=2]
      Cookie: [_session_id=fa857d08561c83510ecd260202d16f9a]
    method: GET
    uri: https://foreman.example.com/api/hostgroups?per_page=4294967296&search=title%3D%22New+host+group%22&thin=False
  response:
    body: {string: !!python/unicode "{\n  \"total\": 1,\n  \"subtotal\": 1,\n  \"page\":
        1,\n  \"per_page\": 4294967296,\n  \"search\": \"title=\\\"New host group\\\"\",\n
        \ \"sort\": {\n    \"by\": null,\n    \"order\": null\n  },\n  \"results\":
        [{\"subnet_id\":9,\"subnet_name\":\"Test subnet4\",\"operatingsystem_id\":2,\"operatingsystem_name\":\"TestOS
        1.2\",\"domain_id\":18,\"domain_name\":\"foo.example.com\",\"environment_id\":1,\"environment_name\":\"production\",\"compute_profile_id\":5,\"compute_profile_name\":\"myprofile\",\"ancestry\":null,\"parent_id\":null,\"parent_name\":null,\"ptable_id\":123,\"ptable_name\":\"Timetravel
        finish\",\"medium_id\":18,\"medium_name\":\"Temple OS 1.0\",\"pxe_loader\":\"Grub2
        UEFI\",\"subnet6_id\":null,\"subnet6_name\":null,\"architecture_id\":1,\"architecture_name\":\"x86_64\",\"realm_id\":null,\"realm_name\":null,\"created_at\":\"2019-07-22
        13:58:42 UTC\",\"updated_at\":\"2019-07-22 13:58:42 UTC\",\"id\":52,\"name\":\"New
        host group\",\"title\":\"New host group\",\"description\":\"New host group\",\"puppet_proxy_id\":1,\"puppet_proxy_name\":\"foreman.example.com\",\"puppet_ca_proxy_id\":1,\"puppet_ca_proxy_name\":\"foreman.example.com\",\"openscap_proxy_id\":null,\"openscap_proxy_name\":null,\"puppet_proxy\":{\"name\":\"foreman.example.com\",\"id\":1,\"url\":\"https://foreman.example.com:9090\"},\"puppet_ca_proxy\":{\"name\":\"foreman.example.com\",\"id\":1,\"url\":\"https://foreman.example.com:9090\"},\"openscap_proxy\":null}]\n}\n"}
    headers:
      apipie-checksum: [a4d0e078d6a68d7651b77beaa06ba647e859711a]
      cache-control: ['max-age=0, private, must-revalidate']
      content-security-policy: ['default-src ''self''; child-src ''self''; connect-src
          ''self'' ws: wss:; img-src ''self'' data: *.gravatar.com; script-src ''unsafe-eval''
          ''unsafe-inline'' ''self''; style-src ''unsafe-inline'' ''self''']
      content-type: [application/json; charset=utf-8]
      date: ['Mon, 22 Jul 2019 13:58:43 GMT']
      etag: [W/"69ee43647528fe16f593e9c34377eb27"]
      foreman_api_version: ['2']
      foreman_version: [1.22.0]
      server: [Apache]
      status: [200 OK]
      strict-transport-security: [max-age=631139040; includeSubdomains]
      transfer-encoding: [chunked]
      vary: [Accept-Encoding]
      x-content-type-options: [nosniff]
      x-download-options: [noopen]
      x-frame-options: [sameorigin]
      x-permitted-cross-domain-policies: [none]
      x-powered-by: [Phusion Passenger 4.0.53]
      x-request-id: [f834898c-b1dd-4507-a0c4-4a71dfb45ee9]
      x-runtime: ['0.032150']
      x-xss-protection: [1; mode=block]
    status: {code: 200, message: OK}
- request:
    body: null
    headers:
      Accept: [application/json;version=2]
      Cookie: [_session_id=fa857d08561c83510ecd260202d16f9a]
    method: GET
    uri: https://foreman.example.com/api/hostgroups/52
  response:
    body: {string: !!python/unicode '{"content_source_id":null,"content_source_name":null,"content_view_id":null,"content_view_name":null,"lifecycle_environment_id":null,"lifecycle_environment_name":null,"kickstart_repository_id":null,"kickstart_repository_name":null,"subnet_id":9,"subnet_name":"Test
        subnet4","operatingsystem_id":2,"operatingsystem_name":"TestOS 1.2","domain_id":18,"domain_name":"foo.example.com","environment_id":1,"environment_name":"production","compute_profile_id":5,"compute_profile_name":"myprofile","ancestry":null,"parent_id":null,"parent_name":null,"ptable_id":123,"ptable_name":"Timetravel
        finish","medium_id":18,"medium_name":"Temple OS 1.0","pxe_loader":"Grub2 UEFI","subnet6_id":null,"subnet6_name":null,"architecture_id":1,"architecture_name":"x86_64","realm_id":null,"realm_name":null,"created_at":"2019-07-22
        13:58:42 UTC","updated_at":"2019-07-22 13:58:42 UTC","id":52,"name":"New host
        group","title":"New host group","description":"New host group","puppet_proxy_id":1,"puppet_proxy_name":"foreman.example.com","puppet_ca_proxy_id":1,"puppet_ca_proxy_name":"foreman.example.com","openscap_proxy_id":null,"openscap_proxy_name":null,"puppet_proxy":{"name":"foreman.example.com","id":1,"url":"https://foreman.example.com:9090"},"puppet_ca_proxy":{"name":"foreman.example.com","id":1,"url":"https://foreman.example.com:9090"},"openscap_proxy":null,"parameters":[],"template_combinations":[],"puppetclasses":[],"config_groups":[],"all_puppetclasses":[],"locations":[{"id":37,"name":"Bar","title":"Bar","description":null},{"id":3,"name":"Foo","title":"Foo","description":null},{"id":36,"name":"Baz","title":"Foo/Baz","description":null}],"organizations":[{"id":38,"name":"Test
        Org1","title":"Test Org1","description":"A test organization"},{"id":39,"name":"Test
        Org2","title":"Test Org2","description":"A test organization"}]}'}
    headers:
      apipie-checksum: [a4d0e078d6a68d7651b77beaa06ba647e859711a]
      cache-control: ['max-age=0, private, must-revalidate']
      content-security-policy: ['default-src ''self''; child-src ''self''; connect-src
          ''self'' ws: wss:; img-src ''self'' data: *.gravatar.com; script-src ''unsafe-eval''
          ''unsafe-inline'' ''self''; style-src ''unsafe-inline'' ''self''']
      content-type: [application/json; charset=utf-8]
      date: ['Mon, 22 Jul 2019 13:58:43 GMT']
      etag: [W/"63150f7249ac944cf2f01b52d24cd5d8"]
      foreman_api_version: ['2']
      foreman_version: [1.22.0]
      server: [Apache]
      status: [200 OK]
      strict-transport-security: [max-age=631139040; includeSubdomains]
      transfer-encoding: [chunked]
      vary: [Accept-Encoding]
      x-content-type-options: [nosniff]
      x-download-options: [noopen]
      x-frame-options: [sameorigin]
      x-permitted-cross-domain-policies: [none]
      x-powered-by: [Phusion Passenger 4.0.53]
      x-request-id: [7209128b-d19b-4e81-9c10-1a26f5b5c4ce]
      x-runtime: ['0.047045']
      x-xss-protection: [1; mode=block]
    status: {code: 200, message: OK}
version: 1
