interactions:
- request:
    body: null
    headers:
      Accept:
      - application/json;version=2
    method: GET
    uri: https://127.0.0.1:4433/api/status
  response:
    body:
      string: '{"result":"ok","status":200,"version":"1.22.1","api_version":2}'
    headers:
      Cache-Control:
      - max-age=0, private, must-revalidate
      Content-Length:
      - '63'
      Content-Security-Policy:
      - 'default-src ''self''; child-src ''self''; connect-src ''self'' ws: wss:;
        img-src ''self'' data: *.gravatar.com; script-src ''unsafe-eval'' ''unsafe-inline''
        ''self''; style-src ''unsafe-inline'' ''self'''
      Content-Type:
      - application/json; charset=utf-8
      Date:
      - Thu, 07 Nov 2019 22:41:11 GMT
      ETag:
      - W/"7462024e111aafa1fe0b7de16a6757f0"
      Foreman_api_version:
      - '2'
      Foreman_version:
      - 1.22.1
      Server:
      - Apache
      Set-Cookie:
      - _session_id=dd1bd5aa1f59cb0282f2e6fda09ba742; path=/; secure; HttpOnly; SameSite=Lax
      Status:
      - 200 OK
      Strict-Transport-Security:
      - max-age=631139040; includeSubdomains
      X-Content-Type-Options:
      - nosniff
      X-Download-Options:
      - noopen
      X-Frame-Options:
      - sameorigin
      X-Permitted-Cross-Domain-Policies:
      - none
      X-Powered-By:
      - Phusion Passenger 4.0.53
      X-Request-Id:
      - 6f3c8501-c876-47a5-993a-05b3eb848293
      X-Runtime:
      - '0.084006'
      X-XSS-Protection:
      - 1; mode=block
    status:
      code: 200
      message: OK
- request:
    body: null
    headers:
      Accept:
      - application/json;version=2
      Cookie:
      - _session_id=dd1bd5aa1f59cb0282f2e6fda09ba742
    method: GET
    uri: https://127.0.0.1:4433/api/hostgroups?thin=True&search=title%3D%22New+host+group%22&per_page=4294967296
  response:
    body:
      string: "{\n  \"total\": 3,\n  \"subtotal\": 1,\n  \"page\": 1,\n  \"per_page\"\
        : 4294967296,\n  \"search\": \"title=\\\"New host group\\\"\",\n  \"sort\"\
        : {\n    \"by\": null,\n    \"order\": null\n  },\n  \"results\": [{\"subnet_id\"\
        :3,\"subnet_name\":\"Test subnet4\",\"operatingsystem_id\":4,\"operatingsystem_name\"\
        :\"TestOS 7.6\",\"domain_id\":6,\"domain_name\":\"foo.example.com\",\"environment_id\"\
        :1,\"environment_name\":\"production\",\"compute_profile_id\":6,\"compute_profile_name\"\
        :\"myprofile\",\"ancestry\":null,\"parent_id\":null,\"parent_name\":null,\"\
        ptable_id\":117,\"ptable_name\":\"Part table\",\"medium_id\":12,\"medium_name\"\
        :\"TestOS Mirror\",\"pxe_loader\":\"Grub2 UEFI\",\"subnet6_id\":null,\"subnet6_name\"\
        :null,\"architecture_id\":1,\"architecture_name\":\"x86_64\",\"realm_id\"\
        :null,\"realm_name\":null,\"created_at\":\"2019-11-07 22:40:41 UTC\",\"updated_at\"\
        :\"2019-11-07 22:40:41 UTC\",\"id\":27,\"name\":\"New host group\",\"title\"\
        :\"New host group\",\"description\":\"New host group\",\"puppet_proxy_id\"\
        :1,\"puppet_proxy_name\":\"foreman.example.com\",\"puppet_ca_proxy_id\":1,\"\
        puppet_ca_proxy_name\":\"foreman.example.com\",\"puppet_proxy\":{\"name\"\
        :\"foreman.example.com\",\"id\":1,\"url\":\"https://foreman.example.com:9090\"\
        },\"puppet_ca_proxy\":{\"name\":\"foreman.example.com\",\"id\":1,\"url\":\"\
        https://foreman.example.com:9090\"}}]\n}\n"
    headers:
      Cache-Control:
      - max-age=0, private, must-revalidate
      Content-Security-Policy:
      - 'default-src ''self''; child-src ''self''; connect-src ''self'' ws: wss:;
        img-src ''self'' data: *.gravatar.com; script-src ''unsafe-eval'' ''unsafe-inline''
        ''self''; style-src ''unsafe-inline'' ''self'''
      Content-Type:
      - application/json; charset=utf-8
      Date:
      - Thu, 07 Nov 2019 22:41:11 GMT
      ETag:
      - W/"39b0cf3dfc15e7cae8d3854784cffb6d"
      Foreman_api_version:
      - '2'
      Foreman_version:
      - 1.22.1
      Server:
      - Apache
      Status:
      - 200 OK
      Strict-Transport-Security:
      - max-age=631139040; includeSubdomains
      Transfer-Encoding:
      - chunked
      Vary:
      - Accept-Encoding
      X-Content-Type-Options:
      - nosniff
      X-Download-Options:
      - noopen
      X-Frame-Options:
      - sameorigin
      X-Permitted-Cross-Domain-Policies:
      - none
      X-Powered-By:
      - Phusion Passenger 4.0.53
      X-Request-Id:
      - 56733023-d9d7-4d4b-83e5-1d3556650bd0
      X-Runtime:
      - '0.099671'
      X-XSS-Protection:
      - 1; mode=block
    status:
      code: 200
      message: OK
- request:
    body: null
    headers:
      Accept:
      - application/json;version=2
      Cookie:
      - _session_id=dd1bd5aa1f59cb0282f2e6fda09ba742
    method: GET
    uri: https://127.0.0.1:4433/api/locations?thin=True&search=title%3D%22Foo%22&per_page=4294967296
  response:
    body:
      string: "{\n  \"total\": 5,\n  \"subtotal\": 1,\n  \"page\": 1,\n  \"per_page\"\
        : 4294967296,\n  \"search\": \"title=\\\"Foo\\\"\",\n  \"sort\": {\n    \"\
        by\": null,\n    \"order\": null\n  },\n  \"results\": [{\"ancestry\":null,\"\
        parent_id\":null,\"parent_name\":null,\"created_at\":\"2019-10-22 17:43:26\
        \ UTC\",\"updated_at\":\"2019-10-22 17:43:26 UTC\",\"id\":34,\"name\":\"Foo\"\
        ,\"title\":\"Foo\",\"description\":null}]\n}\n"
    headers:
      Cache-Control:
      - max-age=0, private, must-revalidate
      Content-Security-Policy:
      - 'default-src ''self''; child-src ''self''; connect-src ''self'' ws: wss:;
        img-src ''self'' data: *.gravatar.com; script-src ''unsafe-eval'' ''unsafe-inline''
        ''self''; style-src ''unsafe-inline'' ''self'''
      Content-Type:
      - application/json; charset=utf-8
      Date:
      - Thu, 07 Nov 2019 22:41:12 GMT
      ETag:
      - W/"4d11207b5a3c1623d8c469b926727f65"
      Foreman_api_version:
      - '2'
      Foreman_version:
      - 1.22.1
      Server:
      - Apache
      Status:
      - 200 OK
      Strict-Transport-Security:
      - max-age=631139040; includeSubdomains
      Transfer-Encoding:
      - chunked
      Vary:
      - Accept-Encoding
      X-Content-Type-Options:
      - nosniff
      X-Download-Options:
      - noopen
      X-Frame-Options:
      - sameorigin
      X-Permitted-Cross-Domain-Policies:
      - none
      X-Powered-By:
      - Phusion Passenger 4.0.53
      X-Request-Id:
      - c2855211-d86d-45a8-8117-80a7fa0722b8
      X-Runtime:
      - '0.055686'
      X-XSS-Protection:
      - 1; mode=block
    status:
      code: 200
      message: OK
- request:
    body: null
    headers:
      Accept:
      - application/json;version=2
      Cookie:
      - _session_id=dd1bd5aa1f59cb0282f2e6fda09ba742
    method: GET
    uri: https://127.0.0.1:4433/api/locations?thin=True&search=title%3D%22Foo%2FBaz%22&per_page=4294967296
  response:
    body:
      string: "{\n  \"total\": 5,\n  \"subtotal\": 1,\n  \"page\": 1,\n  \"per_page\"\
        : 4294967296,\n  \"search\": \"title=\\\"Foo/Baz\\\"\",\n  \"sort\": {\n \
        \   \"by\": null,\n    \"order\": null\n  },\n  \"results\": [{\"ancestry\"\
        :\"34\",\"parent_id\":34,\"parent_name\":\"Foo\",\"created_at\":\"2019-11-07\
        \ 19:26:28 UTC\",\"updated_at\":\"2019-11-07 19:26:28 UTC\",\"id\":43,\"name\"\
        :\"Baz\",\"title\":\"Foo/Baz\",\"description\":null}]\n}\n"
    headers:
      Cache-Control:
      - max-age=0, private, must-revalidate
      Content-Security-Policy:
      - 'default-src ''self''; child-src ''self''; connect-src ''self'' ws: wss:;
        img-src ''self'' data: *.gravatar.com; script-src ''unsafe-eval'' ''unsafe-inline''
        ''self''; style-src ''unsafe-inline'' ''self'''
      Content-Type:
      - application/json; charset=utf-8
      Date:
      - Thu, 07 Nov 2019 22:41:12 GMT
      ETag:
      - W/"636a8096ae9abd91c57f8ead0ad0082a"
      Foreman_api_version:
      - '2'
      Foreman_version:
      - 1.22.1
      Server:
      - Apache
      Status:
      - 200 OK
      Strict-Transport-Security:
      - max-age=631139040; includeSubdomains
      Transfer-Encoding:
      - chunked
      Vary:
      - Accept-Encoding
      X-Content-Type-Options:
      - nosniff
      X-Download-Options:
      - noopen
      X-Frame-Options:
      - sameorigin
      X-Permitted-Cross-Domain-Policies:
      - none
      X-Powered-By:
      - Phusion Passenger 4.0.53
      X-Request-Id:
      - 4fd49e51-dca4-4c41-9460-8ed14d29505c
      X-Runtime:
      - '0.054887'
      X-XSS-Protection:
      - 1; mode=block
    status:
      code: 200
      message: OK
- request:
    body: null
    headers:
      Accept:
      - application/json;version=2
      Cookie:
      - _session_id=dd1bd5aa1f59cb0282f2e6fda09ba742
    method: GET
    uri: https://127.0.0.1:4433/api/locations?thin=True&search=title%3D%22Bar%22&per_page=4294967296
  response:
    body:
      string: "{\n  \"total\": 5,\n  \"subtotal\": 1,\n  \"page\": 1,\n  \"per_page\"\
        : 4294967296,\n  \"search\": \"title=\\\"Bar\\\"\",\n  \"sort\": {\n    \"\
        by\": null,\n    \"order\": null\n  },\n  \"results\": [{\"ancestry\":null,\"\
        parent_id\":null,\"parent_name\":null,\"created_at\":\"2019-11-07 19:26:32\
        \ UTC\",\"updated_at\":\"2019-11-07 19:26:32 UTC\",\"id\":44,\"name\":\"Bar\"\
        ,\"title\":\"Bar\",\"description\":null}]\n}\n"
    headers:
      Cache-Control:
      - max-age=0, private, must-revalidate
      Content-Security-Policy:
      - 'default-src ''self''; child-src ''self''; connect-src ''self'' ws: wss:;
        img-src ''self'' data: *.gravatar.com; script-src ''unsafe-eval'' ''unsafe-inline''
        ''self''; style-src ''unsafe-inline'' ''self'''
      Content-Type:
      - application/json; charset=utf-8
      Date:
      - Thu, 07 Nov 2019 22:41:12 GMT
      ETag:
      - W/"51e3885634a34800007b110218547147"
      Foreman_api_version:
      - '2'
      Foreman_version:
      - 1.22.1
      Server:
      - Apache
      Status:
      - 200 OK
      Strict-Transport-Security:
      - max-age=631139040; includeSubdomains
      Transfer-Encoding:
      - chunked
      Vary:
      - Accept-Encoding
      X-Content-Type-Options:
      - nosniff
      X-Download-Options:
      - noopen
      X-Frame-Options:
      - sameorigin
      X-Permitted-Cross-Domain-Policies:
      - none
      X-Powered-By:
      - Phusion Passenger 4.0.53
      X-Request-Id:
      - 0c5cc7da-297a-49ed-b131-77ddcfa074d8
      X-Runtime:
      - '0.052401'
      X-XSS-Protection:
      - 1; mode=block
    status:
      code: 200
      message: OK
- request:
    body: null
    headers:
      Accept:
      - application/json;version=2
      Cookie:
      - _session_id=dd1bd5aa1f59cb0282f2e6fda09ba742
    method: GET
    uri: https://127.0.0.1:4433/api/domains?thin=True&search=name%3D%22foo.example.com%22&per_page=4294967296
  response:
    body:
      string: "{\n  \"total\": 3,\n  \"subtotal\": 1,\n  \"page\": 1,\n  \"per_page\"\
        : 4294967296,\n  \"search\": \"name=\\\"foo.example.com\\\"\",\n  \"sort\"\
        : {\n    \"by\": null,\n    \"order\": null\n  },\n  \"results\": [{\"fullname\"\
        :null,\"created_at\":\"2019-11-07 19:26:45 UTC\",\"updated_at\":\"2019-11-07\
        \ 19:26:45 UTC\",\"id\":6,\"name\":\"foo.example.com\",\"dns_id\":1,\"dns\"\
        :{\"name\":\"foreman.example.com\",\"id\":1,\"url\":\"https://foreman.example.com:9090\"\
        }}]\n}\n"
    headers:
      Cache-Control:
      - max-age=0, private, must-revalidate
      Content-Security-Policy:
      - 'default-src ''self''; child-src ''self''; connect-src ''self'' ws: wss:;
        img-src ''self'' data: *.gravatar.com; script-src ''unsafe-eval'' ''unsafe-inline''
        ''self''; style-src ''unsafe-inline'' ''self'''
      Content-Type:
      - application/json; charset=utf-8
      Date:
      - Thu, 07 Nov 2019 22:41:12 GMT
      ETag:
      - W/"7de975416dbad2b27f7f103c0b0ada6a"
      Foreman_api_version:
      - '2'
      Foreman_version:
      - 1.22.1
      Server:
      - Apache
      Status:
      - 200 OK
      Strict-Transport-Security:
      - max-age=631139040; includeSubdomains
      Transfer-Encoding:
      - chunked
      Vary:
      - Accept-Encoding
      X-Content-Type-Options:
      - nosniff
      X-Download-Options:
      - noopen
      X-Frame-Options:
      - sameorigin
      X-Permitted-Cross-Domain-Policies:
      - none
      X-Powered-By:
      - Phusion Passenger 4.0.53
      X-Request-Id:
      - 3fc6c2cf-d5f6-4956-90dd-9495be95308d
      X-Runtime:
      - '0.064865'
      X-XSS-Protection:
      - 1; mode=block
    status:
      code: 200
      message: OK
- request:
    body: null
    headers:
      Accept:
      - application/json;version=2
      Cookie:
      - _session_id=dd1bd5aa1f59cb0282f2e6fda09ba742
    method: GET
    uri: https://127.0.0.1:4433/api/subnets?thin=True&search=name%3D%22Test+subnet4%22&per_page=4294967296
  response:
    body:
      string: "{\n  \"total\": 1,\n  \"subtotal\": 1,\n  \"page\": 1,\n  \"per_page\"\
        : 4294967296,\n  \"search\": \"name=\\\"Test subnet4\\\"\",\n  \"sort\": {\n\
        \    \"by\": null,\n    \"order\": null\n  },\n  \"results\": [{\"network\"\
        :\"192.168.200.0\",\"network_type\":\"IPv4\",\"cidr\":27,\"mask\":\"255.255.255.224\"\
        ,\"priority\":null,\"vlanid\":null,\"mtu\":1500,\"gateway\":null,\"dns_primary\"\
        :null,\"dns_secondary\":null,\"from\":null,\"to\":null,\"created_at\":\"2019-11-07\
        \ 19:26:50 UTC\",\"updated_at\":\"2019-11-07 19:26:50 UTC\",\"ipam\":\"DHCP\"\
        ,\"boot_mode\":\"DHCP\",\"id\":3,\"name\":\"Test subnet4\",\"description\"\
        :null,\"network_address\":\"192.168.200.0/27\",\"dhcp_id\":null,\"dhcp_name\"\
        :null,\"tftp_id\":null,\"tftp_name\":null,\"httpboot_id\":null,\"httpboot_name\"\
        :null,\"dns_id\":null,\"template_id\":null,\"template_name\":null,\"dhcp\"\
        :null,\"tftp\":null,\"httpboot\":null,\"dns\":null,\"template\":null}]\n}\n"
    headers:
      Cache-Control:
      - max-age=0, private, must-revalidate
      Content-Security-Policy:
      - 'default-src ''self''; child-src ''self''; connect-src ''self'' ws: wss:;
        img-src ''self'' data: *.gravatar.com; script-src ''unsafe-eval'' ''unsafe-inline''
        ''self''; style-src ''unsafe-inline'' ''self'''
      Content-Type:
      - application/json; charset=utf-8
      Date:
      - Thu, 07 Nov 2019 22:41:12 GMT
      ETag:
      - W/"2cc3f085b04c9834f3d78f9eb189407a"
      Foreman_api_version:
      - '2'
      Foreman_version:
      - 1.22.1
      Server:
      - Apache
      Status:
      - 200 OK
      Strict-Transport-Security:
      - max-age=631139040; includeSubdomains
      Transfer-Encoding:
      - chunked
      Vary:
      - Accept-Encoding
      X-Content-Type-Options:
      - nosniff
      X-Download-Options:
      - noopen
      X-Frame-Options:
      - sameorigin
      X-Permitted-Cross-Domain-Policies:
      - none
      X-Powered-By:
      - Phusion Passenger 4.0.53
      X-Request-Id:
      - 22c7f9b2-d66e-49ab-a076-009c6726b70c
      X-Runtime:
      - '0.060624'
      X-XSS-Protection:
      - 1; mode=block
    status:
      code: 200
      message: OK
- request:
    body: null
    headers:
      Accept:
      - application/json;version=2
      Cookie:
      - _session_id=dd1bd5aa1f59cb0282f2e6fda09ba742
    method: GET
    uri: https://127.0.0.1:4433/api/architectures?thin=True&search=name%3D%22x86_64%22&per_page=4294967296
  response:
    body:
      string: "{\n  \"total\": 2,\n  \"subtotal\": 1,\n  \"page\": 1,\n  \"per_page\"\
        : 4294967296,\n  \"search\": \"name=\\\"x86_64\\\"\",\n  \"sort\": {\n   \
        \ \"by\": null,\n    \"order\": null\n  },\n  \"results\": [{\"created_at\"\
        :\"2019-10-17 12:27:57 UTC\",\"updated_at\":\"2019-10-17 12:27:57 UTC\",\"\
        name\":\"x86_64\",\"id\":1}]\n}\n"
    headers:
      Cache-Control:
      - max-age=0, private, must-revalidate
      Content-Security-Policy:
      - 'default-src ''self''; child-src ''self''; connect-src ''self'' ws: wss:;
        img-src ''self'' data: *.gravatar.com; script-src ''unsafe-eval'' ''unsafe-inline''
        ''self''; style-src ''unsafe-inline'' ''self'''
      Content-Type:
      - application/json; charset=utf-8
      Date:
      - Thu, 07 Nov 2019 22:41:12 GMT
      ETag:
      - W/"05c213890d16d735398c4450758add11"
      Foreman_api_version:
      - '2'
      Foreman_version:
      - 1.22.1
      Server:
      - Apache
      Status:
      - 200 OK
      Strict-Transport-Security:
      - max-age=631139040; includeSubdomains
      Transfer-Encoding:
      - chunked
      Vary:
      - Accept-Encoding
      X-Content-Type-Options:
      - nosniff
      X-Download-Options:
      - noopen
      X-Frame-Options:
      - sameorigin
      X-Permitted-Cross-Domain-Policies:
      - none
      X-Powered-By:
      - Phusion Passenger 4.0.53
      X-Request-Id:
      - 74d189f6-e5b6-4238-a6fc-65a4b0aabe75
      X-Runtime:
      - '0.054607'
      X-XSS-Protection:
      - 1; mode=block
    status:
      code: 200
      message: OK
- request:
    body: null
    headers:
      Accept:
      - application/json;version=2
      Cookie:
      - _session_id=dd1bd5aa1f59cb0282f2e6fda09ba742
    method: GET
    uri: https://127.0.0.1:4433/api/operatingsystems?thin=True&search=title%3D%22TestOS+7.6%22&per_page=4294967296
  response:
    body:
      string: "{\n  \"total\": 2,\n  \"subtotal\": 1,\n  \"page\": 1,\n  \"per_page\"\
        : 4294967296,\n  \"search\": \"title=\\\"TestOS 7.6\\\"\",\n  \"sort\": {\n\
        \    \"by\": null,\n    \"order\": null\n  },\n  \"results\": [{\"description\"\
        :null,\"major\":\"7\",\"minor\":\"6\",\"family\":\"Redhat\",\"release_name\"\
        :\"reverse whip\",\"password_hash\":\"SHA256\",\"created_at\":\"2019-11-07\
        \ 19:26:55 UTC\",\"updated_at\":\"2019-11-07 19:26:55 UTC\",\"id\":4,\"name\"\
        :\"TestOS\",\"title\":\"TestOS 7.6\"}]\n}\n"
    headers:
      Cache-Control:
      - max-age=0, private, must-revalidate
      Content-Security-Policy:
      - 'default-src ''self''; child-src ''self''; connect-src ''self'' ws: wss:;
        img-src ''self'' data: *.gravatar.com; script-src ''unsafe-eval'' ''unsafe-inline''
        ''self''; style-src ''unsafe-inline'' ''self'''
      Content-Type:
      - application/json; charset=utf-8
      Date:
      - Thu, 07 Nov 2019 22:41:12 GMT
      ETag:
      - W/"4065d191ab8a49060dffae1668a4cdd3"
      Foreman_api_version:
      - '2'
      Foreman_version:
      - 1.22.1
      Server:
      - Apache
      Status:
      - 200 OK
      Strict-Transport-Security:
      - max-age=631139040; includeSubdomains
      Transfer-Encoding:
      - chunked
      Vary:
      - Accept-Encoding
      X-Content-Type-Options:
      - nosniff
      X-Download-Options:
      - noopen
      X-Frame-Options:
      - sameorigin
      X-Permitted-Cross-Domain-Policies:
      - none
      X-Powered-By:
      - Phusion Passenger 4.0.53
      X-Request-Id:
      - c7b4c778-5c4d-4206-96e7-15ed418c156d
      X-Runtime:
      - '0.053922'
      X-XSS-Protection:
      - 1; mode=block
    status:
      code: 200
      message: OK
- request:
    body: null
    headers:
      Accept:
      - application/json;version=2
      Cookie:
      - _session_id=dd1bd5aa1f59cb0282f2e6fda09ba742
    method: GET
    uri: https://127.0.0.1:4433/api/media?thin=True&search=name%3D%22TestOS+Mirror%22&per_page=4294967296
  response:
    body:
      string: "{\n  \"total\": 10,\n  \"subtotal\": 1,\n  \"page\": 1,\n  \"per_page\"\
        : 4294967296,\n  \"search\": \"name=\\\"TestOS Mirror\\\"\",\n  \"sort\":\
        \ {\n    \"by\": null,\n    \"order\": null\n  },\n  \"results\": [{\"path\"\
        :\"https://templeos.org/TempleOS.ISO\",\"os_family\":\"Redhat\",\"created_at\"\
        :\"2019-11-07 19:26:58 UTC\",\"updated_at\":\"2019-11-07 19:26:58 UTC\",\"\
        id\":12,\"name\":\"TestOS Mirror\"}]\n}\n"
    headers:
      Cache-Control:
      - max-age=0, private, must-revalidate
      Content-Security-Policy:
      - 'default-src ''self''; child-src ''self''; connect-src ''self'' ws: wss:;
        img-src ''self'' data: *.gravatar.com; script-src ''unsafe-eval'' ''unsafe-inline''
        ''self''; style-src ''unsafe-inline'' ''self'''
      Content-Type:
      - application/json; charset=utf-8
      Date:
      - Thu, 07 Nov 2019 22:41:12 GMT
      ETag:
      - W/"528a34ad0f20f751ff91dcdc60f520ba"
      Foreman_api_version:
      - '2'
      Foreman_version:
      - 1.22.1
      Server:
      - Apache
      Status:
      - 200 OK
      Strict-Transport-Security:
      - max-age=631139040; includeSubdomains
      Transfer-Encoding:
      - chunked
      Vary:
      - Accept-Encoding
      X-Content-Type-Options:
      - nosniff
      X-Download-Options:
      - noopen
      X-Frame-Options:
      - sameorigin
      X-Permitted-Cross-Domain-Policies:
      - none
      X-Powered-By:
      - Phusion Passenger 4.0.53
      X-Request-Id:
      - 406b0133-fb43-480f-bfe3-fb615cbbe6f5
      X-Runtime:
      - '0.055377'
      X-XSS-Protection:
      - 1; mode=block
    status:
      code: 200
      message: OK
- request:
    body: null
    headers:
      Accept:
      - application/json;version=2
      Cookie:
      - _session_id=dd1bd5aa1f59cb0282f2e6fda09ba742
    method: GET
    uri: https://127.0.0.1:4433/api/ptables?thin=True&search=name%3D%22Part+table%22&per_page=4294967296
  response:
    body:
      string: "{\n  \"total\": 16,\n  \"subtotal\": 1,\n  \"page\": 1,\n  \"per_page\"\
        : 4294967296,\n  \"search\": \"name=\\\"Part table\\\"\",\n  \"sort\": {\n\
        \    \"by\": null,\n    \"order\": null\n  },\n  \"results\": [{\"os_family\"\
        :\"Redhat\",\"created_at\":\"2019-11-07 19:26:53 UTC\",\"updated_at\":\"2019-11-07\
        \ 19:26:53 UTC\",\"name\":\"Part table\",\"id\":117}]\n}\n"
    headers:
      Cache-Control:
      - max-age=0, private, must-revalidate
      Content-Security-Policy:
      - 'default-src ''self''; child-src ''self''; connect-src ''self'' ws: wss:;
        img-src ''self'' data: *.gravatar.com; script-src ''unsafe-eval'' ''unsafe-inline''
        ''self''; style-src ''unsafe-inline'' ''self'''
      Content-Type:
      - application/json; charset=utf-8
      Date:
      - Thu, 07 Nov 2019 22:41:12 GMT
      ETag:
      - W/"06ee2d5a6fd9deca75efffe8709340fd"
      Foreman_api_version:
      - '2'
      Foreman_version:
      - 1.22.1
      Server:
      - Apache
      Status:
      - 200 OK
      Strict-Transport-Security:
      - max-age=631139040; includeSubdomains
      Transfer-Encoding:
      - chunked
      Vary:
      - Accept-Encoding
      X-Content-Type-Options:
      - nosniff
      X-Download-Options:
      - noopen
      X-Frame-Options:
      - sameorigin
      X-Permitted-Cross-Domain-Policies:
      - none
      X-Powered-By:
      - Phusion Passenger 4.0.53
      X-Request-Id:
      - 923fdc66-2478-4bb0-8a4c-62f302f91484
      X-Runtime:
      - '0.060593'
      X-XSS-Protection:
      - 1; mode=block
    status:
      code: 200
      message: OK
- request:
    body: null
    headers:
      Accept:
      - application/json;version=2
      Cookie:
      - _session_id=dd1bd5aa1f59cb0282f2e6fda09ba742
    method: GET
    uri: https://127.0.0.1:4433/api/smart_proxies?thin=True&search=name%3D%22foreman.example.com%22&per_page=4294967296
  response:
    body:
      string: "{\n  \"total\": 1,\n  \"subtotal\": 1,\n  \"page\": 1,\n  \"per_page\"\
        : 4294967296,\n  \"search\": \"name=\\\"foreman.example.com\\\"\",\n  \"sort\"\
        : {\n    \"by\": null,\n    \"order\": null\n  },\n  \"results\": [{\"created_at\"\
        :\"2019-10-17 12:43:39 UTC\",\"updated_at\":\"2019-11-07 14:40:05 UTC\",\"\
        name\":\"foreman.example.com\",\"id\":1,\"url\":\"https://foreman.example.com:9090\"\
        ,\"download_policy\":\"on_demand\",\"features\":[{\"capabilities\":[],\"name\"\
        :\"Pulp\",\"id\":2},{\"capabilities\":[],\"name\":\"Templates\",\"id\":1},{\"\
        capabilities\":[],\"name\":\"TFTP\",\"id\":5},{\"capabilities\":[],\"name\"\
        :\"Puppet CA\",\"id\":9},{\"capabilities\":[],\"name\":\"Puppet\",\"id\":8},{\"\
        capabilities\":[],\"name\":\"Logs\",\"id\":13},{\"capabilities\":[],\"name\"\
        :\"HTTPBoot\",\"id\":14},{\"capabilities\":[],\"name\":\"DNS\",\"id\":6}]}]\n\
        }\n"
    headers:
      Cache-Control:
      - max-age=0, private, must-revalidate
      Content-Security-Policy:
      - 'default-src ''self''; child-src ''self''; connect-src ''self'' ws: wss:;
        img-src ''self'' data: *.gravatar.com; script-src ''unsafe-eval'' ''unsafe-inline''
        ''self''; style-src ''unsafe-inline'' ''self'''
      Content-Type:
      - application/json; charset=utf-8
      Date:
      - Thu, 07 Nov 2019 22:41:12 GMT
      ETag:
      - W/"de9a57105d9d15c8750b788d42a6f01e"
      Foreman_api_version:
      - '2'
      Foreman_version:
      - 1.22.1
      Server:
      - Apache
      Status:
      - 200 OK
      Strict-Transport-Security:
      - max-age=631139040; includeSubdomains
      Transfer-Encoding:
      - chunked
      Vary:
      - Accept-Encoding
      X-Content-Type-Options:
      - nosniff
      X-Download-Options:
      - noopen
      X-Frame-Options:
      - sameorigin
      X-Permitted-Cross-Domain-Policies:
      - none
      X-Powered-By:
      - Phusion Passenger 4.0.53
      X-Request-Id:
      - 4c7ff097-b2b9-4fe6-91cc-c3fbe18c8367
      X-Runtime:
      - '0.069795'
      X-XSS-Protection:
      - 1; mode=block
    status:
      code: 200
      message: OK
- request:
    body: null
    headers:
      Accept:
      - application/json;version=2
      Cookie:
      - _session_id=dd1bd5aa1f59cb0282f2e6fda09ba742
    method: GET
    uri: https://127.0.0.1:4433/api/smart_proxies?thin=True&search=name%3D%22foreman.example.com%22&per_page=4294967296
  response:
    body:
      string: "{\n  \"total\": 1,\n  \"subtotal\": 1,\n  \"page\": 1,\n  \"per_page\"\
        : 4294967296,\n  \"search\": \"name=\\\"foreman.example.com\\\"\",\n  \"sort\"\
        : {\n    \"by\": null,\n    \"order\": null\n  },\n  \"results\": [{\"created_at\"\
        :\"2019-10-17 12:43:39 UTC\",\"updated_at\":\"2019-11-07 14:40:05 UTC\",\"\
        name\":\"foreman.example.com\",\"id\":1,\"url\":\"https://foreman.example.com:9090\"\
        ,\"download_policy\":\"on_demand\",\"features\":[{\"capabilities\":[],\"name\"\
        :\"Pulp\",\"id\":2},{\"capabilities\":[],\"name\":\"Templates\",\"id\":1},{\"\
        capabilities\":[],\"name\":\"TFTP\",\"id\":5},{\"capabilities\":[],\"name\"\
        :\"Puppet CA\",\"id\":9},{\"capabilities\":[],\"name\":\"Puppet\",\"id\":8},{\"\
        capabilities\":[],\"name\":\"Logs\",\"id\":13},{\"capabilities\":[],\"name\"\
        :\"HTTPBoot\",\"id\":14},{\"capabilities\":[],\"name\":\"DNS\",\"id\":6}]}]\n\
        }\n"
    headers:
      Cache-Control:
      - max-age=0, private, must-revalidate
      Content-Security-Policy:
      - 'default-src ''self''; child-src ''self''; connect-src ''self'' ws: wss:;
        img-src ''self'' data: *.gravatar.com; script-src ''unsafe-eval'' ''unsafe-inline''
        ''self''; style-src ''unsafe-inline'' ''self'''
      Content-Type:
      - application/json; charset=utf-8
      Date:
      - Thu, 07 Nov 2019 22:41:12 GMT
      ETag:
      - W/"de9a57105d9d15c8750b788d42a6f01e"
      Foreman_api_version:
      - '2'
      Foreman_version:
      - 1.22.1
      Server:
      - Apache
      Status:
      - 200 OK
      Strict-Transport-Security:
      - max-age=631139040; includeSubdomains
      Transfer-Encoding:
      - chunked
      Vary:
      - Accept-Encoding
      X-Content-Type-Options:
      - nosniff
      X-Download-Options:
      - noopen
      X-Frame-Options:
      - sameorigin
      X-Permitted-Cross-Domain-Policies:
      - none
      X-Powered-By:
      - Phusion Passenger 4.0.53
      X-Request-Id:
      - bea0e91b-6eb9-4d53-9de7-4cb8b7ff49a8
      X-Runtime:
      - '0.072189'
      X-XSS-Protection:
      - 1; mode=block
    status:
      code: 200
      message: OK
- request:
    body: null
    headers:
      Accept:
      - application/json;version=2
      Cookie:
      - _session_id=dd1bd5aa1f59cb0282f2e6fda09ba742
    method: GET
    uri: https://127.0.0.1:4433/api/organizations?thin=True&search=name%3D%22Test+Org1%22&per_page=4294967296
  response:
    body:
      string: "{\n  \"total\": 3,\n  \"subtotal\": 1,\n  \"page\": 1,\n  \"per_page\"\
        : 4294967296,\n  \"search\": \"name=\\\"Test Org1\\\"\",\n  \"sort\": {\n\
        \    \"by\": null,\n    \"order\": null\n  },\n  \"results\": [{\"ancestry\"\
        :null,\"parent_id\":null,\"parent_name\":null,\"created_at\":\"2019-11-07\
        \ 19:26:36 UTC\",\"updated_at\":\"2019-11-07 19:26:36 UTC\",\"id\":45,\"name\"\
        :\"Test Org1\",\"title\":\"Test Org1\",\"description\":\"A test organization\"\
        }]\n}\n"
    headers:
      Cache-Control:
      - max-age=0, private, must-revalidate
      Content-Security-Policy:
      - 'default-src ''self''; child-src ''self''; connect-src ''self'' ws: wss:;
        img-src ''self'' data: *.gravatar.com; script-src ''unsafe-eval'' ''unsafe-inline''
        ''self''; style-src ''unsafe-inline'' ''self'''
      Content-Type:
      - application/json; charset=utf-8
      Date:
      - Thu, 07 Nov 2019 22:41:12 GMT
      ETag:
      - W/"0695b75dc6dbc5f70e7e227931b5c570"
      Foreman_api_version:
      - '2'
      Foreman_version:
      - 1.22.1
      Server:
      - Apache
      Status:
      - 200 OK
      Strict-Transport-Security:
      - max-age=631139040; includeSubdomains
      Transfer-Encoding:
      - chunked
      Vary:
      - Accept-Encoding
      X-Content-Type-Options:
      - nosniff
      X-Download-Options:
      - noopen
      X-Frame-Options:
      - sameorigin
      X-Permitted-Cross-Domain-Policies:
      - none
      X-Powered-By:
      - Phusion Passenger 4.0.53
      X-Request-Id:
      - 6dcd8083-40a7-433a-a541-31013e444fb1
      X-Runtime:
      - '0.056096'
      X-XSS-Protection:
      - 1; mode=block
    status:
      code: 200
      message: OK
- request:
    body: null
    headers:
      Accept:
      - application/json;version=2
      Cookie:
      - _session_id=dd1bd5aa1f59cb0282f2e6fda09ba742
    method: GET
    uri: https://127.0.0.1:4433/api/organizations?thin=True&search=name%3D%22Test+Org2%22&per_page=4294967296
  response:
    body:
      string: "{\n  \"total\": 3,\n  \"subtotal\": 1,\n  \"page\": 1,\n  \"per_page\"\
        : 4294967296,\n  \"search\": \"name=\\\"Test Org2\\\"\",\n  \"sort\": {\n\
        \    \"by\": null,\n    \"order\": null\n  },\n  \"results\": [{\"ancestry\"\
        :null,\"parent_id\":null,\"parent_name\":null,\"created_at\":\"2019-11-07\
        \ 19:26:40 UTC\",\"updated_at\":\"2019-11-07 19:26:40 UTC\",\"id\":46,\"name\"\
        :\"Test Org2\",\"title\":\"Test Org2\",\"description\":\"A test organization\"\
        }]\n}\n"
    headers:
      Cache-Control:
      - max-age=0, private, must-revalidate
      Content-Security-Policy:
      - 'default-src ''self''; child-src ''self''; connect-src ''self'' ws: wss:;
        img-src ''self'' data: *.gravatar.com; script-src ''unsafe-eval'' ''unsafe-inline''
        ''self''; style-src ''unsafe-inline'' ''self'''
      Content-Type:
      - application/json; charset=utf-8
      Date:
      - Thu, 07 Nov 2019 22:41:12 GMT
      ETag:
      - W/"c79c3442dcfed7614d2de7171aabebca"
      Foreman_api_version:
      - '2'
      Foreman_version:
      - 1.22.1
      Server:
      - Apache
      Status:
      - 200 OK
      Strict-Transport-Security:
      - max-age=631139040; includeSubdomains
      Transfer-Encoding:
      - chunked
      Vary:
      - Accept-Encoding
      X-Content-Type-Options:
      - nosniff
      X-Download-Options:
      - noopen
      X-Frame-Options:
      - sameorigin
      X-Permitted-Cross-Domain-Policies:
      - none
      X-Powered-By:
      - Phusion Passenger 4.0.53
      X-Request-Id:
      - 7198c3b8-e853-4e60-a2d2-897ae6e6d13e
      X-Runtime:
      - '0.054825'
      X-XSS-Protection:
      - 1; mode=block
    status:
      code: 200
      message: OK
- request:
    body: null
    headers:
      Accept:
      - application/json;version=2
      Cookie:
      - _session_id=dd1bd5aa1f59cb0282f2e6fda09ba742
    method: GET
    uri: https://127.0.0.1:4433/api/hostgroups?thin=False&search=title%3D%22New+host+group%2FNested+New+host+group%22&per_page=4294967296
  response:
    body:
      string: "{\n  \"total\": 3,\n  \"subtotal\": 1,\n  \"page\": 1,\n  \"per_page\"\
        : 4294967296,\n  \"search\": \"title=\\\"New host group/Nested New host group\\\
        \"\",\n  \"sort\": {\n    \"by\": null,\n    \"order\": null\n  },\n  \"results\"\
        : [{\"subnet_id\":3,\"subnet_name\":\"Test subnet4\",\"operatingsystem_id\"\
        :4,\"operatingsystem_name\":\"TestOS 7.6\",\"domain_id\":6,\"domain_name\"\
        :\"foo.example.com\",\"environment_id\":null,\"environment_name\":\"production\"\
        ,\"compute_profile_id\":null,\"compute_profile_name\":\"myprofile\",\"ancestry\"\
        :\"27\",\"parent_id\":27,\"parent_name\":\"New host group\",\"ptable_id\"\
        :117,\"ptable_name\":\"Part table\",\"medium_id\":12,\"medium_name\":\"TestOS\
        \ Mirror\",\"pxe_loader\":\"Grub2 UEFI\",\"subnet6_id\":null,\"subnet6_name\"\
        :null,\"architecture_id\":1,\"architecture_name\":\"x86_64\",\"realm_id\"\
        :null,\"realm_name\":null,\"created_at\":\"2019-11-07 22:41:09 UTC\",\"updated_at\"\
        :\"2019-11-07 22:41:09 UTC\",\"id\":29,\"name\":\"Nested New host group\"\
        ,\"title\":\"New host group/Nested New host group\",\"description\":\"Nested\
        \ group\",\"puppet_proxy_id\":1,\"puppet_proxy_name\":\"foreman.example.com\"\
        ,\"puppet_ca_proxy_id\":1,\"puppet_ca_proxy_name\":\"foreman.example.com\"\
        ,\"puppet_proxy\":{\"name\":\"foreman.example.com\",\"id\":1,\"url\":\"https://foreman.example.com:9090\"\
        },\"puppet_ca_proxy\":{\"name\":\"foreman.example.com\",\"id\":1,\"url\":\"\
        https://foreman.example.com:9090\"}}]\n}\n"
    headers:
      Cache-Control:
      - max-age=0, private, must-revalidate
      Content-Security-Policy:
      - 'default-src ''self''; child-src ''self''; connect-src ''self'' ws: wss:;
        img-src ''self'' data: *.gravatar.com; script-src ''unsafe-eval'' ''unsafe-inline''
        ''self''; style-src ''unsafe-inline'' ''self'''
      Content-Type:
      - application/json; charset=utf-8
      Date:
      - Thu, 07 Nov 2019 22:41:12 GMT
      ETag:
      - W/"63a40396827f8dd73abc5f183e229365"
      Foreman_api_version:
      - '2'
      Foreman_version:
      - 1.22.1
      Server:
      - Apache
      Status:
      - 200 OK
      Strict-Transport-Security:
      - max-age=631139040; includeSubdomains
      Transfer-Encoding:
      - chunked
      Vary:
      - Accept-Encoding
      X-Content-Type-Options:
      - nosniff
      X-Download-Options:
      - noopen
      X-Frame-Options:
      - sameorigin
      X-Permitted-Cross-Domain-Policies:
      - none
      X-Powered-By:
      - Phusion Passenger 4.0.53
      X-Request-Id:
      - 0a78a121-5e14-4047-871b-ef3959adb838
      X-Runtime:
      - '0.135109'
      X-XSS-Protection:
      - 1; mode=block
    status:
      code: 200
      message: OK
- request:
    body: null
    headers:
      Accept:
      - application/json;version=2
      Cookie:
      - _session_id=dd1bd5aa1f59cb0282f2e6fda09ba742
    method: GET
    uri: https://127.0.0.1:4433/api/hostgroups/29
  response:
    body:
      string: '{"content_source_id":null,"content_source_name":null,"content_view_id":null,"content_view_name":null,"lifecycle_environment_id":null,"lifecycle_environment_name":null,"kickstart_repository_id":null,"kickstart_repository_name":null,"subnet_id":3,"subnet_name":"Test
        subnet4","operatingsystem_id":4,"operatingsystem_name":"TestOS 7.6","domain_id":6,"domain_name":"foo.example.com","environment_id":null,"environment_name":"production","compute_profile_id":null,"compute_profile_name":"myprofile","ancestry":"27","parent_id":27,"parent_name":"New
        host group","ptable_id":117,"ptable_name":"Part table","medium_id":12,"medium_name":"TestOS
        Mirror","pxe_loader":"Grub2 UEFI","subnet6_id":null,"subnet6_name":null,"architecture_id":1,"architecture_name":"x86_64","realm_id":null,"realm_name":null,"created_at":"2019-11-07
        22:41:09 UTC","updated_at":"2019-11-07 22:41:09 UTC","id":29,"name":"Nested
        New host group","title":"New host group/Nested New host group","description":"Nested
        group","puppet_proxy_id":1,"puppet_proxy_name":"foreman.example.com","puppet_ca_proxy_id":1,"puppet_ca_proxy_name":"foreman.example.com","puppet_proxy":{"name":"foreman.example.com","id":1,"url":"https://foreman.example.com:9090"},"puppet_ca_proxy":{"name":"foreman.example.com","id":1,"url":"https://foreman.example.com:9090"},"parameters":[],"template_combinations":[],"puppetclasses":[],"config_groups":[],"all_puppetclasses":[],"locations":[{"id":44,"name":"Bar","title":"Bar","description":null},{"id":34,"name":"Foo","title":"Foo","description":null},{"id":43,"name":"Baz","title":"Foo/Baz","description":null}],"organizations":[{"id":45,"name":"Test
        Org1","title":"Test Org1","description":"A test organization"},{"id":46,"name":"Test
        Org2","title":"Test Org2","description":"A test organization"}]}'
    headers:
      Cache-Control:
      - max-age=0, private, must-revalidate
      Content-Security-Policy:
      - 'default-src ''self''; child-src ''self''; connect-src ''self'' ws: wss:;
        img-src ''self'' data: *.gravatar.com; script-src ''unsafe-eval'' ''unsafe-inline''
        ''self''; style-src ''unsafe-inline'' ''self'''
      Content-Type:
      - application/json; charset=utf-8
      Date:
      - Thu, 07 Nov 2019 22:41:13 GMT
      ETag:
      - W/"8a7511054fa14b3e6b55be33f73cc23b"
      Foreman_api_version:
      - '2'
      Foreman_version:
      - 1.22.1
      Server:
      - Apache
      Status:
      - 200 OK
      Strict-Transport-Security:
      - max-age=631139040; includeSubdomains
      Transfer-Encoding:
      - chunked
      Vary:
      - Accept-Encoding
      X-Content-Type-Options:
      - nosniff
      X-Download-Options:
      - noopen
      X-Frame-Options:
      - sameorigin
      X-Permitted-Cross-Domain-Policies:
      - none
      X-Powered-By:
      - Phusion Passenger 4.0.53
      X-Request-Id:
      - b6d5cb61-9a6e-4d81-887e-7b0c1354cda5
      X-Runtime:
      - '0.198644'
      X-XSS-Protection:
      - 1; mode=block
    status:
      code: 200
      message: OK
version: 1
