interactions:
- request:
    body: null
    headers:
      Accept:
      - application/json;version=2
    method: GET
    uri: https://127.0.0.1:4433/api/status
  response:
    body:
      string: '{"result":"ok","status":200,"version":"1.22.1","api_version":2}'
    headers:
      Cache-Control:
      - max-age=0, private, must-revalidate
      Content-Length:
      - '63'
      Content-Security-Policy:
      - 'default-src ''self''; child-src ''self''; connect-src ''self'' ws: wss:;
        img-src ''self'' data: *.gravatar.com; script-src ''unsafe-eval'' ''unsafe-inline''
        ''self''; style-src ''unsafe-inline'' ''self'''
      Content-Type:
      - application/json; charset=utf-8
      Date:
      - Fri, 08 Nov 2019 00:56:56 GMT
      ETag:
      - W/"7462024e111aafa1fe0b7de16a6757f0"
      Foreman_api_version:
      - '2'
      Foreman_version:
      - 1.22.1
      Server:
      - Apache
      Set-Cookie:
      - _session_id=f134657054928f73434acd4ff3b7dd5f; path=/; secure; HttpOnly; SameSite=Lax
      Status:
      - 200 OK
      Strict-Transport-Security:
      - max-age=631139040; includeSubdomains
      X-Content-Type-Options:
      - nosniff
      X-Download-Options:
      - noopen
      X-Frame-Options:
      - sameorigin
      X-Permitted-Cross-Domain-Policies:
      - none
      X-Powered-By:
      - Phusion Passenger 4.0.53
      X-Request-Id:
      - 162a64f8-2825-433a-8e12-28bcbd1cc48d
      X-Runtime:
      - '0.078988'
      X-XSS-Protection:
      - 1; mode=block
    status:
      code: 200
      message: OK
- request:
    body: null
    headers:
      Accept:
      - application/json;version=2
      Cookie:
      - _session_id=f134657054928f73434acd4ff3b7dd5f
    method: GET
    uri: https://127.0.0.1:4433/api/hostgroups?search=title%3D%22New+host+group%2FNested+New+host+group%22&per_page=4294967296
  response:
    body:
      string: "{\n  \"total\": 3,\n  \"subtotal\": 1,\n  \"page\": 1,\n  \"per_page\"\
        : 4294967296,\n  \"search\": \"title=\\\"New host group/Nested New host group\\\
        \"\",\n  \"sort\": {\n    \"by\": null,\n    \"order\": null\n  },\n  \"results\"\
        : [{\"subnet_id\":5,\"subnet_name\":\"Test subnet4\",\"operatingsystem_id\"\
        :6,\"operatingsystem_name\":\"TestOS 7.6\",\"domain_id\":10,\"domain_name\"\
        :\"foo.example.com\",\"environment_id\":null,\"environment_name\":\"production\"\
        ,\"compute_profile_id\":null,\"compute_profile_name\":\"myprofile\",\"ancestry\"\
        :\"40\",\"parent_id\":40,\"parent_name\":\"New host group\",\"ptable_id\"\
        :119,\"ptable_name\":\"Part table\",\"medium_id\":14,\"medium_name\":\"TestOS\
        \ Mirror\",\"pxe_loader\":\"Grub2 UEFI\",\"subnet6_id\":null,\"subnet6_name\"\
        :null,\"architecture_id\":1,\"architecture_name\":\"x86_64\",\"realm_id\"\
        :null,\"realm_name\":null,\"created_at\":\"2019-11-08 00:56:51 UTC\",\"updated_at\"\
        :\"2019-11-08 00:56:51 UTC\",\"id\":42,\"name\":\"Nested New host group\"\
        ,\"title\":\"New host group/Nested New host group\",\"description\":\"Nested\
        \ group\",\"puppet_proxy_id\":1,\"puppet_proxy_name\":\"foreman.example.com\"\
        ,\"puppet_ca_proxy_id\":1,\"puppet_ca_proxy_name\":\"foreman.example.com\"\
        ,\"puppet_proxy\":{\"name\":\"foreman.example.com\",\"id\":1,\"url\":\"https://foreman.example.com:9090\"\
        },\"puppet_ca_proxy\":{\"name\":\"foreman.example.com\",\"id\":1,\"url\":\"\
        https://foreman.example.com:9090\"}}]\n}\n"
    headers:
      Cache-Control:
      - max-age=0, private, must-revalidate
      Content-Security-Policy:
      - 'default-src ''self''; child-src ''self''; connect-src ''self'' ws: wss:;
        img-src ''self'' data: *.gravatar.com; script-src ''unsafe-eval'' ''unsafe-inline''
        ''self''; style-src ''unsafe-inline'' ''self'''
      Content-Type:
      - application/json; charset=utf-8
      Date:
      - Fri, 08 Nov 2019 00:56:56 GMT
      ETag:
      - W/"bd7323a24886ee9e290a2c19d2f2e6d9"
      Foreman_api_version:
      - '2'
      Foreman_version:
      - 1.22.1
      Server:
      - Apache
      Status:
      - 200 OK
      Strict-Transport-Security:
      - max-age=631139040; includeSubdomains
      Transfer-Encoding:
      - chunked
      Vary:
      - Accept-Encoding
      X-Content-Type-Options:
      - nosniff
      X-Download-Options:
      - noopen
      X-Frame-Options:
      - sameorigin
      X-Permitted-Cross-Domain-Policies:
      - none
      X-Powered-By:
      - Phusion Passenger 4.0.53
      X-Request-Id:
      - 4884e2e8-9c5d-45bd-ab6b-63d878fa73a5
      X-Runtime:
      - '0.131504'
      X-XSS-Protection:
      - 1; mode=block
    status:
      code: 200
      message: OK
- request:
    body: null
    headers:
      Accept:
      - application/json;version=2
      Cookie:
      - _session_id=f134657054928f73434acd4ff3b7dd5f
    method: GET
    uri: https://127.0.0.1:4433/api/locations?search=title%3D%22Foo%22&per_page=4294967296
  response:
    body:
      string: "{\n  \"total\": 5,\n  \"subtotal\": 1,\n  \"page\": 1,\n  \"per_page\"\
        : 4294967296,\n  \"search\": \"title=\\\"Foo\\\"\",\n  \"sort\": {\n    \"\
        by\": null,\n    \"order\": null\n  },\n  \"results\": [{\"ancestry\":null,\"\
        parent_id\":null,\"parent_name\":null,\"created_at\":\"2019-10-22 17:43:26\
        \ UTC\",\"updated_at\":\"2019-10-22 17:43:26 UTC\",\"id\":34,\"name\":\"Foo\"\
        ,\"title\":\"Foo\",\"description\":null}]\n}\n"
    headers:
      Cache-Control:
      - max-age=0, private, must-revalidate
      Content-Security-Policy:
      - 'default-src ''self''; child-src ''self''; connect-src ''self'' ws: wss:;
        img-src ''self'' data: *.gravatar.com; script-src ''unsafe-eval'' ''unsafe-inline''
        ''self''; style-src ''unsafe-inline'' ''self'''
      Content-Type:
      - application/json; charset=utf-8
      Date:
      - Fri, 08 Nov 2019 00:56:57 GMT
      ETag:
      - W/"4d11207b5a3c1623d8c469b926727f65"
      Foreman_api_version:
      - '2'
      Foreman_version:
      - 1.22.1
      Server:
      - Apache
      Status:
      - 200 OK
      Strict-Transport-Security:
      - max-age=631139040; includeSubdomains
      Transfer-Encoding:
      - chunked
      Vary:
      - Accept-Encoding
      X-Content-Type-Options:
      - nosniff
      X-Download-Options:
      - noopen
      X-Frame-Options:
      - sameorigin
      X-Permitted-Cross-Domain-Policies:
      - none
      X-Powered-By:
      - Phusion Passenger 4.0.53
      X-Request-Id:
      - e3bee689-7c4c-4d6f-95a3-5a1424c7dc00
      X-Runtime:
      - '0.058920'
      X-XSS-Protection:
      - 1; mode=block
    status:
      code: 200
      message: OK
- request:
    body: null
    headers:
      Accept:
      - application/json;version=2
      Cookie:
      - _session_id=f134657054928f73434acd4ff3b7dd5f
    method: GET
    uri: https://127.0.0.1:4433/api/locations?search=title%3D%22Foo%2FBaz%22&per_page=4294967296
  response:
    body:
      string: "{\n  \"total\": 5,\n  \"subtotal\": 1,\n  \"page\": 1,\n  \"per_page\"\
        : 4294967296,\n  \"search\": \"title=\\\"Foo/Baz\\\"\",\n  \"sort\": {\n \
        \   \"by\": null,\n    \"order\": null\n  },\n  \"results\": [{\"ancestry\"\
        :\"34\",\"parent_id\":34,\"parent_name\":\"Foo\",\"created_at\":\"2019-11-08\
        \ 00:55:34 UTC\",\"updated_at\":\"2019-11-08 00:55:34 UTC\",\"id\":51,\"name\"\
        :\"Baz\",\"title\":\"Foo/Baz\",\"description\":null}]\n}\n"
    headers:
      Cache-Control:
      - max-age=0, private, must-revalidate
      Content-Security-Policy:
      - 'default-src ''self''; child-src ''self''; connect-src ''self'' ws: wss:;
        img-src ''self'' data: *.gravatar.com; script-src ''unsafe-eval'' ''unsafe-inline''
        ''self''; style-src ''unsafe-inline'' ''self'''
      Content-Type:
      - application/json; charset=utf-8
      Date:
      - Fri, 08 Nov 2019 00:56:57 GMT
      ETag:
      - W/"87a3bdd21231029a33c0efdc50850266"
      Foreman_api_version:
      - '2'
      Foreman_version:
      - 1.22.1
      Server:
      - Apache
      Status:
      - 200 OK
      Strict-Transport-Security:
      - max-age=631139040; includeSubdomains
      Transfer-Encoding:
      - chunked
      Vary:
      - Accept-Encoding
      X-Content-Type-Options:
      - nosniff
      X-Download-Options:
      - noopen
      X-Frame-Options:
      - sameorigin
      X-Permitted-Cross-Domain-Policies:
      - none
      X-Powered-By:
      - Phusion Passenger 4.0.53
      X-Request-Id:
      - 5e949f17-6de5-42ea-bfe2-77b974e28b6d
      X-Runtime:
      - '0.060989'
      X-XSS-Protection:
      - 1; mode=block
    status:
      code: 200
      message: OK
- request:
    body: null
    headers:
      Accept:
      - application/json;version=2
      Cookie:
      - _session_id=f134657054928f73434acd4ff3b7dd5f
    method: GET
    uri: https://127.0.0.1:4433/api/locations?search=title%3D%22Bar%22&per_page=4294967296
  response:
    body:
      string: "{\n  \"total\": 5,\n  \"subtotal\": 1,\n  \"page\": 1,\n  \"per_page\"\
        : 4294967296,\n  \"search\": \"title=\\\"Bar\\\"\",\n  \"sort\": {\n    \"\
        by\": null,\n    \"order\": null\n  },\n  \"results\": [{\"ancestry\":null,\"\
        parent_id\":null,\"parent_name\":null,\"created_at\":\"2019-11-08 00:55:38\
        \ UTC\",\"updated_at\":\"2019-11-08 00:55:38 UTC\",\"id\":52,\"name\":\"Bar\"\
        ,\"title\":\"Bar\",\"description\":null}]\n}\n"
    headers:
      Cache-Control:
      - max-age=0, private, must-revalidate
      Content-Security-Policy:
      - 'default-src ''self''; child-src ''self''; connect-src ''self'' ws: wss:;
        img-src ''self'' data: *.gravatar.com; script-src ''unsafe-eval'' ''unsafe-inline''
        ''self''; style-src ''unsafe-inline'' ''self'''
      Content-Type:
      - application/json; charset=utf-8
      Date:
      - Fri, 08 Nov 2019 00:56:57 GMT
      ETag:
      - W/"c737ef6a233e08bbcd46758628283c88"
      Foreman_api_version:
      - '2'
      Foreman_version:
      - 1.22.1
      Server:
      - Apache
      Status:
      - 200 OK
      Strict-Transport-Security:
      - max-age=631139040; includeSubdomains
      Transfer-Encoding:
      - chunked
      Vary:
      - Accept-Encoding
      X-Content-Type-Options:
      - nosniff
      X-Download-Options:
      - noopen
      X-Frame-Options:
      - sameorigin
      X-Permitted-Cross-Domain-Policies:
      - none
      X-Powered-By:
      - Phusion Passenger 4.0.53
      X-Request-Id:
      - 90f5c8f0-2f64-44b8-83cc-7cc8494ad949
      X-Runtime:
      - '0.056319'
      X-XSS-Protection:
      - 1; mode=block
    status:
      code: 200
      message: OK
- request:
    body: null
    headers:
      Accept:
      - application/json;version=2
      Cookie:
      - _session_id=f134657054928f73434acd4ff3b7dd5f
    method: GET
    uri: https://127.0.0.1:4433/api/domains?search=name%3D%22foo.example.com%22&per_page=4294967296
  response:
    body:
      string: "{\n  \"total\": 3,\n  \"subtotal\": 1,\n  \"page\": 1,\n  \"per_page\"\
        : 4294967296,\n  \"search\": \"name=\\\"foo.example.com\\\"\",\n  \"sort\"\
        : {\n    \"by\": null,\n    \"order\": null\n  },\n  \"results\": [{\"fullname\"\
        :null,\"created_at\":\"2019-11-08 00:55:53 UTC\",\"updated_at\":\"2019-11-08\
        \ 00:55:53 UTC\",\"id\":10,\"name\":\"foo.example.com\",\"dns_id\":1,\"dns\"\
        :{\"name\":\"foreman.example.com\",\"id\":1,\"url\":\"https://foreman.example.com:9090\"\
        }}]\n}\n"
    headers:
      Cache-Control:
      - max-age=0, private, must-revalidate
      Content-Security-Policy:
      - 'default-src ''self''; child-src ''self''; connect-src ''self'' ws: wss:;
        img-src ''self'' data: *.gravatar.com; script-src ''unsafe-eval'' ''unsafe-inline''
        ''self''; style-src ''unsafe-inline'' ''self'''
      Content-Type:
      - application/json; charset=utf-8
      Date:
      - Fri, 08 Nov 2019 00:56:57 GMT
      ETag:
      - W/"41076bbc7eabe5205d34ab9e1ec9046f"
      Foreman_api_version:
      - '2'
      Foreman_version:
      - 1.22.1
      Server:
      - Apache
      Status:
      - 200 OK
      Strict-Transport-Security:
      - max-age=631139040; includeSubdomains
      Transfer-Encoding:
      - chunked
      Vary:
      - Accept-Encoding
      X-Content-Type-Options:
      - nosniff
      X-Download-Options:
      - noopen
      X-Frame-Options:
      - sameorigin
      X-Permitted-Cross-Domain-Policies:
      - none
      X-Powered-By:
      - Phusion Passenger 4.0.53
      X-Request-Id:
      - 31f4574b-9b4d-4fd8-90ff-0cec2fa280a4
      X-Runtime:
      - '0.057912'
      X-XSS-Protection:
      - 1; mode=block
    status:
      code: 200
      message: OK
- request:
    body: null
    headers:
      Accept:
      - application/json;version=2
      Cookie:
      - _session_id=f134657054928f73434acd4ff3b7dd5f
    method: GET
    uri: https://127.0.0.1:4433/api/subnets?search=name%3D%22Test+subnet4%22&per_page=4294967296
  response:
    body:
      string: "{\n  \"total\": 1,\n  \"subtotal\": 1,\n  \"page\": 1,\n  \"per_page\"\
        : 4294967296,\n  \"search\": \"name=\\\"Test subnet4\\\"\",\n  \"sort\": {\n\
        \    \"by\": null,\n    \"order\": null\n  },\n  \"results\": [{\"network\"\
        :\"192.168.200.0\",\"network_type\":\"IPv4\",\"cidr\":27,\"mask\":\"255.255.255.224\"\
        ,\"priority\":null,\"vlanid\":null,\"mtu\":1500,\"gateway\":null,\"dns_primary\"\
        :null,\"dns_secondary\":null,\"from\":null,\"to\":null,\"created_at\":\"2019-11-08\
        \ 00:55:57 UTC\",\"updated_at\":\"2019-11-08 00:55:57 UTC\",\"ipam\":\"DHCP\"\
        ,\"boot_mode\":\"DHCP\",\"id\":5,\"name\":\"Test subnet4\",\"description\"\
        :null,\"network_address\":\"192.168.200.0/27\",\"dhcp_id\":null,\"dhcp_name\"\
        :null,\"tftp_id\":null,\"tftp_name\":null,\"httpboot_id\":null,\"httpboot_name\"\
        :null,\"dns_id\":null,\"template_id\":null,\"template_name\":null,\"dhcp\"\
        :null,\"tftp\":null,\"httpboot\":null,\"dns\":null,\"template\":null}]\n}\n"
    headers:
      Cache-Control:
      - max-age=0, private, must-revalidate
      Content-Security-Policy:
      - 'default-src ''self''; child-src ''self''; connect-src ''self'' ws: wss:;
        img-src ''self'' data: *.gravatar.com; script-src ''unsafe-eval'' ''unsafe-inline''
        ''self''; style-src ''unsafe-inline'' ''self'''
      Content-Type:
      - application/json; charset=utf-8
      Date:
      - Fri, 08 Nov 2019 00:56:57 GMT
      ETag:
      - W/"b13f808ffd094588ab01e81b2b7d8e47"
      Foreman_api_version:
      - '2'
      Foreman_version:
      - 1.22.1
      Server:
      - Apache
      Status:
      - 200 OK
      Strict-Transport-Security:
      - max-age=631139040; includeSubdomains
      Transfer-Encoding:
      - chunked
      Vary:
      - Accept-Encoding
      X-Content-Type-Options:
      - nosniff
      X-Download-Options:
      - noopen
      X-Frame-Options:
      - sameorigin
      X-Permitted-Cross-Domain-Policies:
      - none
      X-Powered-By:
      - Phusion Passenger 4.0.53
      X-Request-Id:
      - f0d4f6cc-c235-4c9e-9d9d-a39f03d60540
      X-Runtime:
      - '0.055823'
      X-XSS-Protection:
      - 1; mode=block
    status:
      code: 200
      message: OK
- request:
    body: null
    headers:
      Accept:
      - application/json;version=2
      Cookie:
      - _session_id=f134657054928f73434acd4ff3b7dd5f
    method: GET
    uri: https://127.0.0.1:4433/api/architectures?search=name%3D%22x86_64%22&per_page=4294967296
  response:
    body:
      string: "{\n  \"total\": 2,\n  \"subtotal\": 1,\n  \"page\": 1,\n  \"per_page\"\
        : 4294967296,\n  \"search\": \"name=\\\"x86_64\\\"\",\n  \"sort\": {\n   \
        \ \"by\": null,\n    \"order\": null\n  },\n  \"results\": [{\"created_at\"\
        :\"2019-10-17 12:27:57 UTC\",\"updated_at\":\"2019-10-17 12:27:57 UTC\",\"\
        name\":\"x86_64\",\"id\":1}]\n}\n"
    headers:
      Cache-Control:
      - max-age=0, private, must-revalidate
      Content-Security-Policy:
      - 'default-src ''self''; child-src ''self''; connect-src ''self'' ws: wss:;
        img-src ''self'' data: *.gravatar.com; script-src ''unsafe-eval'' ''unsafe-inline''
        ''self''; style-src ''unsafe-inline'' ''self'''
      Content-Type:
      - application/json; charset=utf-8
      Date:
      - Fri, 08 Nov 2019 00:56:57 GMT
      ETag:
      - W/"05c213890d16d735398c4450758add11"
      Foreman_api_version:
      - '2'
      Foreman_version:
      - 1.22.1
      Server:
      - Apache
      Status:
      - 200 OK
      Strict-Transport-Security:
      - max-age=631139040; includeSubdomains
      Transfer-Encoding:
      - chunked
      Vary:
      - Accept-Encoding
      X-Content-Type-Options:
      - nosniff
      X-Download-Options:
      - noopen
      X-Frame-Options:
      - sameorigin
      X-Permitted-Cross-Domain-Policies:
      - none
      X-Powered-By:
      - Phusion Passenger 4.0.53
      X-Request-Id:
      - e0cd000f-4792-4e69-ab91-8e1d2cd41b70
      X-Runtime:
      - '0.051488'
      X-XSS-Protection:
      - 1; mode=block
    status:
      code: 200
      message: OK
- request:
    body: null
    headers:
      Accept:
      - application/json;version=2
      Cookie:
      - _session_id=f134657054928f73434acd4ff3b7dd5f
    method: GET
    uri: https://127.0.0.1:4433/api/operatingsystems?search=title%3D%22TestOS+7.6%22&per_page=4294967296
  response:
    body:
      string: "{\n  \"total\": 2,\n  \"subtotal\": 1,\n  \"page\": 1,\n  \"per_page\"\
        : 4294967296,\n  \"search\": \"title=\\\"TestOS 7.6\\\"\",\n  \"sort\": {\n\
        \    \"by\": null,\n    \"order\": null\n  },\n  \"results\": [{\"description\"\
        :null,\"major\":\"7\",\"minor\":\"6\",\"family\":\"Redhat\",\"release_name\"\
        :\"reverse whip\",\"password_hash\":\"SHA256\",\"created_at\":\"2019-11-08\
        \ 00:56:02 UTC\",\"updated_at\":\"2019-11-08 00:56:02 UTC\",\"id\":6,\"name\"\
        :\"TestOS\",\"title\":\"TestOS 7.6\"}]\n}\n"
    headers:
      Cache-Control:
      - max-age=0, private, must-revalidate
      Content-Security-Policy:
      - 'default-src ''self''; child-src ''self''; connect-src ''self'' ws: wss:;
        img-src ''self'' data: *.gravatar.com; script-src ''unsafe-eval'' ''unsafe-inline''
        ''self''; style-src ''unsafe-inline'' ''self'''
      Content-Type:
      - application/json; charset=utf-8
      Date:
      - Fri, 08 Nov 2019 00:56:57 GMT
      ETag:
      - W/"002d3c302afd69cad54fdabc52270d7f"
      Foreman_api_version:
      - '2'
      Foreman_version:
      - 1.22.1
      Server:
      - Apache
      Status:
      - 200 OK
      Strict-Transport-Security:
      - max-age=631139040; includeSubdomains
      Transfer-Encoding:
      - chunked
      Vary:
      - Accept-Encoding
      X-Content-Type-Options:
      - nosniff
      X-Download-Options:
      - noopen
      X-Frame-Options:
      - sameorigin
      X-Permitted-Cross-Domain-Policies:
      - none
      X-Powered-By:
      - Phusion Passenger 4.0.53
      X-Request-Id:
      - 6c7f2df0-f38d-4e86-bd30-ae376890405f
      X-Runtime:
      - '0.050183'
      X-XSS-Protection:
      - 1; mode=block
    status:
      code: 200
      message: OK
- request:
    body: null
    headers:
      Accept:
      - application/json;version=2
      Cookie:
      - _session_id=f134657054928f73434acd4ff3b7dd5f
    method: GET
    uri: https://127.0.0.1:4433/api/media?search=name%3D%22TestOS+Mirror%22&per_page=4294967296
  response:
    body:
      string: "{\n  \"total\": 10,\n  \"subtotal\": 1,\n  \"page\": 1,\n  \"per_page\"\
        : 4294967296,\n  \"search\": \"name=\\\"TestOS Mirror\\\"\",\n  \"sort\":\
        \ {\n    \"by\": null,\n    \"order\": null\n  },\n  \"results\": [{\"path\"\
        :\"https://templeos.org/TempleOS.ISO\",\"os_family\":\"Redhat\",\"created_at\"\
        :\"2019-11-08 00:56:05 UTC\",\"updated_at\":\"2019-11-08 00:56:05 UTC\",\"\
        id\":14,\"name\":\"TestOS Mirror\"}]\n}\n"
    headers:
      Cache-Control:
      - max-age=0, private, must-revalidate
      Content-Security-Policy:
      - 'default-src ''self''; child-src ''self''; connect-src ''self'' ws: wss:;
        img-src ''self'' data: *.gravatar.com; script-src ''unsafe-eval'' ''unsafe-inline''
        ''self''; style-src ''unsafe-inline'' ''self'''
      Content-Type:
      - application/json; charset=utf-8
      Date:
      - Fri, 08 Nov 2019 00:56:57 GMT
      ETag:
      - W/"6c49334c8b016aa397a163d04b4a83a9"
      Foreman_api_version:
      - '2'
      Foreman_version:
      - 1.22.1
      Server:
      - Apache
      Status:
      - 200 OK
      Strict-Transport-Security:
      - max-age=631139040; includeSubdomains
      Transfer-Encoding:
      - chunked
      Vary:
      - Accept-Encoding
      X-Content-Type-Options:
      - nosniff
      X-Download-Options:
      - noopen
      X-Frame-Options:
      - sameorigin
      X-Permitted-Cross-Domain-Policies:
      - none
      X-Powered-By:
      - Phusion Passenger 4.0.53
      X-Request-Id:
      - 37cbeffe-81d0-4f2e-9701-8a40e8392bcf
      X-Runtime:
      - '0.055120'
      X-XSS-Protection:
      - 1; mode=block
    status:
      code: 200
      message: OK
- request:
    body: null
    headers:
      Accept:
      - application/json;version=2
      Cookie:
      - _session_id=f134657054928f73434acd4ff3b7dd5f
    method: GET
    uri: https://127.0.0.1:4433/api/ptables?search=name%3D%22Part+table%22&per_page=4294967296
  response:
    body:
      string: "{\n  \"total\": 16,\n  \"subtotal\": 1,\n  \"page\": 1,\n  \"per_page\"\
        : 4294967296,\n  \"search\": \"name=\\\"Part table\\\"\",\n  \"sort\": {\n\
        \    \"by\": null,\n    \"order\": null\n  },\n  \"results\": [{\"os_family\"\
        :\"Redhat\",\"created_at\":\"2019-11-08 00:56:00 UTC\",\"updated_at\":\"2019-11-08\
        \ 00:56:00 UTC\",\"name\":\"Part table\",\"id\":119}]\n}\n"
    headers:
      Cache-Control:
      - max-age=0, private, must-revalidate
      Content-Security-Policy:
      - 'default-src ''self''; child-src ''self''; connect-src ''self'' ws: wss:;
        img-src ''self'' data: *.gravatar.com; script-src ''unsafe-eval'' ''unsafe-inline''
        ''self''; style-src ''unsafe-inline'' ''self'''
      Content-Type:
      - application/json; charset=utf-8
      Date:
      - Fri, 08 Nov 2019 00:56:57 GMT
      ETag:
      - W/"cf69f774792edbbff28e8f736049888a"
      Foreman_api_version:
      - '2'
      Foreman_version:
      - 1.22.1
      Server:
      - Apache
      Status:
      - 200 OK
      Strict-Transport-Security:
      - max-age=631139040; includeSubdomains
      Transfer-Encoding:
      - chunked
      Vary:
      - Accept-Encoding
      X-Content-Type-Options:
      - nosniff
      X-Download-Options:
      - noopen
      X-Frame-Options:
      - sameorigin
      X-Permitted-Cross-Domain-Policies:
      - none
      X-Powered-By:
      - Phusion Passenger 4.0.53
      X-Request-Id:
      - 41bcf499-cac2-4757-b22a-78ed2b40a95c
      X-Runtime:
      - '0.054861'
      X-XSS-Protection:
      - 1; mode=block
    status:
      code: 200
      message: OK
- request:
    body: null
    headers:
      Accept:
      - application/json;version=2
      Cookie:
      - _session_id=f134657054928f73434acd4ff3b7dd5f
    method: GET
    uri: https://127.0.0.1:4433/api/smart_proxies?search=name%3D%22foreman.example.com%22&per_page=4294967296
  response:
    body:
      string: "{\n  \"total\": 1,\n  \"subtotal\": 1,\n  \"page\": 1,\n  \"per_page\"\
        : 4294967296,\n  \"search\": \"name=\\\"foreman.example.com\\\"\",\n  \"sort\"\
        : {\n    \"by\": null,\n    \"order\": null\n  },\n  \"results\": [{\"created_at\"\
        :\"2019-10-17 12:43:39 UTC\",\"updated_at\":\"2019-11-07 14:40:05 UTC\",\"\
        name\":\"foreman.example.com\",\"id\":1,\"url\":\"https://foreman.example.com:9090\"\
        ,\"download_policy\":\"on_demand\",\"features\":[{\"capabilities\":[],\"name\"\
        :\"Pulp\",\"id\":2},{\"capabilities\":[],\"name\":\"Templates\",\"id\":1},{\"\
        capabilities\":[],\"name\":\"TFTP\",\"id\":5},{\"capabilities\":[],\"name\"\
        :\"Puppet CA\",\"id\":9},{\"capabilities\":[],\"name\":\"Puppet\",\"id\":8},{\"\
        capabilities\":[],\"name\":\"Logs\",\"id\":13},{\"capabilities\":[],\"name\"\
        :\"HTTPBoot\",\"id\":14},{\"capabilities\":[],\"name\":\"DNS\",\"id\":6}]}]\n\
        }\n"
    headers:
      Cache-Control:
      - max-age=0, private, must-revalidate
      Content-Security-Policy:
      - 'default-src ''self''; child-src ''self''; connect-src ''self'' ws: wss:;
        img-src ''self'' data: *.gravatar.com; script-src ''unsafe-eval'' ''unsafe-inline''
        ''self''; style-src ''unsafe-inline'' ''self'''
      Content-Type:
      - application/json; charset=utf-8
      Date:
      - Fri, 08 Nov 2019 00:56:57 GMT
      ETag:
      - W/"de9a57105d9d15c8750b788d42a6f01e"
      Foreman_api_version:
      - '2'
      Foreman_version:
      - 1.22.1
      Server:
      - Apache
      Status:
      - 200 OK
      Strict-Transport-Security:
      - max-age=631139040; includeSubdomains
      Transfer-Encoding:
      - chunked
      Vary:
      - Accept-Encoding
      X-Content-Type-Options:
      - nosniff
      X-Download-Options:
      - noopen
      X-Frame-Options:
      - sameorigin
      X-Permitted-Cross-Domain-Policies:
      - none
      X-Powered-By:
      - Phusion Passenger 4.0.53
      X-Request-Id:
      - e8c2f3cf-cc39-4c11-bfe4-9903e4b47d4c
      X-Runtime:
      - '0.064332'
      X-XSS-Protection:
      - 1; mode=block
    status:
      code: 200
      message: OK
- request:
    body: null
    headers:
      Accept:
      - application/json;version=2
      Cookie:
      - _session_id=f134657054928f73434acd4ff3b7dd5f
    method: GET
    uri: https://127.0.0.1:4433/api/smart_proxies?search=name%3D%22foreman.example.com%22&per_page=4294967296
  response:
    body:
      string: "{\n  \"total\": 1,\n  \"subtotal\": 1,\n  \"page\": 1,\n  \"per_page\"\
        : 4294967296,\n  \"search\": \"name=\\\"foreman.example.com\\\"\",\n  \"sort\"\
        : {\n    \"by\": null,\n    \"order\": null\n  },\n  \"results\": [{\"created_at\"\
        :\"2019-10-17 12:43:39 UTC\",\"updated_at\":\"2019-11-07 14:40:05 UTC\",\"\
        name\":\"foreman.example.com\",\"id\":1,\"url\":\"https://foreman.example.com:9090\"\
        ,\"download_policy\":\"on_demand\",\"features\":[{\"capabilities\":[],\"name\"\
        :\"Pulp\",\"id\":2},{\"capabilities\":[],\"name\":\"Templates\",\"id\":1},{\"\
        capabilities\":[],\"name\":\"TFTP\",\"id\":5},{\"capabilities\":[],\"name\"\
        :\"Puppet CA\",\"id\":9},{\"capabilities\":[],\"name\":\"Puppet\",\"id\":8},{\"\
        capabilities\":[],\"name\":\"Logs\",\"id\":13},{\"capabilities\":[],\"name\"\
        :\"HTTPBoot\",\"id\":14},{\"capabilities\":[],\"name\":\"DNS\",\"id\":6}]}]\n\
        }\n"
    headers:
      Cache-Control:
      - max-age=0, private, must-revalidate
      Content-Security-Policy:
      - 'default-src ''self''; child-src ''self''; connect-src ''self'' ws: wss:;
        img-src ''self'' data: *.gravatar.com; script-src ''unsafe-eval'' ''unsafe-inline''
        ''self''; style-src ''unsafe-inline'' ''self'''
      Content-Type:
      - application/json; charset=utf-8
      Date:
      - Fri, 08 Nov 2019 00:56:57 GMT
      ETag:
      - W/"de9a57105d9d15c8750b788d42a6f01e"
      Foreman_api_version:
      - '2'
      Foreman_version:
      - 1.22.1
      Server:
      - Apache
      Status:
      - 200 OK
      Strict-Transport-Security:
      - max-age=631139040; includeSubdomains
      Transfer-Encoding:
      - chunked
      Vary:
      - Accept-Encoding
      X-Content-Type-Options:
      - nosniff
      X-Download-Options:
      - noopen
      X-Frame-Options:
      - sameorigin
      X-Permitted-Cross-Domain-Policies:
      - none
      X-Powered-By:
      - Phusion Passenger 4.0.53
      X-Request-Id:
      - e4fbb9aa-ec02-4b5c-aac2-7d963d44dea4
      X-Runtime:
      - '0.065332'
      X-XSS-Protection:
      - 1; mode=block
    status:
      code: 200
      message: OK
- request:
    body: null
    headers:
      Accept:
      - application/json;version=2
      Cookie:
      - _session_id=f134657054928f73434acd4ff3b7dd5f
    method: GET
    uri: https://127.0.0.1:4433/api/organizations?search=name%3D%22Test+Org1%22&per_page=4294967296
  response:
    body:
      string: "{\n  \"total\": 3,\n  \"subtotal\": 1,\n  \"page\": 1,\n  \"per_page\"\
        : 4294967296,\n  \"search\": \"name=\\\"Test Org1\\\"\",\n  \"sort\": {\n\
        \    \"by\": null,\n    \"order\": null\n  },\n  \"results\": [{\"ancestry\"\
        :null,\"parent_id\":null,\"parent_name\":null,\"created_at\":\"2019-11-08\
        \ 00:55:42 UTC\",\"updated_at\":\"2019-11-08 00:55:42 UTC\",\"id\":53,\"name\"\
        :\"Test Org1\",\"title\":\"Test Org1\",\"description\":\"A test organization\"\
        }]\n}\n"
    headers:
      Cache-Control:
      - max-age=0, private, must-revalidate
      Content-Security-Policy:
      - 'default-src ''self''; child-src ''self''; connect-src ''self'' ws: wss:;
        img-src ''self'' data: *.gravatar.com; script-src ''unsafe-eval'' ''unsafe-inline''
        ''self''; style-src ''unsafe-inline'' ''self'''
      Content-Type:
      - application/json; charset=utf-8
      Date:
      - Fri, 08 Nov 2019 00:56:57 GMT
      ETag:
      - W/"c0499d1df48459efebfb1fd487fe8466"
      Foreman_api_version:
      - '2'
      Foreman_version:
      - 1.22.1
      Server:
      - Apache
      Status:
      - 200 OK
      Strict-Transport-Security:
      - max-age=631139040; includeSubdomains
      Transfer-Encoding:
      - chunked
      Vary:
      - Accept-Encoding
      X-Content-Type-Options:
      - nosniff
      X-Download-Options:
      - noopen
      X-Frame-Options:
      - sameorigin
      X-Permitted-Cross-Domain-Policies:
      - none
      X-Powered-By:
      - Phusion Passenger 4.0.53
      X-Request-Id:
      - a73331f2-509e-45b3-be68-3abe0fe15caf
      X-Runtime:
      - '0.060614'
      X-XSS-Protection:
      - 1; mode=block
    status:
      code: 200
      message: OK
- request:
    body: null
    headers:
      Accept:
      - application/json;version=2
      Cookie:
      - _session_id=f134657054928f73434acd4ff3b7dd5f
    method: GET
    uri: https://127.0.0.1:4433/api/organizations?search=name%3D%22Test+Org2%22&per_page=4294967296
  response:
    body:
      string: "{\n  \"total\": 3,\n  \"subtotal\": 1,\n  \"page\": 1,\n  \"per_page\"\
        : 4294967296,\n  \"search\": \"name=\\\"Test Org2\\\"\",\n  \"sort\": {\n\
        \    \"by\": null,\n    \"order\": null\n  },\n  \"results\": [{\"ancestry\"\
        :null,\"parent_id\":null,\"parent_name\":null,\"created_at\":\"2019-11-08\
        \ 00:55:47 UTC\",\"updated_at\":\"2019-11-08 00:55:47 UTC\",\"id\":54,\"name\"\
        :\"Test Org2\",\"title\":\"Test Org2\",\"description\":\"A test organization\"\
        }]\n}\n"
    headers:
      Cache-Control:
      - max-age=0, private, must-revalidate
      Content-Security-Policy:
      - 'default-src ''self''; child-src ''self''; connect-src ''self'' ws: wss:;
        img-src ''self'' data: *.gravatar.com; script-src ''unsafe-eval'' ''unsafe-inline''
        ''self''; style-src ''unsafe-inline'' ''self'''
      Content-Type:
      - application/json; charset=utf-8
      Date:
      - Fri, 08 Nov 2019 00:56:57 GMT
      ETag:
      - W/"6b410350817d584fd697d3f62ea4cd2c"
      Foreman_api_version:
      - '2'
      Foreman_version:
      - 1.22.1
      Server:
      - Apache
      Status:
      - 200 OK
      Strict-Transport-Security:
      - max-age=631139040; includeSubdomains
      Transfer-Encoding:
      - chunked
      Vary:
      - Accept-Encoding
      X-Content-Type-Options:
      - nosniff
      X-Download-Options:
      - noopen
      X-Frame-Options:
      - sameorigin
      X-Permitted-Cross-Domain-Policies:
      - none
      X-Powered-By:
      - Phusion Passenger 4.0.53
      X-Request-Id:
      - bf94b4f3-35d3-444a-a992-924f5e3693a1
      X-Runtime:
      - '0.103178'
      X-XSS-Protection:
      - 1; mode=block
    status:
      code: 200
      message: OK
- request:
    body: null
    headers:
      Accept:
      - application/json;version=2
      Cookie:
      - _session_id=f134657054928f73434acd4ff3b7dd5f
    method: GET
    uri: https://127.0.0.1:4433/api/hostgroups?search=title%3D%22New+host+group%2FNested+New+host+group%2FNew+host+group+with+nested+parent%22&per_page=4294967296
  response:
    body:
      string: "{\n  \"total\": 3,\n  \"subtotal\": 0,\n  \"page\": 1,\n  \"per_page\"\
        : 4294967296,\n  \"search\": \"title=\\\"New host group/Nested New host group/New\
        \ host group with nested parent\\\"\",\n  \"sort\": {\n    \"by\": null,\n\
        \    \"order\": null\n  },\n  \"results\": []\n}\n"
    headers:
      Cache-Control:
      - max-age=0, private, must-revalidate
      Content-Security-Policy:
      - 'default-src ''self''; child-src ''self''; connect-src ''self'' ws: wss:;
        img-src ''self'' data: *.gravatar.com; script-src ''unsafe-eval'' ''unsafe-inline''
        ''self''; style-src ''unsafe-inline'' ''self'''
      Content-Type:
      - application/json; charset=utf-8
      Date:
      - Fri, 08 Nov 2019 00:56:58 GMT
      ETag:
      - W/"ef2135154bb7a350c473497179b2f5fe"
      Foreman_api_version:
      - '2'
      Foreman_version:
      - 1.22.1
      Server:
      - Apache
      Status:
      - 200 OK
      Strict-Transport-Security:
      - max-age=631139040; includeSubdomains
      Transfer-Encoding:
      - chunked
      Vary:
      - Accept-Encoding
      X-Content-Type-Options:
      - nosniff
      X-Download-Options:
      - noopen
      X-Frame-Options:
      - sameorigin
      X-Permitted-Cross-Domain-Policies:
      - none
      X-Powered-By:
      - Phusion Passenger 4.0.53
      X-Request-Id:
      - 6bfc58d1-1130-4524-83f1-6ca1e6dd8b2e
      X-Runtime:
      - '0.082904'
      X-XSS-Protection:
      - 1; mode=block
    status:
      code: 200
      message: OK
- request:
    body: '{"hostgroup": {"name": "New host group with nested parent", "description":
      "Nested group", "parent_id": 42, "operatingsystem_id": 6, "architecture_id":
      1, "pxe_loader": "Grub2 UEFI", "medium_id": 14, "ptable_id": 119, "subnet_id":
      5, "domain_id": 10, "puppet_proxy_id": 1, "puppet_ca_proxy_id": 1, "location_ids":
      [34, 51, 52], "organization_ids": [53, 54]}}'
    headers:
      Accept:
      - application/json;version=2
      Content-Length:
      - '358'
      Content-Type:
      - application/json
      Cookie:
      - _session_id=f134657054928f73434acd4ff3b7dd5f
    method: POST
    uri: https://127.0.0.1:4433/api/hostgroups
  response:
    body:
      string: '{"subnet_id":5,"subnet_name":"Test subnet4","operatingsystem_id":6,"operatingsystem_name":"TestOS
        7.6","domain_id":10,"domain_name":"foo.example.com","environment_id":null,"environment_name":"production","compute_profile_id":null,"compute_profile_name":"myprofile","ancestry":"40/42","parent_id":42,"parent_name":"New
        host group/Nested New host group","ptable_id":119,"ptable_name":"Part table","medium_id":14,"medium_name":"TestOS
        Mirror","pxe_loader":"Grub2 UEFI","subnet6_id":null,"subnet6_name":null,"architecture_id":1,"architecture_name":"x86_64","realm_id":null,"realm_name":null,"created_at":"2019-11-08
        00:56:58 UTC","updated_at":"2019-11-08 00:56:58 UTC","id":43,"name":"New host
        group with nested parent","title":"New host group/Nested New host group/New
        host group with nested parent","description":"Nested group","puppet_proxy_id":1,"puppet_proxy_name":"foreman.example.com","puppet_ca_proxy_id":1,"puppet_ca_proxy_name":"foreman.example.com","puppet_proxy":{"name":"foreman.example.com","id":1,"url":"https://foreman.example.com:9090"},"puppet_ca_proxy":{"name":"foreman.example.com","id":1,"url":"https://foreman.example.com:9090"},"parameters":[],"template_combinations":[],"puppetclasses":[],"config_groups":[],"all_puppetclasses":[],"locations":[{"id":34,"name":"Foo","title":"Foo","description":null},{"id":51,"name":"Baz","title":"Foo/Baz","description":null},{"id":52,"name":"Bar","title":"Bar","description":null}],"organizations":[{"id":53,"name":"Test
        Org1","title":"Test Org1","description":"A test organization"},{"id":54,"name":"Test
        Org2","title":"Test Org2","description":"A test organization"}]}'
    headers:
      Cache-Control:
      - max-age=0, private, must-revalidate
      Content-Security-Policy:
      - 'default-src ''self''; child-src ''self''; connect-src ''self'' ws: wss:;
        img-src ''self'' data: *.gravatar.com; script-src ''unsafe-eval'' ''unsafe-inline''
        ''self''; style-src ''unsafe-inline'' ''self'''
      Content-Type:
      - application/json; charset=utf-8
      Date:
      - Fri, 08 Nov 2019 00:56:58 GMT
      ETag:
      - W/"79979eb001902642aa690e0fd6787d74"
      Foreman_api_version:
      - '2'
      Foreman_version:
      - 1.22.1
      Server:
      - Apache
      Set-Cookie:
      - request_method=POST; path=/; secure; HttpOnly; SameSite=Lax
      Status:
      - 201 Created
      Strict-Transport-Security:
      - max-age=631139040; includeSubdomains
      Transfer-Encoding:
      - chunked
      X-Content-Type-Options:
      - nosniff
      X-Download-Options:
      - noopen
      X-Frame-Options:
      - sameorigin
      X-Permitted-Cross-Domain-Policies:
      - none
      X-Powered-By:
      - Phusion Passenger 4.0.53
      X-Request-Id:
      - 282a3820-4855-4bc9-8586-1561d7c32a62
      X-Runtime:
      - '0.658929'
      X-XSS-Protection:
      - 1; mode=block
    status:
      code: 201
      message: Created
version: 1
