interactions:
- request:
    body: null
    headers:
      Accept:
      - application/json;version=2
    method: GET
    uri: https://foreman.example.com/api/status
  response:
    body:
      string: !!python/unicode '{"result":"ok","status":200,"version":"1.22.0","api_version":2}'
    headers:
      apipie-checksum:
      - 5adea7a94ce02bd4ebd4e9df5046899d962d1188
      cache-control:
      - max-age=0, private, must-revalidate
      content-length:
      - '63'
      content-security-policy:
      - 'default-src ''self''; child-src ''self''; connect-src ''self'' ws: wss:;
        img-src ''self'' data: *.gravatar.com; script-src ''unsafe-eval'' ''unsafe-inline''
        ''self''; style-src ''unsafe-inline'' ''self'''
      content-type:
      - application/json; charset=utf-8
      date:
      - Fri, 19 Jul 2019 16:07:36 GMT
      etag:
      - W/"674e9dbc2140c688b559566b581c5c09"
      foreman_api_version:
      - '2'
      foreman_version:
      - 1.22.0
      server:
      - Apache
      set-cookie:
      - _session_id=aaf55b0e6b29902b07cbd39f6e20d662; path=/; secure; HttpOnly; SameSite=Lax
      status:
      - 200 OK
      strict-transport-security:
      - max-age=631139040; includeSubdomains
      x-content-type-options:
      - nosniff
      x-download-options:
      - noopen
      x-frame-options:
      - sameorigin
      x-permitted-cross-domain-policies:
      - none
      x-powered-by:
      - Phusion Passenger 4.0.53
      x-request-id:
      - 13580dd9-7ef0-4a7f-b76d-de3c4fe194ab
      x-runtime:
      - '0.073452'
      x-xss-protection:
      - 1; mode=block
    status:
      code: 200
      message: OK
- request:
    body: null
    headers:
      Accept:
      - application/json;version=2
      Cookie:
      - _session_id=aaf55b0e6b29902b07cbd39f6e20d662
    method: GET
    uri: https://foreman.example.com/api/hostgroups?per_page=4294967296&search=title%3D%22test_hostgroup%22&thin=False
  response:
    body:
      string: !!python/unicode "{\n  \"total\": 1,\n  \"subtotal\": 1,\n  \"page\":
        1,\n  \"per_page\": 4294967296,\n  \"search\": \"title=\\\"test_hostgroup\\\"\",\n
        \ \"sort\": {\n    \"by\": null,\n    \"order\": null\n  },\n  \"results\":
        [{\"subnet_id\":null,\"subnet_name\":null,\"operatingsystem_id\":2,\"operatingsystem_name\":\"TestOS
        1.2\",\"domain_id\":null,\"domain_name\":null,\"environment_id\":null,\"environment_name\":null,\"compute_profile_id\":null,\"compute_profile_name\":null,\"ancestry\":null,\"parent_id\":null,\"parent_name\":null,\"ptable_id\":116,\"ptable_name\":\"Timetravel
        finish\",\"medium_id\":11,\"medium_name\":\"Temple OS 1.0\",\"pxe_loader\":null,\"subnet6_id\":null,\"subnet6_name\":null,\"architecture_id\":1,\"architecture_name\":\"x86_64\",\"realm_id\":null,\"realm_name\":null,\"created_at\":\"2019-07-19
        16:07:35 UTC\",\"updated_at\":\"2019-07-19 16:07:35 UTC\",\"id\":2,\"name\":\"test_hostgroup\",\"title\":\"test_hostgroup\",\"description\":\"New
        host group\",\"puppet_proxy_id\":null,\"puppet_proxy_name\":null,\"puppet_ca_proxy_id\":null,\"puppet_ca_proxy_name\":null,\"puppet_proxy\":null,\"puppet_ca_proxy\":null}]\n}\n"
    headers:
      apipie-checksum:
      - 5adea7a94ce02bd4ebd4e9df5046899d962d1188
      cache-control:
      - max-age=0, private, must-revalidate
      content-security-policy:
      - 'default-src ''self''; child-src ''self''; connect-src ''self'' ws: wss:;
        img-src ''self'' data: *.gravatar.com; script-src ''unsafe-eval'' ''unsafe-inline''
        ''self''; style-src ''unsafe-inline'' ''self'''
      content-type:
      - application/json; charset=utf-8
      date:
      - Fri, 19 Jul 2019 16:07:36 GMT
      etag:
      - W/"0476532cecb2d0c2c776a92ff8b73fbf"
      foreman_api_version:
      - '2'
      foreman_version:
      - 1.22.0
      server:
      - Apache
      status:
      - 200 OK
      strict-transport-security:
      - max-age=631139040; includeSubdomains
      transfer-encoding:
      - chunked
      vary:
      - Accept-Encoding
      x-content-type-options:
      - nosniff
      x-download-options:
      - noopen
      x-frame-options:
      - sameorigin
      x-permitted-cross-domain-policies:
      - none
      x-powered-by:
      - Phusion Passenger 4.0.53
      x-request-id:
      - bf5fb514-499c-491d-842c-44194cac03fb
      x-runtime:
      - '0.044195'
      x-xss-protection:
      - 1; mode=block
    status:
      code: 200
      message: OK
- request:
    body: null
    headers:
      Accept:
      - application/json;version=2
      Cookie:
      - _session_id=aaf55b0e6b29902b07cbd39f6e20d662
    method: GET
    uri: https://foreman.example.com/api/hostgroups/2
  response:
    body:
      string: !!python/unicode '{"content_source_id":null,"content_source_name":null,"content_view_id":null,"content_view_name":null,"lifecycle_environment_id":null,"lifecycle_environment_name":null,"kickstart_repository_id":null,"kickstart_repository_name":null,"subnet_id":null,"subnet_name":null,"operatingsystem_id":2,"operatingsystem_name":"TestOS
        1.2","domain_id":null,"domain_name":null,"environment_id":null,"environment_name":null,"compute_profile_id":null,"compute_profile_name":null,"ancestry":null,"parent_id":null,"parent_name":null,"ptable_id":116,"ptable_name":"Timetravel
        finish","medium_id":11,"medium_name":"Temple OS 1.0","pxe_loader":null,"subnet6_id":null,"subnet6_name":null,"architecture_id":1,"architecture_name":"x86_64","realm_id":null,"realm_name":null,"created_at":"2019-07-19
        16:07:35 UTC","updated_at":"2019-07-19 16:07:35 UTC","id":2,"name":"test_hostgroup","title":"test_hostgroup","description":"New
        host group","puppet_proxy_id":null,"puppet_proxy_name":null,"puppet_ca_proxy_id":null,"puppet_ca_proxy_name":null,"puppet_proxy":null,"puppet_ca_proxy":null,"parameters":[],"template_combinations":[],"puppetclasses":[],"config_groups":[],"all_puppetclasses":[],"locations":[],"organizations":[]}'
    headers:
      apipie-checksum:
      - 5adea7a94ce02bd4ebd4e9df5046899d962d1188
      cache-control:
      - max-age=0, private, must-revalidate
      content-security-policy:
      - 'default-src ''self''; child-src ''self''; connect-src ''self'' ws: wss:;
        img-src ''self'' data: *.gravatar.com; script-src ''unsafe-eval'' ''unsafe-inline''
        ''self''; style-src ''unsafe-inline'' ''self'''
      content-type:
      - application/json; charset=utf-8
      date:
      - Fri, 19 Jul 2019 16:07:36 GMT
      etag:
      - W/"7d7273dbdffe671f663051fe7a2bb78a"
      foreman_api_version:
      - '2'
      foreman_version:
      - 1.22.0
      server:
      - Apache
      status:
      - 200 OK
      strict-transport-security:
      - max-age=631139040; includeSubdomains
      transfer-encoding:
      - chunked
      vary:
      - Accept-Encoding
      x-content-type-options:
      - nosniff
      x-download-options:
      - noopen
      x-frame-options:
      - sameorigin
      x-permitted-cross-domain-policies:
      - none
      x-powered-by:
      - Phusion Passenger 4.0.53
      x-request-id:
      - 314157bd-a0bd-490d-8ff0-37a00517d99c
      x-runtime:
      - '0.048773'
      x-xss-protection:
      - 1; mode=block
    status:
      code: 200
      message: OK
- request:
    body: !!python/unicode '{"hostgroup": {"root_pass": "changeme", "description":
      "Test host group"}}'
    headers:
      Accept:
      - application/json;version=2
      Content-Length:
      - '74'
      Content-Type:
      - application/json
      Cookie:
      - _session_id=aaf55b0e6b29902b07cbd39f6e20d662
    method: PUT
    uri: https://foreman.example.com/api/hostgroups/2
  response:
    body:
      string: !!python/unicode '{"subnet_id":null,"subnet_name":null,"operatingsystem_id":2,"operatingsystem_name":"TestOS
        1.2","domain_id":null,"domain_name":null,"environment_id":null,"environment_name":null,"compute_profile_id":null,"compute_profile_name":null,"ancestry":null,"parent_id":null,"parent_name":null,"ptable_id":116,"ptable_name":"Timetravel
        finish","medium_id":11,"medium_name":"Temple OS 1.0","pxe_loader":null,"subnet6_id":null,"subnet6_name":null,"architecture_id":1,"architecture_name":"x86_64","realm_id":null,"realm_name":null,"created_at":"2019-07-19
        16:07:35 UTC","updated_at":"2019-07-19 16:07:36 UTC","id":2,"name":"test_hostgroup","title":"test_hostgroup","description":"Test
        host group","puppet_proxy_id":null,"puppet_proxy_name":null,"puppet_ca_proxy_id":null,"puppet_ca_proxy_name":null,"puppet_proxy":null,"puppet_ca_proxy":null,"parameters":[],"template_combinations":[],"puppetclasses":[],"config_groups":[],"all_puppetclasses":[],"locations":[],"organizations":[]}'
    headers:
      apipie-checksum:
      - 5adea7a94ce02bd4ebd4e9df5046899d962d1188
      cache-control:
      - max-age=0, private, must-revalidate
      content-security-policy:
      - 'default-src ''self''; child-src ''self''; connect-src ''self'' ws: wss:;
        img-src ''self'' data: *.gravatar.com; script-src ''unsafe-eval'' ''unsafe-inline''
        ''self''; style-src ''unsafe-inline'' ''self'''
      content-type:
      - application/json; charset=utf-8
      date:
      - Fri, 19 Jul 2019 16:07:36 GMT
      etag:
      - W/"8985f240c8def7cfc0bba641c50a28db"
      foreman_api_version:
      - '2'
      foreman_version:
      - 1.22.0
      server:
      - Apache
      set-cookie:
      - request_method=PUT; path=/; secure; HttpOnly; SameSite=Lax
      status:
      - 200 OK
      strict-transport-security:
      - max-age=631139040; includeSubdomains
      transfer-encoding:
      - chunked
      vary:
      - Accept-Encoding
      x-content-type-options:
      - nosniff
      x-download-options:
      - noopen
      x-frame-options:
      - sameorigin
      x-permitted-cross-domain-policies:
      - none
      x-powered-by:
      - Phusion Passenger 4.0.53
      x-request-id:
      - 7340e9ec-1be6-47ef-8089-75cff3a2c486
      x-runtime:
      - '0.079147'
      x-xss-protection:
      - 1; mode=block
    status:
      code: 200
      message: OK
version: 1
