interactions:
- request:
    body: null
    headers:
      Accept:
      - application/json;version=2
    method: GET
    uri: https://127.0.0.1:4433/api/status
  response:
    body:
      string: '{"result":"ok","status":200,"version":"1.22.1","api_version":2}'
    headers:
      Cache-Control:
      - max-age=0, private, must-revalidate
      Content-Length:
      - '63'
      Content-Security-Policy:
      - 'default-src ''self''; child-src ''self''; connect-src ''self'' ws: wss:;
        img-src ''self'' data: *.gravatar.com; script-src ''unsafe-eval'' ''unsafe-inline''
        ''self''; style-src ''unsafe-inline'' ''self'''
      Content-Type:
      - application/json; charset=utf-8
      Date:
      - Thu, 21 Nov 2019 13:19:33 GMT
      ETag:
      - W/"7462024e111aafa1fe0b7de16a6757f0"
      Foreman_api_version:
      - '2'
      Foreman_version:
      - 1.22.1
      Server:
      - Apache
      Set-Cookie:
      - _session_id=bd50b20347bb2e9cc120c660494fd684; path=/; secure; HttpOnly; SameSite=Lax
      Status:
      - 200 OK
      Strict-Transport-Security:
      - max-age=631139040; includeSubdomains
      X-Content-Type-Options:
      - nosniff
      X-Download-Options:
      - noopen
      X-Frame-Options:
      - sameorigin
      X-Permitted-Cross-Domain-Policies:
      - none
      X-Powered-By:
      - Phusion Passenger 4.0.53
      X-Request-Id:
      - 2e662c6b-d5fc-44a7-bfe4-75a4cbdbde0e
      X-Runtime:
      - '0.071157'
      X-XSS-Protection:
      - 1; mode=block
    status:
      code: 200
      message: OK
- request:
    body: null
    headers:
      Accept:
      - application/json;version=2
      Cookie:
      - _session_id=bd50b20347bb2e9cc120c660494fd684
    method: GET
    uri: https://127.0.0.1:4433/api/hostgroups?search=title%3D%22Super+New+host+group+2%22&per_page=4294967296
  response:
    body:
      string: "{\n  \"total\": 6,\n  \"subtotal\": 1,\n  \"page\": 1,\n  \"per_page\"\
        : 4294967296,\n  \"search\": \"title=\\\"Super New host group 2\\\"\",\n \
        \ \"sort\": {\n    \"by\": null,\n    \"order\": null\n  },\n  \"results\"\
        : [{\"subnet_id\":null,\"subnet_name\":null,\"operatingsystem_id\":null,\"\
        operatingsystem_name\":null,\"domain_id\":null,\"domain_name\":null,\"environment_id\"\
        :null,\"environment_name\":null,\"compute_profile_id\":null,\"compute_profile_name\"\
        :null,\"ancestry\":null,\"parent_id\":null,\"parent_name\":null,\"ptable_id\"\
        :null,\"ptable_name\":null,\"medium_id\":null,\"medium_name\":null,\"pxe_loader\"\
        :null,\"subnet6_id\":null,\"subnet6_name\":null,\"architecture_id\":null,\"\
        architecture_name\":null,\"realm_id\":null,\"realm_name\":null,\"created_at\"\
        :\"2019-11-21 13:19:30 UTC\",\"updated_at\":\"2019-11-21 13:19:32 UTC\",\"\
        id\":103,\"name\":\"Super New host group 2\",\"title\":\"Super New host group\
        \ 2\",\"description\":null,\"puppet_proxy_id\":null,\"puppet_proxy_name\"\
        :null,\"puppet_ca_proxy_id\":null,\"puppet_ca_proxy_name\":null,\"puppet_proxy\"\
        :null,\"puppet_ca_proxy\":null}]\n}\n"
    headers:
      Cache-Control:
      - max-age=0, private, must-revalidate
      Content-Security-Policy:
      - 'default-src ''self''; child-src ''self''; connect-src ''self'' ws: wss:;
        img-src ''self'' data: *.gravatar.com; script-src ''unsafe-eval'' ''unsafe-inline''
        ''self''; style-src ''unsafe-inline'' ''self'''
      Content-Type:
      - application/json; charset=utf-8
      Date:
      - Thu, 21 Nov 2019 13:19:33 GMT
      ETag:
      - W/"97cebdf59a7064c6943235e1fb17d441"
      Foreman_api_version:
      - '2'
      Foreman_version:
      - 1.22.1
      Server:
      - Apache
      Status:
      - 200 OK
      Strict-Transport-Security:
      - max-age=631139040; includeSubdomains
      Transfer-Encoding:
      - chunked
      Vary:
      - Accept-Encoding
      X-Content-Type-Options:
      - nosniff
      X-Download-Options:
      - noopen
      X-Frame-Options:
      - sameorigin
      X-Permitted-Cross-Domain-Policies:
      - none
      X-Powered-By:
      - Phusion Passenger 4.0.53
      X-Request-Id:
      - 799bc02b-39b2-421e-ac55-f72e209f5ab3
      X-Runtime:
      - '0.049577'
      X-XSS-Protection:
      - 1; mode=block
    status:
      code: 200
      message: OK
- request:
    body: null
    headers:
      Accept:
      - application/json;version=2
      Content-Length:
      - '0'
      Cookie:
      - _session_id=bd50b20347bb2e9cc120c660494fd684
    method: DELETE
    uri: https://127.0.0.1:4433/api/hostgroups/103
  response:
    body:
      string: '{"id":103,"name":"Super New host group 2","created_at":"2019-11-21T13:19:30.310Z","updated_at":"2019-11-21T13:19:32.066Z","environment_id":null,"operatingsystem_id":null,"architecture_id":null,"medium_id":null,"ptable_id":null,"root_pass":null,"puppet_ca_proxy_id":null,"use_image":null,"image_file":"","ancestry":null,"vm_defaults":null,"subnet_id":null,"domain_id":null,"puppet_proxy_id":null,"title":"Super
        New host group 2","realm_id":null,"compute_profile_id":null,"content_source_id":null,"grub_pass":"","content_view_id":null,"lifecycle_environment_id":null,"lookup_value_matcher":"hostgroup=Super
        New host group 2","kickstart_repository_id":null,"subnet6_id":null,"pxe_loader":null,"description":null,"compute_resource_id":null}'
    headers:
      Cache-Control:
      - max-age=0, private, must-revalidate
      Content-Security-Policy:
      - 'default-src ''self''; child-src ''self''; connect-src ''self'' ws: wss:;
        img-src ''self'' data: *.gravatar.com; script-src ''unsafe-eval'' ''unsafe-inline''
        ''self''; style-src ''unsafe-inline'' ''self'''
      Content-Type:
      - application/json; charset=utf-8
      Date:
      - Thu, 21 Nov 2019 13:19:33 GMT
      ETag:
      - W/"7922a236b71eeeb2e746df46d7b06d3b"
      Foreman_api_version:
      - '2'
      Foreman_version:
      - 1.22.1
      Server:
      - Apache
      Set-Cookie:
      - request_method=DELETE; path=/; secure; HttpOnly; SameSite=Lax
      Status:
      - 200 OK
      Strict-Transport-Security:
      - max-age=631139040; includeSubdomains
      Transfer-Encoding:
      - chunked
      Vary:
      - Accept-Encoding
      X-Content-Type-Options:
      - nosniff
      X-Download-Options:
      - noopen
      X-Frame-Options:
      - sameorigin
      X-Permitted-Cross-Domain-Policies:
      - none
      X-Powered-By:
      - Phusion Passenger 4.0.53
      X-Request-Id:
      - ab5ccde7-3451-4b1d-a09e-d0e24b3d6258
      X-Runtime:
      - '0.107807'
      X-XSS-Protection:
      - 1; mode=block
    status:
      code: 200
      message: OK
version: 1
