interactions:
- request:
    body: null
    headers:
      Accept:
      - application/json;version=2
    method: GET
    uri: https://127.0.0.1:4433/api/status
  response:
    body:
      string: '{"result":"ok","status":200,"version":"1.22.1","api_version":2}'
    headers:
      Cache-Control:
      - max-age=0, private, must-revalidate
      Content-Length:
      - '63'
      Content-Security-Policy:
      - 'default-src ''self''; child-src ''self''; connect-src ''self'' ws: wss:;
        img-src ''self'' data: *.gravatar.com; script-src ''unsafe-eval'' ''unsafe-inline''
        ''self''; style-src ''unsafe-inline'' ''self'''
      Content-Type:
      - application/json; charset=utf-8
      Date:
      - Fri, 08 Nov 2019 00:56:37 GMT
      ETag:
      - W/"7462024e111aafa1fe0b7de16a6757f0"
      Foreman_api_version:
      - '2'
      Foreman_version:
      - 1.22.1
      Server:
      - Apache
      Set-Cookie:
      - _session_id=def279c20aec0fdb831aa28855865e4e; path=/; secure; HttpOnly; SameSite=Lax
      Status:
      - 200 OK
      Strict-Transport-Security:
      - max-age=631139040; includeSubdomains
      X-Content-Type-Options:
      - nosniff
      X-Download-Options:
      - noopen
      X-Frame-Options:
      - sameorigin
      X-Permitted-Cross-Domain-Policies:
      - none
      X-Powered-By:
      - Phusion Passenger 4.0.53
      X-Request-Id:
      - 851af537-d3dc-4be8-8c64-e58745e0be5d
      X-Runtime:
      - '0.100116'
      X-XSS-Protection:
      - 1; mode=block
    status:
      code: 200
      message: OK
- request:
    body: null
    headers:
      Accept:
      - application/json;version=2
      Cookie:
      - _session_id=def279c20aec0fdb831aa28855865e4e
    method: GET
    uri: https://127.0.0.1:4433/api/locations?search=title%3D%22Foo%22&per_page=4294967296
  response:
    body:
      string: "{\n  \"total\": 5,\n  \"subtotal\": 1,\n  \"page\": 1,\n  \"per_page\"\
        : 4294967296,\n  \"search\": \"title=\\\"Foo\\\"\",\n  \"sort\": {\n    \"\
        by\": null,\n    \"order\": null\n  },\n  \"results\": [{\"ancestry\":null,\"\
        parent_id\":null,\"parent_name\":null,\"created_at\":\"2019-10-22 17:43:26\
        \ UTC\",\"updated_at\":\"2019-10-22 17:43:26 UTC\",\"id\":34,\"name\":\"Foo\"\
        ,\"title\":\"Foo\",\"description\":null}]\n}\n"
    headers:
      Cache-Control:
      - max-age=0, private, must-revalidate
      Content-Security-Policy:
      - 'default-src ''self''; child-src ''self''; connect-src ''self'' ws: wss:;
        img-src ''self'' data: *.gravatar.com; script-src ''unsafe-eval'' ''unsafe-inline''
        ''self''; style-src ''unsafe-inline'' ''self'''
      Content-Type:
      - application/json; charset=utf-8
      Date:
      - Fri, 08 Nov 2019 00:56:37 GMT
      ETag:
      - W/"4d11207b5a3c1623d8c469b926727f65"
      Foreman_api_version:
      - '2'
      Foreman_version:
      - 1.22.1
      Server:
      - Apache
      Status:
      - 200 OK
      Strict-Transport-Security:
      - max-age=631139040; includeSubdomains
      Transfer-Encoding:
      - chunked
      Vary:
      - Accept-Encoding
      X-Content-Type-Options:
      - nosniff
      X-Download-Options:
      - noopen
      X-Frame-Options:
      - sameorigin
      X-Permitted-Cross-Domain-Policies:
      - none
      X-Powered-By:
      - Phusion Passenger 4.0.53
      X-Request-Id:
      - a9de4900-25f2-4b2d-8ce2-00d7852d3dc9
      X-Runtime:
      - '0.063614'
      X-XSS-Protection:
      - 1; mode=block
    status:
      code: 200
      message: OK
- request:
    body: null
    headers:
      Accept:
      - application/json;version=2
      Cookie:
      - _session_id=def279c20aec0fdb831aa28855865e4e
    method: GET
    uri: https://127.0.0.1:4433/api/locations?search=title%3D%22Foo%2FBaz%22&per_page=4294967296
  response:
    body:
      string: "{\n  \"total\": 5,\n  \"subtotal\": 1,\n  \"page\": 1,\n  \"per_page\"\
        : 4294967296,\n  \"search\": \"title=\\\"Foo/Baz\\\"\",\n  \"sort\": {\n \
        \   \"by\": null,\n    \"order\": null\n  },\n  \"results\": [{\"ancestry\"\
        :\"34\",\"parent_id\":34,\"parent_name\":\"Foo\",\"created_at\":\"2019-11-08\
        \ 00:55:34 UTC\",\"updated_at\":\"2019-11-08 00:55:34 UTC\",\"id\":51,\"name\"\
        :\"Baz\",\"title\":\"Foo/Baz\",\"description\":null}]\n}\n"
    headers:
      Cache-Control:
      - max-age=0, private, must-revalidate
      Content-Security-Policy:
      - 'default-src ''self''; child-src ''self''; connect-src ''self'' ws: wss:;
        img-src ''self'' data: *.gravatar.com; script-src ''unsafe-eval'' ''unsafe-inline''
        ''self''; style-src ''unsafe-inline'' ''self'''
      Content-Type:
      - application/json; charset=utf-8
      Date:
      - Fri, 08 Nov 2019 00:56:37 GMT
      ETag:
      - W/"87a3bdd21231029a33c0efdc50850266"
      Foreman_api_version:
      - '2'
      Foreman_version:
      - 1.22.1
      Server:
      - Apache
      Status:
      - 200 OK
      Strict-Transport-Security:
      - max-age=631139040; includeSubdomains
      Transfer-Encoding:
      - chunked
      Vary:
      - Accept-Encoding
      X-Content-Type-Options:
      - nosniff
      X-Download-Options:
      - noopen
      X-Frame-Options:
      - sameorigin
      X-Permitted-Cross-Domain-Policies:
      - none
      X-Powered-By:
      - Phusion Passenger 4.0.53
      X-Request-Id:
      - bfe18b02-00ee-4740-bda4-28f8c788e5f4
      X-Runtime:
      - '0.060819'
      X-XSS-Protection:
      - 1; mode=block
    status:
      code: 200
      message: OK
- request:
    body: null
    headers:
      Accept:
      - application/json;version=2
      Cookie:
      - _session_id=def279c20aec0fdb831aa28855865e4e
    method: GET
    uri: https://127.0.0.1:4433/api/locations?search=title%3D%22Bar%22&per_page=4294967296
  response:
    body:
      string: "{\n  \"total\": 5,\n  \"subtotal\": 1,\n  \"page\": 1,\n  \"per_page\"\
        : 4294967296,\n  \"search\": \"title=\\\"Bar\\\"\",\n  \"sort\": {\n    \"\
        by\": null,\n    \"order\": null\n  },\n  \"results\": [{\"ancestry\":null,\"\
        parent_id\":null,\"parent_name\":null,\"created_at\":\"2019-11-08 00:55:38\
        \ UTC\",\"updated_at\":\"2019-11-08 00:55:38 UTC\",\"id\":52,\"name\":\"Bar\"\
        ,\"title\":\"Bar\",\"description\":null}]\n}\n"
    headers:
      Cache-Control:
      - max-age=0, private, must-revalidate
      Content-Security-Policy:
      - 'default-src ''self''; child-src ''self''; connect-src ''self'' ws: wss:;
        img-src ''self'' data: *.gravatar.com; script-src ''unsafe-eval'' ''unsafe-inline''
        ''self''; style-src ''unsafe-inline'' ''self'''
      Content-Type:
      - application/json; charset=utf-8
      Date:
      - Fri, 08 Nov 2019 00:56:37 GMT
      ETag:
      - W/"c737ef6a233e08bbcd46758628283c88"
      Foreman_api_version:
      - '2'
      Foreman_version:
      - 1.22.1
      Server:
      - Apache
      Status:
      - 200 OK
      Strict-Transport-Security:
      - max-age=631139040; includeSubdomains
      Transfer-Encoding:
      - chunked
      Vary:
      - Accept-Encoding
      X-Content-Type-Options:
      - nosniff
      X-Download-Options:
      - noopen
      X-Frame-Options:
      - sameorigin
      X-Permitted-Cross-Domain-Policies:
      - none
      X-Powered-By:
      - Phusion Passenger 4.0.53
      X-Request-Id:
      - 21d73121-3392-4e6d-ba1e-ed48affb1432
      X-Runtime:
      - '0.057081'
      X-XSS-Protection:
      - 1; mode=block
    status:
      code: 200
      message: OK
- request:
    body: null
    headers:
      Accept:
      - application/json;version=2
      Cookie:
      - _session_id=def279c20aec0fdb831aa28855865e4e
    method: GET
    uri: https://127.0.0.1:4433/api/compute_profiles?search=name%3D%22myprofile%22&per_page=4294967296
  response:
    body:
      string: "{\n  \"total\": 4,\n  \"subtotal\": 1,\n  \"page\": 1,\n  \"per_page\"\
        : 4294967296,\n  \"search\": \"name=\\\"myprofile\\\"\",\n  \"sort\": {\n\
        \    \"by\": null,\n    \"order\": null\n  },\n  \"results\": [{\"created_at\"\
        :\"2019-11-08 00:56:13 UTC\",\"updated_at\":\"2019-11-08 00:56:13 UTC\",\"\
        id\":8,\"name\":\"myprofile\"}]\n}\n"
    headers:
      Cache-Control:
      - max-age=0, private, must-revalidate
      Content-Security-Policy:
      - 'default-src ''self''; child-src ''self''; connect-src ''self'' ws: wss:;
        img-src ''self'' data: *.gravatar.com; script-src ''unsafe-eval'' ''unsafe-inline''
        ''self''; style-src ''unsafe-inline'' ''self'''
      Content-Type:
      - application/json; charset=utf-8
      Date:
      - Fri, 08 Nov 2019 00:56:37 GMT
      ETag:
      - W/"39a7c11a9e1c0f25fede4740c173a43a"
      Foreman_api_version:
      - '2'
      Foreman_version:
      - 1.22.1
      Server:
      - Apache
      Status:
      - 200 OK
      Strict-Transport-Security:
      - max-age=631139040; includeSubdomains
      Transfer-Encoding:
      - chunked
      Vary:
      - Accept-Encoding
      X-Content-Type-Options:
      - nosniff
      X-Download-Options:
      - noopen
      X-Frame-Options:
      - sameorigin
      X-Permitted-Cross-Domain-Policies:
      - none
      X-Powered-By:
      - Phusion Passenger 4.0.53
      X-Request-Id:
      - 2382e587-739e-4a21-a27b-169ba0c4f91d
      X-Runtime:
      - '0.051124'
      X-XSS-Protection:
      - 1; mode=block
    status:
      code: 200
      message: OK
- request:
    body: null
    headers:
      Accept:
      - application/json;version=2
      Cookie:
      - _session_id=def279c20aec0fdb831aa28855865e4e
    method: GET
    uri: https://127.0.0.1:4433/api/domains?search=name%3D%22foo.example.com%22&per_page=4294967296
  response:
    body:
      string: "{\n  \"total\": 3,\n  \"subtotal\": 1,\n  \"page\": 1,\n  \"per_page\"\
        : 4294967296,\n  \"search\": \"name=\\\"foo.example.com\\\"\",\n  \"sort\"\
        : {\n    \"by\": null,\n    \"order\": null\n  },\n  \"results\": [{\"fullname\"\
        :null,\"created_at\":\"2019-11-08 00:55:53 UTC\",\"updated_at\":\"2019-11-08\
        \ 00:55:53 UTC\",\"id\":10,\"name\":\"foo.example.com\",\"dns_id\":1,\"dns\"\
        :{\"name\":\"foreman.example.com\",\"id\":1,\"url\":\"https://foreman.example.com:9090\"\
        }}]\n}\n"
    headers:
      Cache-Control:
      - max-age=0, private, must-revalidate
      Content-Security-Policy:
      - 'default-src ''self''; child-src ''self''; connect-src ''self'' ws: wss:;
        img-src ''self'' data: *.gravatar.com; script-src ''unsafe-eval'' ''unsafe-inline''
        ''self''; style-src ''unsafe-inline'' ''self'''
      Content-Type:
      - application/json; charset=utf-8
      Date:
      - Fri, 08 Nov 2019 00:56:37 GMT
      ETag:
      - W/"41076bbc7eabe5205d34ab9e1ec9046f"
      Foreman_api_version:
      - '2'
      Foreman_version:
      - 1.22.1
      Server:
      - Apache
      Status:
      - 200 OK
      Strict-Transport-Security:
      - max-age=631139040; includeSubdomains
      Transfer-Encoding:
      - chunked
      Vary:
      - Accept-Encoding
      X-Content-Type-Options:
      - nosniff
      X-Download-Options:
      - noopen
      X-Frame-Options:
      - sameorigin
      X-Permitted-Cross-Domain-Policies:
      - none
      X-Powered-By:
      - Phusion Passenger 4.0.53
      X-Request-Id:
      - 516b4d7f-815a-44d0-a923-1059b49fb17a
      X-Runtime:
      - '0.065435'
      X-XSS-Protection:
      - 1; mode=block
    status:
      code: 200
      message: OK
- request:
    body: null
    headers:
      Accept:
      - application/json;version=2
      Cookie:
      - _session_id=def279c20aec0fdb831aa28855865e4e
    method: GET
    uri: https://127.0.0.1:4433/api/subnets?search=name%3D%22Test+subnet4%22&per_page=4294967296
  response:
    body:
      string: "{\n  \"total\": 1,\n  \"subtotal\": 1,\n  \"page\": 1,\n  \"per_page\"\
        : 4294967296,\n  \"search\": \"name=\\\"Test subnet4\\\"\",\n  \"sort\": {\n\
        \    \"by\": null,\n    \"order\": null\n  },\n  \"results\": [{\"network\"\
        :\"192.168.200.0\",\"network_type\":\"IPv4\",\"cidr\":27,\"mask\":\"255.255.255.224\"\
        ,\"priority\":null,\"vlanid\":null,\"mtu\":1500,\"gateway\":null,\"dns_primary\"\
        :null,\"dns_secondary\":null,\"from\":null,\"to\":null,\"created_at\":\"2019-11-08\
        \ 00:55:57 UTC\",\"updated_at\":\"2019-11-08 00:55:57 UTC\",\"ipam\":\"DHCP\"\
        ,\"boot_mode\":\"DHCP\",\"id\":5,\"name\":\"Test subnet4\",\"description\"\
        :null,\"network_address\":\"192.168.200.0/27\",\"dhcp_id\":null,\"dhcp_name\"\
        :null,\"tftp_id\":null,\"tftp_name\":null,\"httpboot_id\":null,\"httpboot_name\"\
        :null,\"dns_id\":null,\"template_id\":null,\"template_name\":null,\"dhcp\"\
        :null,\"tftp\":null,\"httpboot\":null,\"dns\":null,\"template\":null}]\n}\n"
    headers:
      Cache-Control:
      - max-age=0, private, must-revalidate
      Content-Security-Policy:
      - 'default-src ''self''; child-src ''self''; connect-src ''self'' ws: wss:;
        img-src ''self'' data: *.gravatar.com; script-src ''unsafe-eval'' ''unsafe-inline''
        ''self''; style-src ''unsafe-inline'' ''self'''
      Content-Type:
      - application/json; charset=utf-8
      Date:
      - Fri, 08 Nov 2019 00:56:37 GMT
      ETag:
      - W/"b13f808ffd094588ab01e81b2b7d8e47"
      Foreman_api_version:
      - '2'
      Foreman_version:
      - 1.22.1
      Server:
      - Apache
      Status:
      - 200 OK
      Strict-Transport-Security:
      - max-age=631139040; includeSubdomains
      Transfer-Encoding:
      - chunked
      Vary:
      - Accept-Encoding
      X-Content-Type-Options:
      - nosniff
      X-Download-Options:
      - noopen
      X-Frame-Options:
      - sameorigin
      X-Permitted-Cross-Domain-Policies:
      - none
      X-Powered-By:
      - Phusion Passenger 4.0.53
      X-Request-Id:
      - 0a8e0f43-dfd0-4638-b0d3-754d4ef3e248
      X-Runtime:
      - '0.056895'
      X-XSS-Protection:
      - 1; mode=block
    status:
      code: 200
      message: OK
- request:
    body: null
    headers:
      Accept:
      - application/json;version=2
      Cookie:
      - _session_id=def279c20aec0fdb831aa28855865e4e
    method: GET
    uri: https://127.0.0.1:4433/api/architectures?search=name%3D%22x86_64%22&per_page=4294967296
  response:
    body:
      string: "{\n  \"total\": 2,\n  \"subtotal\": 1,\n  \"page\": 1,\n  \"per_page\"\
        : 4294967296,\n  \"search\": \"name=\\\"x86_64\\\"\",\n  \"sort\": {\n   \
        \ \"by\": null,\n    \"order\": null\n  },\n  \"results\": [{\"created_at\"\
        :\"2019-10-17 12:27:57 UTC\",\"updated_at\":\"2019-10-17 12:27:57 UTC\",\"\
        name\":\"x86_64\",\"id\":1}]\n}\n"
    headers:
      Cache-Control:
      - max-age=0, private, must-revalidate
      Content-Security-Policy:
      - 'default-src ''self''; child-src ''self''; connect-src ''self'' ws: wss:;
        img-src ''self'' data: *.gravatar.com; script-src ''unsafe-eval'' ''unsafe-inline''
        ''self''; style-src ''unsafe-inline'' ''self'''
      Content-Type:
      - application/json; charset=utf-8
      Date:
      - Fri, 08 Nov 2019 00:56:37 GMT
      ETag:
      - W/"05c213890d16d735398c4450758add11"
      Foreman_api_version:
      - '2'
      Foreman_version:
      - 1.22.1
      Server:
      - Apache
      Status:
      - 200 OK
      Strict-Transport-Security:
      - max-age=631139040; includeSubdomains
      Transfer-Encoding:
      - chunked
      Vary:
      - Accept-Encoding
      X-Content-Type-Options:
      - nosniff
      X-Download-Options:
      - noopen
      X-Frame-Options:
      - sameorigin
      X-Permitted-Cross-Domain-Policies:
      - none
      X-Powered-By:
      - Phusion Passenger 4.0.53
      X-Request-Id:
      - c5f68023-6694-4304-9a78-97a21bba7081
      X-Runtime:
      - '0.049530'
      X-XSS-Protection:
      - 1; mode=block
    status:
      code: 200
      message: OK
- request:
    body: null
    headers:
      Accept:
      - application/json;version=2
      Cookie:
      - _session_id=def279c20aec0fdb831aa28855865e4e
    method: GET
    uri: https://127.0.0.1:4433/api/operatingsystems?search=title%3D%22TestOS+7.6%22&per_page=4294967296
  response:
    body:
      string: "{\n  \"total\": 2,\n  \"subtotal\": 1,\n  \"page\": 1,\n  \"per_page\"\
        : 4294967296,\n  \"search\": \"title=\\\"TestOS 7.6\\\"\",\n  \"sort\": {\n\
        \    \"by\": null,\n    \"order\": null\n  },\n  \"results\": [{\"description\"\
        :null,\"major\":\"7\",\"minor\":\"6\",\"family\":\"Redhat\",\"release_name\"\
        :\"reverse whip\",\"password_hash\":\"SHA256\",\"created_at\":\"2019-11-08\
        \ 00:56:02 UTC\",\"updated_at\":\"2019-11-08 00:56:02 UTC\",\"id\":6,\"name\"\
        :\"TestOS\",\"title\":\"TestOS 7.6\"}]\n}\n"
    headers:
      Cache-Control:
      - max-age=0, private, must-revalidate
      Content-Security-Policy:
      - 'default-src ''self''; child-src ''self''; connect-src ''self'' ws: wss:;
        img-src ''self'' data: *.gravatar.com; script-src ''unsafe-eval'' ''unsafe-inline''
        ''self''; style-src ''unsafe-inline'' ''self'''
      Content-Type:
      - application/json; charset=utf-8
      Date:
      - Fri, 08 Nov 2019 00:56:37 GMT
      ETag:
      - W/"002d3c302afd69cad54fdabc52270d7f"
      Foreman_api_version:
      - '2'
      Foreman_version:
      - 1.22.1
      Server:
      - Apache
      Status:
      - 200 OK
      Strict-Transport-Security:
      - max-age=631139040; includeSubdomains
      Transfer-Encoding:
      - chunked
      Vary:
      - Accept-Encoding
      X-Content-Type-Options:
      - nosniff
      X-Download-Options:
      - noopen
      X-Frame-Options:
      - sameorigin
      X-Permitted-Cross-Domain-Policies:
      - none
      X-Powered-By:
      - Phusion Passenger 4.0.53
      X-Request-Id:
      - 9c277b72-01ed-48b3-9d81-fb86f3f86c86
      X-Runtime:
      - '0.054689'
      X-XSS-Protection:
      - 1; mode=block
    status:
      code: 200
      message: OK
- request:
    body: null
    headers:
      Accept:
      - application/json;version=2
      Cookie:
      - _session_id=def279c20aec0fdb831aa28855865e4e
    method: GET
    uri: https://127.0.0.1:4433/api/media?search=name%3D%22TestOS+Mirror%22&per_page=4294967296
  response:
    body:
      string: "{\n  \"total\": 10,\n  \"subtotal\": 1,\n  \"page\": 1,\n  \"per_page\"\
        : 4294967296,\n  \"search\": \"name=\\\"TestOS Mirror\\\"\",\n  \"sort\":\
        \ {\n    \"by\": null,\n    \"order\": null\n  },\n  \"results\": [{\"path\"\
        :\"https://templeos.org/TempleOS.ISO\",\"os_family\":\"Redhat\",\"created_at\"\
        :\"2019-11-08 00:56:05 UTC\",\"updated_at\":\"2019-11-08 00:56:05 UTC\",\"\
        id\":14,\"name\":\"TestOS Mirror\"}]\n}\n"
    headers:
      Cache-Control:
      - max-age=0, private, must-revalidate
      Content-Security-Policy:
      - 'default-src ''self''; child-src ''self''; connect-src ''self'' ws: wss:;
        img-src ''self'' data: *.gravatar.com; script-src ''unsafe-eval'' ''unsafe-inline''
        ''self''; style-src ''unsafe-inline'' ''self'''
      Content-Type:
      - application/json; charset=utf-8
      Date:
      - Fri, 08 Nov 2019 00:56:37 GMT
      ETag:
      - W/"6c49334c8b016aa397a163d04b4a83a9"
      Foreman_api_version:
      - '2'
      Foreman_version:
      - 1.22.1
      Server:
      - Apache
      Status:
      - 200 OK
      Strict-Transport-Security:
      - max-age=631139040; includeSubdomains
      Transfer-Encoding:
      - chunked
      Vary:
      - Accept-Encoding
      X-Content-Type-Options:
      - nosniff
      X-Download-Options:
      - noopen
      X-Frame-Options:
      - sameorigin
      X-Permitted-Cross-Domain-Policies:
      - none
      X-Powered-By:
      - Phusion Passenger 4.0.53
      X-Request-Id:
      - 57d41e08-317f-4304-b56f-2fbfb983e793
      X-Runtime:
      - '0.053029'
      X-XSS-Protection:
      - 1; mode=block
    status:
      code: 200
      message: OK
- request:
    body: null
    headers:
      Accept:
      - application/json;version=2
      Cookie:
      - _session_id=def279c20aec0fdb831aa28855865e4e
    method: GET
    uri: https://127.0.0.1:4433/api/ptables?search=name%3D%22Part+table%22&per_page=4294967296
  response:
    body:
      string: "{\n  \"total\": 16,\n  \"subtotal\": 1,\n  \"page\": 1,\n  \"per_page\"\
        : 4294967296,\n  \"search\": \"name=\\\"Part table\\\"\",\n  \"sort\": {\n\
        \    \"by\": null,\n    \"order\": null\n  },\n  \"results\": [{\"os_family\"\
        :\"Redhat\",\"created_at\":\"2019-11-08 00:56:00 UTC\",\"updated_at\":\"2019-11-08\
        \ 00:56:00 UTC\",\"name\":\"Part table\",\"id\":119}]\n}\n"
    headers:
      Cache-Control:
      - max-age=0, private, must-revalidate
      Content-Security-Policy:
      - 'default-src ''self''; child-src ''self''; connect-src ''self'' ws: wss:;
        img-src ''self'' data: *.gravatar.com; script-src ''unsafe-eval'' ''unsafe-inline''
        ''self''; style-src ''unsafe-inline'' ''self'''
      Content-Type:
      - application/json; charset=utf-8
      Date:
      - Fri, 08 Nov 2019 00:56:37 GMT
      ETag:
      - W/"cf69f774792edbbff28e8f736049888a"
      Foreman_api_version:
      - '2'
      Foreman_version:
      - 1.22.1
      Server:
      - Apache
      Status:
      - 200 OK
      Strict-Transport-Security:
      - max-age=631139040; includeSubdomains
      Transfer-Encoding:
      - chunked
      Vary:
      - Accept-Encoding
      X-Content-Type-Options:
      - nosniff
      X-Download-Options:
      - noopen
      X-Frame-Options:
      - sameorigin
      X-Permitted-Cross-Domain-Policies:
      - none
      X-Powered-By:
      - Phusion Passenger 4.0.53
      X-Request-Id:
      - 588a6703-7775-462d-8f37-f72cee133df0
      X-Runtime:
      - '0.060507'
      X-XSS-Protection:
      - 1; mode=block
    status:
      code: 200
      message: OK
- request:
    body: null
    headers:
      Accept:
      - application/json;version=2
      Cookie:
      - _session_id=def279c20aec0fdb831aa28855865e4e
    method: GET
    uri: https://127.0.0.1:4433/api/environments?search=name%3D%22production%22&per_page=4294967296
  response:
    body:
      string: "{\n  \"total\": 2,\n  \"subtotal\": 1,\n  \"page\": 1,\n  \"per_page\"\
        : 4294967296,\n  \"search\": \"name=\\\"production\\\"\",\n  \"sort\": {\n\
        \    \"by\": null,\n    \"order\": null\n  },\n  \"results\": [{\"created_at\"\
        :\"2019-10-17 12:44:01 UTC\",\"updated_at\":\"2019-10-17 12:44:01 UTC\",\"\
        name\":\"production\",\"id\":1}]\n}\n"
    headers:
      Cache-Control:
      - max-age=0, private, must-revalidate
      Content-Security-Policy:
      - 'default-src ''self''; child-src ''self''; connect-src ''self'' ws: wss:;
        img-src ''self'' data: *.gravatar.com; script-src ''unsafe-eval'' ''unsafe-inline''
        ''self''; style-src ''unsafe-inline'' ''self'''
      Content-Type:
      - application/json; charset=utf-8
      Date:
      - Fri, 08 Nov 2019 00:56:38 GMT
      ETag:
      - W/"0a13f9eb5741a8133ab14c0c996f6a06"
      Foreman_api_version:
      - '2'
      Foreman_version:
      - 1.22.1
      Server:
      - Apache
      Status:
      - 200 OK
      Strict-Transport-Security:
      - max-age=631139040; includeSubdomains
      Transfer-Encoding:
      - chunked
      Vary:
      - Accept-Encoding
      X-Content-Type-Options:
      - nosniff
      X-Download-Options:
      - noopen
      X-Frame-Options:
      - sameorigin
      X-Permitted-Cross-Domain-Policies:
      - none
      X-Powered-By:
      - Phusion Passenger 4.0.53
      X-Request-Id:
      - 5e4f20c4-465b-4e6e-acf8-b43bdf63c7a7
      X-Runtime:
      - '0.055167'
      X-XSS-Protection:
      - 1; mode=block
    status:
      code: 200
      message: OK
- request:
    body: null
    headers:
      Accept:
      - application/json;version=2
      Cookie:
      - _session_id=def279c20aec0fdb831aa28855865e4e
    method: GET
    uri: https://127.0.0.1:4433/api/config_groups?search=name%3D%22cfg_group1%22&per_page=4294967296
  response:
    body:
      string: "{\n  \"total\": 3,\n  \"subtotal\": 1,\n  \"page\": 1,\n  \"per_page\"\
        : 4294967296,\n  \"search\": \"name=\\\"cfg_group1\\\"\",\n  \"sort\": {\n\
        \    \"by\": null,\n    \"order\": null\n  },\n  \"results\": [{\"created_at\"\
        :\"2019-11-08 00:56:15 UTC\",\"updated_at\":\"2019-11-08 00:56:15 UTC\",\"\
        id\":12,\"name\":\"cfg_group1\",\"puppetclasses\":[]}]\n}\n"
    headers:
      Cache-Control:
      - max-age=0, private, must-revalidate
      Content-Security-Policy:
      - 'default-src ''self''; child-src ''self''; connect-src ''self'' ws: wss:;
        img-src ''self'' data: *.gravatar.com; script-src ''unsafe-eval'' ''unsafe-inline''
        ''self''; style-src ''unsafe-inline'' ''self'''
      Content-Type:
      - application/json; charset=utf-8
      Date:
      - Fri, 08 Nov 2019 00:56:38 GMT
      ETag:
      - W/"5be949653472a8bc279e4ad310c6b6ad"
      Foreman_api_version:
      - '2'
      Foreman_version:
      - 1.22.1
      Server:
      - Apache
      Status:
      - 200 OK
      Strict-Transport-Security:
      - max-age=631139040; includeSubdomains
      Transfer-Encoding:
      - chunked
      Vary:
      - Accept-Encoding
      X-Content-Type-Options:
      - nosniff
      X-Download-Options:
      - noopen
      X-Frame-Options:
      - sameorigin
      X-Permitted-Cross-Domain-Policies:
      - none
      X-Powered-By:
      - Phusion Passenger 4.0.53
      X-Request-Id:
      - cc05526e-a482-4911-8d91-823673a2c93b
      X-Runtime:
      - '0.065061'
      X-XSS-Protection:
      - 1; mode=block
    status:
      code: 200
      message: OK
- request:
    body: null
    headers:
      Accept:
      - application/json;version=2
      Cookie:
      - _session_id=def279c20aec0fdb831aa28855865e4e
    method: GET
    uri: https://127.0.0.1:4433/api/config_groups?search=name%3D%22cfg_group2%22&per_page=4294967296
  response:
    body:
      string: "{\n  \"total\": 3,\n  \"subtotal\": 1,\n  \"page\": 1,\n  \"per_page\"\
        : 4294967296,\n  \"search\": \"name=\\\"cfg_group2\\\"\",\n  \"sort\": {\n\
        \    \"by\": null,\n    \"order\": null\n  },\n  \"results\": [{\"created_at\"\
        :\"2019-11-08 00:56:17 UTC\",\"updated_at\":\"2019-11-08 00:56:17 UTC\",\"\
        id\":13,\"name\":\"cfg_group2\",\"puppetclasses\":[]}]\n}\n"
    headers:
      Cache-Control:
      - max-age=0, private, must-revalidate
      Content-Security-Policy:
      - 'default-src ''self''; child-src ''self''; connect-src ''self'' ws: wss:;
        img-src ''self'' data: *.gravatar.com; script-src ''unsafe-eval'' ''unsafe-inline''
        ''self''; style-src ''unsafe-inline'' ''self'''
      Content-Type:
      - application/json; charset=utf-8
      Date:
      - Fri, 08 Nov 2019 00:56:38 GMT
      ETag:
      - W/"c2c37fffc74c0227c9b8a587f40d5383"
      Foreman_api_version:
      - '2'
      Foreman_version:
      - 1.22.1
      Server:
      - Apache
      Status:
      - 200 OK
      Strict-Transport-Security:
      - max-age=631139040; includeSubdomains
      Transfer-Encoding:
      - chunked
      Vary:
      - Accept-Encoding
      X-Content-Type-Options:
      - nosniff
      X-Download-Options:
      - noopen
      X-Frame-Options:
      - sameorigin
      X-Permitted-Cross-Domain-Policies:
      - none
      X-Powered-By:
      - Phusion Passenger 4.0.53
      X-Request-Id:
      - a3e16fa4-c378-4de1-a2a7-58aac1ed8c70
      X-Runtime:
      - '0.059394'
      X-XSS-Protection:
      - 1; mode=block
    status:
      code: 200
      message: OK
- request:
    body: null
    headers:
      Accept:
      - application/json;version=2
      Cookie:
      - _session_id=def279c20aec0fdb831aa28855865e4e
    method: GET
    uri: https://127.0.0.1:4433/api/smart_proxies?search=name%3D%22foreman.example.com%22&per_page=4294967296
  response:
    body:
      string: "{\n  \"total\": 1,\n  \"subtotal\": 1,\n  \"page\": 1,\n  \"per_page\"\
        : 4294967296,\n  \"search\": \"name=\\\"foreman.example.com\\\"\",\n  \"sort\"\
        : {\n    \"by\": null,\n    \"order\": null\n  },\n  \"results\": [{\"created_at\"\
        :\"2019-10-17 12:43:39 UTC\",\"updated_at\":\"2019-11-07 14:40:05 UTC\",\"\
        name\":\"foreman.example.com\",\"id\":1,\"url\":\"https://foreman.example.com:9090\"\
        ,\"download_policy\":\"on_demand\",\"features\":[{\"capabilities\":[],\"name\"\
        :\"Pulp\",\"id\":2},{\"capabilities\":[],\"name\":\"Templates\",\"id\":1},{\"\
        capabilities\":[],\"name\":\"TFTP\",\"id\":5},{\"capabilities\":[],\"name\"\
        :\"Puppet CA\",\"id\":9},{\"capabilities\":[],\"name\":\"Puppet\",\"id\":8},{\"\
        capabilities\":[],\"name\":\"Logs\",\"id\":13},{\"capabilities\":[],\"name\"\
        :\"HTTPBoot\",\"id\":14},{\"capabilities\":[],\"name\":\"DNS\",\"id\":6}]}]\n\
        }\n"
    headers:
      Cache-Control:
      - max-age=0, private, must-revalidate
      Content-Security-Policy:
      - 'default-src ''self''; child-src ''self''; connect-src ''self'' ws: wss:;
        img-src ''self'' data: *.gravatar.com; script-src ''unsafe-eval'' ''unsafe-inline''
        ''self''; style-src ''unsafe-inline'' ''self'''
      Content-Type:
      - application/json; charset=utf-8
      Date:
      - Fri, 08 Nov 2019 00:56:38 GMT
      ETag:
      - W/"de9a57105d9d15c8750b788d42a6f01e"
      Foreman_api_version:
      - '2'
      Foreman_version:
      - 1.22.1
      Server:
      - Apache
      Status:
      - 200 OK
      Strict-Transport-Security:
      - max-age=631139040; includeSubdomains
      Transfer-Encoding:
      - chunked
      Vary:
      - Accept-Encoding
      X-Content-Type-Options:
      - nosniff
      X-Download-Options:
      - noopen
      X-Frame-Options:
      - sameorigin
      X-Permitted-Cross-Domain-Policies:
      - none
      X-Powered-By:
      - Phusion Passenger 4.0.53
      X-Request-Id:
      - d3294035-f983-4456-b800-99c7b658273b
      X-Runtime:
      - '0.064772'
      X-XSS-Protection:
      - 1; mode=block
    status:
      code: 200
      message: OK
- request:
    body: null
    headers:
      Accept:
      - application/json;version=2
      Cookie:
      - _session_id=def279c20aec0fdb831aa28855865e4e
    method: GET
    uri: https://127.0.0.1:4433/api/smart_proxies?search=name%3D%22foreman.example.com%22&per_page=4294967296
  response:
    body:
      string: "{\n  \"total\": 1,\n  \"subtotal\": 1,\n  \"page\": 1,\n  \"per_page\"\
        : 4294967296,\n  \"search\": \"name=\\\"foreman.example.com\\\"\",\n  \"sort\"\
        : {\n    \"by\": null,\n    \"order\": null\n  },\n  \"results\": [{\"created_at\"\
        :\"2019-10-17 12:43:39 UTC\",\"updated_at\":\"2019-11-07 14:40:05 UTC\",\"\
        name\":\"foreman.example.com\",\"id\":1,\"url\":\"https://foreman.example.com:9090\"\
        ,\"download_policy\":\"on_demand\",\"features\":[{\"capabilities\":[],\"name\"\
        :\"Pulp\",\"id\":2},{\"capabilities\":[],\"name\":\"Templates\",\"id\":1},{\"\
        capabilities\":[],\"name\":\"TFTP\",\"id\":5},{\"capabilities\":[],\"name\"\
        :\"Puppet CA\",\"id\":9},{\"capabilities\":[],\"name\":\"Puppet\",\"id\":8},{\"\
        capabilities\":[],\"name\":\"Logs\",\"id\":13},{\"capabilities\":[],\"name\"\
        :\"HTTPBoot\",\"id\":14},{\"capabilities\":[],\"name\":\"DNS\",\"id\":6}]}]\n\
        }\n"
    headers:
      Cache-Control:
      - max-age=0, private, must-revalidate
      Content-Security-Policy:
      - 'default-src ''self''; child-src ''self''; connect-src ''self'' ws: wss:;
        img-src ''self'' data: *.gravatar.com; script-src ''unsafe-eval'' ''unsafe-inline''
        ''self''; style-src ''unsafe-inline'' ''self'''
      Content-Type:
      - application/json; charset=utf-8
      Date:
      - Fri, 08 Nov 2019 00:56:38 GMT
      ETag:
      - W/"de9a57105d9d15c8750b788d42a6f01e"
      Foreman_api_version:
      - '2'
      Foreman_version:
      - 1.22.1
      Server:
      - Apache
      Status:
      - 200 OK
      Strict-Transport-Security:
      - max-age=631139040; includeSubdomains
      Transfer-Encoding:
      - chunked
      Vary:
      - Accept-Encoding
      X-Content-Type-Options:
      - nosniff
      X-Download-Options:
      - noopen
      X-Frame-Options:
      - sameorigin
      X-Permitted-Cross-Domain-Policies:
      - none
      X-Powered-By:
      - Phusion Passenger 4.0.53
      X-Request-Id:
      - 90ad6dd2-4693-4047-8399-e40b3ae22c62
      X-Runtime:
      - '0.064671'
      X-XSS-Protection:
      - 1; mode=block
    status:
      code: 200
      message: OK
- request:
    body: null
    headers:
      Accept:
      - application/json;version=2
      Cookie:
      - _session_id=def279c20aec0fdb831aa28855865e4e
    method: GET
    uri: https://127.0.0.1:4433/api/organizations?search=name%3D%22Test+Org1%22&per_page=4294967296
  response:
    body:
      string: "{\n  \"total\": 3,\n  \"subtotal\": 1,\n  \"page\": 1,\n  \"per_page\"\
        : 4294967296,\n  \"search\": \"name=\\\"Test Org1\\\"\",\n  \"sort\": {\n\
        \    \"by\": null,\n    \"order\": null\n  },\n  \"results\": [{\"ancestry\"\
        :null,\"parent_id\":null,\"parent_name\":null,\"created_at\":\"2019-11-08\
        \ 00:55:42 UTC\",\"updated_at\":\"2019-11-08 00:55:42 UTC\",\"id\":53,\"name\"\
        :\"Test Org1\",\"title\":\"Test Org1\",\"description\":\"A test organization\"\
        }]\n}\n"
    headers:
      Cache-Control:
      - max-age=0, private, must-revalidate
      Content-Security-Policy:
      - 'default-src ''self''; child-src ''self''; connect-src ''self'' ws: wss:;
        img-src ''self'' data: *.gravatar.com; script-src ''unsafe-eval'' ''unsafe-inline''
        ''self''; style-src ''unsafe-inline'' ''self'''
      Content-Type:
      - application/json; charset=utf-8
      Date:
      - Fri, 08 Nov 2019 00:56:38 GMT
      ETag:
      - W/"c0499d1df48459efebfb1fd487fe8466"
      Foreman_api_version:
      - '2'
      Foreman_version:
      - 1.22.1
      Server:
      - Apache
      Status:
      - 200 OK
      Strict-Transport-Security:
      - max-age=631139040; includeSubdomains
      Transfer-Encoding:
      - chunked
      Vary:
      - Accept-Encoding
      X-Content-Type-Options:
      - nosniff
      X-Download-Options:
      - noopen
      X-Frame-Options:
      - sameorigin
      X-Permitted-Cross-Domain-Policies:
      - none
      X-Powered-By:
      - Phusion Passenger 4.0.53
      X-Request-Id:
      - 451deab2-acd5-4981-b70f-7b2c73990c8c
      X-Runtime:
      - '0.051580'
      X-XSS-Protection:
      - 1; mode=block
    status:
      code: 200
      message: OK
- request:
    body: null
    headers:
      Accept:
      - application/json;version=2
      Cookie:
      - _session_id=def279c20aec0fdb831aa28855865e4e
    method: GET
    uri: https://127.0.0.1:4433/api/organizations?search=name%3D%22Test+Org2%22&per_page=4294967296
  response:
    body:
      string: "{\n  \"total\": 3,\n  \"subtotal\": 1,\n  \"page\": 1,\n  \"per_page\"\
        : 4294967296,\n  \"search\": \"name=\\\"Test Org2\\\"\",\n  \"sort\": {\n\
        \    \"by\": null,\n    \"order\": null\n  },\n  \"results\": [{\"ancestry\"\
        :null,\"parent_id\":null,\"parent_name\":null,\"created_at\":\"2019-11-08\
        \ 00:55:47 UTC\",\"updated_at\":\"2019-11-08 00:55:47 UTC\",\"id\":54,\"name\"\
        :\"Test Org2\",\"title\":\"Test Org2\",\"description\":\"A test organization\"\
        }]\n}\n"
    headers:
      Cache-Control:
      - max-age=0, private, must-revalidate
      Content-Security-Policy:
      - 'default-src ''self''; child-src ''self''; connect-src ''self'' ws: wss:;
        img-src ''self'' data: *.gravatar.com; script-src ''unsafe-eval'' ''unsafe-inline''
        ''self''; style-src ''unsafe-inline'' ''self'''
      Content-Type:
      - application/json; charset=utf-8
      Date:
      - Fri, 08 Nov 2019 00:56:38 GMT
      ETag:
      - W/"6b410350817d584fd697d3f62ea4cd2c"
      Foreman_api_version:
      - '2'
      Foreman_version:
      - 1.22.1
      Server:
      - Apache
      Status:
      - 200 OK
      Strict-Transport-Security:
      - max-age=631139040; includeSubdomains
      Transfer-Encoding:
      - chunked
      Vary:
      - Accept-Encoding
      X-Content-Type-Options:
      - nosniff
      X-Download-Options:
      - noopen
      X-Frame-Options:
      - sameorigin
      X-Permitted-Cross-Domain-Policies:
      - none
      X-Powered-By:
      - Phusion Passenger 4.0.53
      X-Request-Id:
      - a2d9d066-a1d9-4c43-852f-5f95780384bc
      X-Runtime:
      - '0.051659'
      X-XSS-Protection:
      - 1; mode=block
    status:
      code: 200
      message: OK
- request:
    body: null
    headers:
      Accept:
      - application/json;version=2
      Cookie:
      - _session_id=def279c20aec0fdb831aa28855865e4e
    method: GET
    uri: https://127.0.0.1:4433/api/hostgroups?search=title%3D%22New+host+group+with+puppet+classes%22&per_page=4294967296
  response:
    body:
      string: "{\n  \"total\": 3,\n  \"subtotal\": 1,\n  \"page\": 1,\n  \"per_page\"\
        : 4294967296,\n  \"search\": \"title=\\\"New host group with puppet classes\\\
        \"\",\n  \"sort\": {\n    \"by\": null,\n    \"order\": null\n  },\n  \"results\"\
        : [{\"subnet_id\":5,\"subnet_name\":\"Test subnet4\",\"operatingsystem_id\"\
        :6,\"operatingsystem_name\":\"TestOS 7.6\",\"domain_id\":10,\"domain_name\"\
        :\"foo.example.com\",\"environment_id\":1,\"environment_name\":\"production\"\
        ,\"compute_profile_id\":8,\"compute_profile_name\":\"myprofile\",\"ancestry\"\
        :null,\"parent_id\":null,\"parent_name\":null,\"ptable_id\":119,\"ptable_name\"\
        :\"Part table\",\"medium_id\":14,\"medium_name\":\"TestOS Mirror\",\"pxe_loader\"\
        :\"Grub2 UEFI\",\"subnet6_id\":null,\"subnet6_name\":null,\"architecture_id\"\
        :1,\"architecture_name\":\"x86_64\",\"realm_id\":null,\"realm_name\":null,\"\
        created_at\":\"2019-11-08 00:56:27 UTC\",\"updated_at\":\"2019-11-08 00:56:27\
        \ UTC\",\"id\":41,\"name\":\"New host group with puppet classes\",\"title\"\
        :\"New host group with puppet classes\",\"description\":\"New host group\"\
        ,\"puppet_proxy_id\":1,\"puppet_proxy_name\":\"foreman.example.com\",\"puppet_ca_proxy_id\"\
        :1,\"puppet_ca_proxy_name\":\"foreman.example.com\",\"puppet_proxy\":{\"name\"\
        :\"foreman.example.com\",\"id\":1,\"url\":\"https://foreman.example.com:9090\"\
        },\"puppet_ca_proxy\":{\"name\":\"foreman.example.com\",\"id\":1,\"url\":\"\
        https://foreman.example.com:9090\"}}]\n}\n"
    headers:
      Cache-Control:
      - max-age=0, private, must-revalidate
      Content-Security-Policy:
      - 'default-src ''self''; child-src ''self''; connect-src ''self'' ws: wss:;
        img-src ''self'' data: *.gravatar.com; script-src ''unsafe-eval'' ''unsafe-inline''
        ''self''; style-src ''unsafe-inline'' ''self'''
      Content-Type:
      - application/json; charset=utf-8
      Date:
      - Fri, 08 Nov 2019 00:56:38 GMT
      ETag:
      - W/"5106eb85df7303cada92fdcb4385b682"
      Foreman_api_version:
      - '2'
      Foreman_version:
      - 1.22.1
      Server:
      - Apache
      Status:
      - 200 OK
      Strict-Transport-Security:
      - max-age=631139040; includeSubdomains
      Transfer-Encoding:
      - chunked
      Vary:
      - Accept-Encoding
      X-Content-Type-Options:
      - nosniff
      X-Download-Options:
      - noopen
      X-Frame-Options:
      - sameorigin
      X-Permitted-Cross-Domain-Policies:
      - none
      X-Powered-By:
      - Phusion Passenger 4.0.53
      X-Request-Id:
      - 873328ae-8d4a-4ff5-8b8d-e2dd66f180a6
      X-Runtime:
      - '0.089907'
      X-XSS-Protection:
      - 1; mode=block
    status:
      code: 200
      message: OK
- request:
    body: null
    headers:
      Accept:
      - application/json;version=2
      Cookie:
      - _session_id=def279c20aec0fdb831aa28855865e4e
    method: GET
    uri: https://127.0.0.1:4433/api/hostgroups/41
  response:
    body:
      string: '{"content_source_id":null,"content_source_name":null,"content_view_id":null,"content_view_name":null,"lifecycle_environment_id":null,"lifecycle_environment_name":null,"kickstart_repository_id":null,"kickstart_repository_name":null,"subnet_id":5,"subnet_name":"Test
        subnet4","operatingsystem_id":6,"operatingsystem_name":"TestOS 7.6","domain_id":10,"domain_name":"foo.example.com","environment_id":1,"environment_name":"production","compute_profile_id":8,"compute_profile_name":"myprofile","ancestry":null,"parent_id":null,"parent_name":null,"ptable_id":119,"ptable_name":"Part
        table","medium_id":14,"medium_name":"TestOS Mirror","pxe_loader":"Grub2 UEFI","subnet6_id":null,"subnet6_name":null,"architecture_id":1,"architecture_name":"x86_64","realm_id":null,"realm_name":null,"created_at":"2019-11-08
        00:56:27 UTC","updated_at":"2019-11-08 00:56:27 UTC","id":41,"name":"New host
        group with puppet classes","title":"New host group with puppet classes","description":"New
        host group","puppet_proxy_id":1,"puppet_proxy_name":"foreman.example.com","puppet_ca_proxy_id":1,"puppet_ca_proxy_name":"foreman.example.com","puppet_proxy":{"name":"foreman.example.com","id":1,"url":"https://foreman.example.com:9090"},"puppet_ca_proxy":{"name":"foreman.example.com","id":1,"url":"https://foreman.example.com:9090"},"parameters":[{"priority":60,"created_at":"2019-11-08
        00:56:27 UTC","updated_at":"2019-11-08 00:56:27 UTC","id":42,"name":"subnet_param1","parameter_type":"string","value":"value1"},{"priority":60,"created_at":"2019-11-08
        00:56:28 UTC","updated_at":"2019-11-08 00:56:28 UTC","id":43,"name":"subnet_param2","parameter_type":"string","value":"value2"}],"template_combinations":[],"puppetclasses":[{"id":24,"name":"prometheus::redis_exporter","module_name":"prometheus"},{"id":29,"name":"prometheus::statsd_exporter","module_name":"prometheus"}],"config_groups":[{"created_at":"2019-11-08
        00:56:15 UTC","updated_at":"2019-11-08 00:56:15 UTC","id":12,"name":"cfg_group1","puppetclasses":[]},{"created_at":"2019-11-08
        00:56:17 UTC","updated_at":"2019-11-08 00:56:17 UTC","id":13,"name":"cfg_group2","puppetclasses":[]}],"all_puppetclasses":[{"id":24,"name":"prometheus::redis_exporter","module_name":"prometheus"},{"id":29,"name":"prometheus::statsd_exporter","module_name":"prometheus"}],"locations":[{"id":52,"name":"Bar","title":"Bar","description":null},{"id":34,"name":"Foo","title":"Foo","description":null},{"id":51,"name":"Baz","title":"Foo/Baz","description":null}],"organizations":[{"id":53,"name":"Test
        Org1","title":"Test Org1","description":"A test organization"},{"id":54,"name":"Test
        Org2","title":"Test Org2","description":"A test organization"}]}'
    headers:
      Cache-Control:
      - max-age=0, private, must-revalidate
      Content-Security-Policy:
      - 'default-src ''self''; child-src ''self''; connect-src ''self'' ws: wss:;
        img-src ''self'' data: *.gravatar.com; script-src ''unsafe-eval'' ''unsafe-inline''
        ''self''; style-src ''unsafe-inline'' ''self'''
      Content-Type:
      - application/json; charset=utf-8
      Date:
      - Fri, 08 Nov 2019 00:56:38 GMT
      ETag:
      - W/"bfdd1acbe6850bf09c8a3c43d5f28e84"
      Foreman_api_version:
      - '2'
      Foreman_version:
      - 1.22.1
      Server:
      - Apache
      Status:
      - 200 OK
      Strict-Transport-Security:
      - max-age=631139040; includeSubdomains
      Transfer-Encoding:
      - chunked
      Vary:
      - Accept-Encoding
      X-Content-Type-Options:
      - nosniff
      X-Download-Options:
      - noopen
      X-Frame-Options:
      - sameorigin
      X-Permitted-Cross-Domain-Policies:
      - none
      X-Powered-By:
      - Phusion Passenger 4.0.53
      X-Request-Id:
      - d967ff99-f18a-4436-9cd3-4c8d641b7f92
      X-Runtime:
      - '0.172479'
      X-XSS-Protection:
      - 1; mode=block
    status:
      code: 200
      message: OK
- request:
    body: null
    headers:
      Accept:
      - application/json;version=2
      Cookie:
      - _session_id=def279c20aec0fdb831aa28855865e4e
    method: GET
    uri: https://127.0.0.1:4433/api/hostgroups/41/parameters?per_page=4294967296
  response:
    body:
      string: "{\n  \"total\": 2,\n  \"subtotal\": 2,\n  \"page\": 1,\n  \"per_page\"\
        : 4294967296,\n  \"search\": null,\n  \"sort\": {\n    \"by\": null,\n   \
        \ \"order\": null\n  },\n  \"results\": [{\"priority\":60,\"created_at\":\"\
        2019-11-08 00:56:27 UTC\",\"updated_at\":\"2019-11-08 00:56:27 UTC\",\"id\"\
        :42,\"name\":\"subnet_param1\",\"parameter_type\":\"string\",\"value\":\"\
        value1\"},{\"priority\":60,\"created_at\":\"2019-11-08 00:56:28 UTC\",\"updated_at\"\
        :\"2019-11-08 00:56:28 UTC\",\"id\":43,\"name\":\"subnet_param2\",\"parameter_type\"\
        :\"string\",\"value\":\"value2\"}]\n}\n"
    headers:
      Cache-Control:
      - max-age=0, private, must-revalidate
      Content-Security-Policy:
      - 'default-src ''self''; child-src ''self''; connect-src ''self'' ws: wss:;
        img-src ''self'' data: *.gravatar.com; script-src ''unsafe-eval'' ''unsafe-inline''
        ''self''; style-src ''unsafe-inline'' ''self'''
      Content-Type:
      - application/json; charset=utf-8
      Date:
      - Fri, 08 Nov 2019 00:56:38 GMT
      ETag:
      - W/"b3ddd2f1664ff70eefa736cae00e2b81"
      Foreman_api_version:
      - '2'
      Foreman_version:
      - 1.22.1
      Server:
      - Apache
      Status:
      - 200 OK
      Strict-Transport-Security:
      - max-age=631139040; includeSubdomains
      Transfer-Encoding:
      - chunked
      Vary:
      - Accept-Encoding
      X-Content-Type-Options:
      - nosniff
      X-Download-Options:
      - noopen
      X-Frame-Options:
      - sameorigin
      X-Permitted-Cross-Domain-Policies:
      - none
      X-Powered-By:
      - Phusion Passenger 4.0.53
      X-Request-Id:
      - 45783e09-8823-4e58-a2a3-f9eb090ec456
      X-Runtime:
      - '0.066692'
      X-XSS-Protection:
      - 1; mode=block
    status:
      code: 200
      message: OK
- request:
    body: null
    headers:
      Accept:
      - application/json;version=2
      Cookie:
      - _session_id=def279c20aec0fdb831aa28855865e4e
    method: GET
    uri: https://127.0.0.1:4433/api/environments/1/puppetclasses?search=name%3D%22prometheus%3A%3Astatsd_exporter%22&per_page=4294967296
  response:
    body:
      string: "{\n  \"total\": 30,\n  \"subtotal\": 1,\n  \"page\": 1,\n  \"per_page\"\
        : 4294967296,\n  \"search\": \"name=\\\"prometheus::statsd_exporter\\\"\"\
        ,\n  \"sort\": {\n    \"by\": null,\n    \"order\": null\n  },\n  \"results\"\
        : {\"prometheus\":[{\"id\":29,\"name\":\"prometheus::statsd_exporter\",\"\
        created_at\":\"2019-10-22T16:22:08.222Z\",\"updated_at\":\"2019-10-22T16:22:08.222Z\"\
        }]}\n}\n"
    headers:
      Cache-Control:
      - max-age=0, private, must-revalidate
      Content-Security-Policy:
      - 'default-src ''self''; child-src ''self''; connect-src ''self'' ws: wss:;
        img-src ''self'' data: *.gravatar.com; script-src ''unsafe-eval'' ''unsafe-inline''
        ''self''; style-src ''unsafe-inline'' ''self'''
      Content-Type:
      - application/json; charset=utf-8
      Date:
      - Fri, 08 Nov 2019 00:56:38 GMT
      ETag:
      - W/"cd6bdb3a0c61aadf964658c597aff9a6"
      Foreman_api_version:
      - '2'
      Foreman_version:
      - 1.22.1
      Server:
      - Apache
      Status:
      - 200 OK
      Strict-Transport-Security:
      - max-age=631139040; includeSubdomains
      Transfer-Encoding:
      - chunked
      Vary:
      - Accept-Encoding
      X-Content-Type-Options:
      - nosniff
      X-Download-Options:
      - noopen
      X-Frame-Options:
      - sameorigin
      X-Permitted-Cross-Domain-Policies:
      - none
      X-Powered-By:
      - Phusion Passenger 4.0.53
      X-Request-Id:
      - 5116dcbb-2e9d-49b3-8adc-42c6b0fd3e02
      X-Runtime:
      - '0.061705'
      X-XSS-Protection:
      - 1; mode=block
    status:
      code: 200
      message: OK
- request:
    body: null
    headers:
      Accept:
      - application/json;version=2
      Content-Length:
      - '0'
      Cookie:
      - _session_id=def279c20aec0fdb831aa28855865e4e
    method: DELETE
    uri: https://127.0.0.1:4433/api/hostgroups/41/puppetclass_ids/24
  response:
    body:
      string: '[]'
    headers:
      Cache-Control:
      - max-age=0, private, must-revalidate
      Content-Length:
      - '2'
      Content-Security-Policy:
      - 'default-src ''self''; child-src ''self''; connect-src ''self'' ws: wss:;
        img-src ''self'' data: *.gravatar.com; script-src ''unsafe-eval'' ''unsafe-inline''
        ''self''; style-src ''unsafe-inline'' ''self'''
      Content-Type:
      - application/json; charset=utf-8
      Date:
      - Fri, 08 Nov 2019 00:56:38 GMT
      ETag:
      - W/"4f53cda18c2baa0c0354bb5f9a3ecbe5"
      Foreman_api_version:
      - '2'
      Foreman_version:
      - 1.22.1
      Server:
      - Apache
      Set-Cookie:
      - request_method=DELETE; path=/; secure; HttpOnly; SameSite=Lax
      Status:
      - 200 OK
      Strict-Transport-Security:
      - max-age=631139040; includeSubdomains
      X-Content-Type-Options:
      - nosniff
      X-Download-Options:
      - noopen
      X-Frame-Options:
      - sameorigin
      X-Permitted-Cross-Domain-Policies:
      - none
      X-Powered-By:
      - Phusion Passenger 4.0.53
      X-Request-Id:
      - 943d8e36-809e-44c1-930d-40d10d628f8b
      X-Runtime:
      - '0.144339'
      X-XSS-Protection:
      - 1; mode=block
    status:
      code: 200
      message: OK
version: 1
