interactions:
- request:
    body: null
    headers:
      Accept:
      - application/json;version=2
    method: GET
    uri: https://127.0.0.1:4433/api/status
  response:
    body:
      string: '{"result":"ok","status":200,"version":"1.22.1","api_version":2}'
    headers:
      Cache-Control:
      - max-age=0, private, must-revalidate
      Content-Length:
      - '63'
      Content-Security-Policy:
      - 'default-src ''self''; child-src ''self''; connect-src ''self'' ws: wss:;
        img-src ''self'' data: *.gravatar.com; script-src ''unsafe-eval'' ''unsafe-inline''
        ''self''; style-src ''unsafe-inline'' ''self'''
      Content-Type:
      - application/json; charset=utf-8
      Date:
      - Thu, 21 Nov 2019 12:34:24 GMT
      ETag:
      - W/"7462024e111aafa1fe0b7de16a6757f0"
      Foreman_api_version:
      - '2'
      Foreman_version:
      - 1.22.1
      Server:
      - Apache
      Set-Cookie:
      - _session_id=9ef73be1534c5c4002ac553e3d6af232; path=/; secure; HttpOnly; SameSite=Lax
      Status:
      - 200 OK
      Strict-Transport-Security:
      - max-age=631139040; includeSubdomains
      X-Content-Type-Options:
      - nosniff
      X-Download-Options:
      - noopen
      X-Frame-Options:
      - sameorigin
      X-Permitted-Cross-Domain-Policies:
      - none
      X-Powered-By:
      - Phusion Passenger 4.0.53
      X-Request-Id:
      - 4f0d5d9c-ff34-4486-b96a-fb6f9e63e501
      X-Runtime:
      - '0.077395'
      X-XSS-Protection:
      - 1; mode=block
    status:
      code: 200
      message: OK
- request:
    body: null
    headers:
      Accept:
      - application/json;version=2
      Cookie:
      - _session_id=9ef73be1534c5c4002ac553e3d6af232
    method: GET
    uri: https://127.0.0.1:4433/api/hostgroups?search=title%3D%22New+host+group%22&per_page=4294967296
  response:
    body:
      string: "{\n  \"total\": 6,\n  \"subtotal\": 1,\n  \"page\": 1,\n  \"per_page\"\
        : 4294967296,\n  \"search\": \"title=\\\"New host group\\\"\",\n  \"sort\"\
        : {\n    \"by\": null,\n    \"order\": null\n  },\n  \"results\": [{\"subnet_id\"\
        :12,\"subnet_name\":\"Test subnet4\",\"operatingsystem_id\":13,\"operatingsystem_name\"\
        :\"TestOS 7.6\",\"domain_id\":24,\"domain_name\":\"foo.example.com\",\"environment_id\"\
        :1,\"environment_name\":\"production\",\"compute_profile_id\":15,\"compute_profile_name\"\
        :\"myprofile\",\"ancestry\":null,\"parent_id\":null,\"parent_name\":null,\"\
        ptable_id\":126,\"ptable_name\":\"Part table\",\"medium_id\":21,\"medium_name\"\
        :\"TestOS Mirror\",\"pxe_loader\":\"Grub2 UEFI\",\"subnet6_id\":null,\"subnet6_name\"\
        :null,\"architecture_id\":1,\"architecture_name\":\"x86_64\",\"realm_id\"\
        :null,\"realm_name\":null,\"created_at\":\"2019-11-21 12:33:21 UTC\",\"updated_at\"\
        :\"2019-11-21 12:33:21 UTC\",\"id\":91,\"name\":\"New host group\",\"title\"\
        :\"New host group\",\"description\":\"New host group\",\"puppet_proxy_id\"\
        :1,\"puppet_proxy_name\":\"foreman.example.com\",\"puppet_ca_proxy_id\":1,\"\
        puppet_ca_proxy_name\":\"foreman.example.com\",\"puppet_proxy\":{\"name\"\
        :\"foreman.example.com\",\"id\":1,\"url\":\"https://foreman.example.com:9090\"\
        },\"puppet_ca_proxy\":{\"name\":\"foreman.example.com\",\"id\":1,\"url\":\"\
        https://foreman.example.com:9090\"}}]\n}\n"
    headers:
      Cache-Control:
      - max-age=0, private, must-revalidate
      Content-Security-Policy:
      - 'default-src ''self''; child-src ''self''; connect-src ''self'' ws: wss:;
        img-src ''self'' data: *.gravatar.com; script-src ''unsafe-eval'' ''unsafe-inline''
        ''self''; style-src ''unsafe-inline'' ''self'''
      Content-Type:
      - application/json; charset=utf-8
      Date:
      - Thu, 21 Nov 2019 12:34:24 GMT
      ETag:
      - W/"b2b3909343bb00b124f723d5d32f8414"
      Foreman_api_version:
      - '2'
      Foreman_version:
      - 1.22.1
      Server:
      - Apache
      Status:
      - 200 OK
      Strict-Transport-Security:
      - max-age=631139040; includeSubdomains
      Transfer-Encoding:
      - chunked
      Vary:
      - Accept-Encoding
      X-Content-Type-Options:
      - nosniff
      X-Download-Options:
      - noopen
      X-Frame-Options:
      - sameorigin
      X-Permitted-Cross-Domain-Policies:
      - none
      X-Powered-By:
      - Phusion Passenger 4.0.53
      X-Request-Id:
      - 4717f747-a1cc-4820-98d2-e0057a50a65b
      X-Runtime:
      - '0.093148'
      X-XSS-Protection:
      - 1; mode=block
    status:
      code: 200
      message: OK
- request:
    body: null
    headers:
      Accept:
      - application/json;version=2
      Cookie:
      - _session_id=9ef73be1534c5c4002ac553e3d6af232
    method: GET
    uri: https://127.0.0.1:4433/api/hostgroups?search=title%3D%22New+host+group%2FNested+New+host+group+10%22&per_page=4294967296
  response:
    body:
      string: "{\n  \"total\": 6,\n  \"subtotal\": 1,\n  \"page\": 1,\n  \"per_page\"\
        : 4294967296,\n  \"search\": \"title=\\\"New host group/Nested New host group\
        \ 10\\\"\",\n  \"sort\": {\n    \"by\": null,\n    \"order\": null\n  },\n\
        \  \"results\": [{\"subnet_id\":null,\"subnet_name\":\"Test subnet4\",\"operatingsystem_id\"\
        :null,\"operatingsystem_name\":\"TestOS 7.6\",\"domain_id\":null,\"domain_name\"\
        :\"foo.example.com\",\"environment_id\":null,\"environment_name\":\"production\"\
        ,\"compute_profile_id\":null,\"compute_profile_name\":\"myprofile\",\"ancestry\"\
        :\"91\",\"parent_id\":91,\"parent_name\":\"New host group\",\"ptable_id\"\
        :null,\"ptable_name\":\"Part table\",\"medium_id\":null,\"medium_name\":\"\
        TestOS Mirror\",\"pxe_loader\":\"Grub2 UEFI\",\"subnet6_id\":null,\"subnet6_name\"\
        :null,\"architecture_id\":null,\"architecture_name\":\"x86_64\",\"realm_id\"\
        :null,\"realm_name\":null,\"created_at\":\"2019-11-21 12:34:20 UTC\",\"updated_at\"\
        :\"2019-11-21 12:34:22 UTC\",\"id\":97,\"name\":\"Nested New host group 10\"\
        ,\"title\":\"New host group/Nested New host group 10\",\"description\":null,\"\
        puppet_proxy_id\":null,\"puppet_proxy_name\":\"foreman.example.com\",\"puppet_ca_proxy_id\"\
        :null,\"puppet_ca_proxy_name\":\"foreman.example.com\",\"puppet_proxy\":{\"\
        name\":\"foreman.example.com\",\"id\":1,\"url\":\"https://foreman.example.com:9090\"\
        },\"puppet_ca_proxy\":{\"name\":\"foreman.example.com\",\"id\":1,\"url\":\"\
        https://foreman.example.com:9090\"}}]\n}\n"
    headers:
      Cache-Control:
      - max-age=0, private, must-revalidate
      Content-Security-Policy:
      - 'default-src ''self''; child-src ''self''; connect-src ''self'' ws: wss:;
        img-src ''self'' data: *.gravatar.com; script-src ''unsafe-eval'' ''unsafe-inline''
        ''self''; style-src ''unsafe-inline'' ''self'''
      Content-Type:
      - application/json; charset=utf-8
      Date:
      - Thu, 21 Nov 2019 12:34:24 GMT
      ETag:
      - W/"27bfcefcdd3695abee410a82e5d8d9d0"
      Foreman_api_version:
      - '2'
      Foreman_version:
      - 1.22.1
      Server:
      - Apache
      Status:
      - 200 OK
      Strict-Transport-Security:
      - max-age=631139040; includeSubdomains
      Transfer-Encoding:
      - chunked
      Vary:
      - Accept-Encoding
      X-Content-Type-Options:
      - nosniff
      X-Download-Options:
      - noopen
      X-Frame-Options:
      - sameorigin
      X-Permitted-Cross-Domain-Policies:
      - none
      X-Powered-By:
      - Phusion Passenger 4.0.53
      X-Request-Id:
      - f9363737-0f02-4701-b672-b7f6e912ba36
      X-Runtime:
      - '0.194716'
      X-XSS-Protection:
      - 1; mode=block
    status:
      code: 200
      message: OK
- request:
    body: null
    headers:
      Accept:
      - application/json;version=2
      Cookie:
      - _session_id=9ef73be1534c5c4002ac553e3d6af232
    method: GET
    uri: https://127.0.0.1:4433/api/hostgroups/97
  response:
    body:
      string: '{"content_source_id":null,"content_source_name":null,"content_view_id":null,"content_view_name":null,"lifecycle_environment_id":null,"lifecycle_environment_name":null,"kickstart_repository_id":null,"kickstart_repository_name":null,"subnet_id":null,"subnet_name":"Test
        subnet4","operatingsystem_id":null,"operatingsystem_name":"TestOS 7.6","domain_id":null,"domain_name":"foo.example.com","environment_id":null,"environment_name":"production","compute_profile_id":null,"compute_profile_name":"myprofile","ancestry":"91","parent_id":91,"parent_name":"New
        host group","ptable_id":null,"ptable_name":"Part table","medium_id":null,"medium_name":"TestOS
        Mirror","pxe_loader":"Grub2 UEFI","subnet6_id":null,"subnet6_name":null,"architecture_id":null,"architecture_name":"x86_64","realm_id":null,"realm_name":null,"created_at":"2019-11-21
        12:34:20 UTC","updated_at":"2019-11-21 12:34:22 UTC","id":97,"name":"Nested
        New host group 10","title":"New host group/Nested New host group 10","description":null,"puppet_proxy_id":null,"puppet_proxy_name":"foreman.example.com","puppet_ca_proxy_id":null,"puppet_ca_proxy_name":"foreman.example.com","puppet_proxy":{"name":"foreman.example.com","id":1,"url":"https://foreman.example.com:9090"},"puppet_ca_proxy":{"name":"foreman.example.com","id":1,"url":"https://foreman.example.com:9090"},"parameters":[],"template_combinations":[],"puppetclasses":[],"config_groups":[],"all_puppetclasses":[],"locations":[],"organizations":[]}'
    headers:
      Cache-Control:
      - max-age=0, private, must-revalidate
      Content-Security-Policy:
      - 'default-src ''self''; child-src ''self''; connect-src ''self'' ws: wss:;
        img-src ''self'' data: *.gravatar.com; script-src ''unsafe-eval'' ''unsafe-inline''
        ''self''; style-src ''unsafe-inline'' ''self'''
      Content-Type:
      - application/json; charset=utf-8
      Date:
      - Thu, 21 Nov 2019 12:34:25 GMT
      ETag:
      - W/"08d51ee7e3153e35c1e1a82326ebb875"
      Foreman_api_version:
      - '2'
      Foreman_version:
      - 1.22.1
      Server:
      - Apache
      Status:
      - 200 OK
      Strict-Transport-Security:
      - max-age=631139040; includeSubdomains
      Transfer-Encoding:
      - chunked
      Vary:
      - Accept-Encoding
      X-Content-Type-Options:
      - nosniff
      X-Download-Options:
      - noopen
      X-Frame-Options:
      - sameorigin
      X-Permitted-Cross-Domain-Policies:
      - none
      X-Powered-By:
      - Phusion Passenger 4.0.53
      X-Request-Id:
      - 0575e1d9-3fc7-4df0-a9e2-9742c06b7eee
      X-Runtime:
      - '0.264378'
      X-XSS-Protection:
      - 1; mode=block
    status:
      code: 200
      message: OK
version: 1
