interactions:
- request:
    body: null
    headers:
      Accept: [application/json;version=2]
    method: GET
    uri: https://foreman.example.com/api/status
  response:
    body: {string: !!python/unicode '{"result":"ok","status":200,"version":"1.22.0","api_version":2}'}
    headers:
      apipie-checksum: [a4d0e078d6a68d7651b77beaa06ba647e859711a]
      cache-control: ['max-age=0, private, must-revalidate']
      content-length: ['63']
      content-security-policy: ['default-src ''self''; child-src ''self''; connect-src
          ''self'' ws: wss:; img-src ''self'' data: *.gravatar.com; script-src ''unsafe-eval''
          ''unsafe-inline'' ''self''; style-src ''unsafe-inline'' ''self''']
      content-type: [application/json; charset=utf-8]
      date: ['Mon, 22 Jul 2019 13:58:53 GMT']
      etag: [W/"674e9dbc2140c688b559566b581c5c09"]
      foreman_api_version: ['2']
      foreman_version: [1.22.0]
      server: [Apache]
      set-cookie: [_session_id=c409f374e735bfddd20bab2c8a8f9777; path=/; secure; HttpOnly;
          SameSite=Lax]
      status: [200 OK]
      strict-transport-security: [max-age=631139040; includeSubdomains]
      x-content-type-options: [nosniff]
      x-download-options: [noopen]
      x-frame-options: [sameorigin]
      x-permitted-cross-domain-policies: [none]
      x-powered-by: [Phusion Passenger 4.0.53]
      x-request-id: [19805d87-4dbf-49f9-9426-5eafd7270b4a]
      x-runtime: ['0.026308']
      x-xss-protection: [1; mode=block]
    status: {code: 200, message: OK}
- request:
    body: null
    headers:
      Accept: [application/json;version=2]
      Cookie: [_session_id=c409f374e735bfddd20bab2c8a8f9777]
    method: GET
    uri: https://foreman.example.com/api/hostgroups?per_page=4294967296&search=title%3D%22New+host+group%22&thin=False
  response:
    body: {string: !!python/unicode "{\n  \"total\": 1,\n  \"subtotal\": 1,\n  \"page\":
        1,\n  \"per_page\": 4294967296,\n  \"search\": \"title=\\\"New host group\\\"\",\n
        \ \"sort\": {\n    \"by\": null,\n    \"order\": null\n  },\n  \"results\":
        [{\"subnet_id\":9,\"subnet_name\":\"Test subnet4\",\"operatingsystem_id\":2,\"operatingsystem_name\":\"TestOS
        1.2\",\"domain_id\":18,\"domain_name\":\"foo.example.com\",\"environment_id\":1,\"environment_name\":\"production\",\"compute_profile_id\":5,\"compute_profile_name\":\"myprofile\",\"ancestry\":null,\"parent_id\":null,\"parent_name\":null,\"ptable_id\":123,\"ptable_name\":\"Timetravel
        finish\",\"medium_id\":18,\"medium_name\":\"Temple OS 1.0\",\"pxe_loader\":\"Grub2
        UEFI\",\"subnet6_id\":null,\"subnet6_name\":null,\"architecture_id\":1,\"architecture_name\":\"x86_64\",\"realm_id\":null,\"realm_name\":null,\"created_at\":\"2019-07-22
        13:58:42 UTC\",\"updated_at\":\"2019-07-22 13:58:52 UTC\",\"id\":52,\"name\":\"New
        host group\",\"title\":\"New host group\",\"description\":\"New host group\",\"puppet_proxy_id\":1,\"puppet_proxy_name\":\"foreman.example.com\",\"puppet_ca_proxy_id\":1,\"puppet_ca_proxy_name\":\"foreman.example.com\",\"openscap_proxy_id\":null,\"openscap_proxy_name\":null,\"puppet_proxy\":{\"name\":\"foreman.example.com\",\"id\":1,\"url\":\"https://foreman.example.com:9090\"},\"puppet_ca_proxy\":{\"name\":\"foreman.example.com\",\"id\":1,\"url\":\"https://foreman.example.com:9090\"},\"openscap_proxy\":null}]\n}\n"}
    headers:
      apipie-checksum: [a4d0e078d6a68d7651b77beaa06ba647e859711a]
      cache-control: ['max-age=0, private, must-revalidate']
      content-security-policy: ['default-src ''self''; child-src ''self''; connect-src
          ''self'' ws: wss:; img-src ''self'' data: *.gravatar.com; script-src ''unsafe-eval''
          ''unsafe-inline'' ''self''; style-src ''unsafe-inline'' ''self''']
      content-type: [application/json; charset=utf-8]
      date: ['Mon, 22 Jul 2019 13:58:53 GMT']
      etag: [W/"e02284d8c128ff6131a0e617741ba970"]
      foreman_api_version: ['2']
      foreman_version: [1.22.0]
      server: [Apache]
      status: [200 OK]
      strict-transport-security: [max-age=631139040; includeSubdomains]
      transfer-encoding: [chunked]
      vary: [Accept-Encoding]
      x-content-type-options: [nosniff]
      x-download-options: [noopen]
      x-frame-options: [sameorigin]
      x-permitted-cross-domain-policies: [none]
      x-powered-by: [Phusion Passenger 4.0.53]
      x-request-id: [63781e0b-1378-43d2-8330-8e5c64f29f56]
      x-runtime: ['0.030975']
      x-xss-protection: [1; mode=block]
    status: {code: 200, message: OK}
- request:
    body: null
    headers:
      Accept: [application/json;version=2]
      Cookie: [_session_id=c409f374e735bfddd20bab2c8a8f9777]
    method: GET
    uri: https://foreman.example.com/api/hostgroups/52
  response:
    body: {string: !!python/unicode '{"content_source_id":null,"content_source_name":null,"content_view_id":null,"content_view_name":null,"lifecycle_environment_id":null,"lifecycle_environment_name":null,"kickstart_repository_id":null,"kickstart_repository_name":null,"subnet_id":9,"subnet_name":"Test
        subnet4","operatingsystem_id":2,"operatingsystem_name":"TestOS 1.2","domain_id":18,"domain_name":"foo.example.com","environment_id":1,"environment_name":"production","compute_profile_id":5,"compute_profile_name":"myprofile","ancestry":null,"parent_id":null,"parent_name":null,"ptable_id":123,"ptable_name":"Timetravel
        finish","medium_id":18,"medium_name":"Temple OS 1.0","pxe_loader":"Grub2 UEFI","subnet6_id":null,"subnet6_name":null,"architecture_id":1,"architecture_name":"x86_64","realm_id":null,"realm_name":null,"created_at":"2019-07-22
        13:58:42 UTC","updated_at":"2019-07-22 13:58:52 UTC","id":52,"name":"New host
        group","title":"New host group","description":"New host group","puppet_proxy_id":1,"puppet_proxy_name":"foreman.example.com","puppet_ca_proxy_id":1,"puppet_ca_proxy_name":"foreman.example.com","openscap_proxy_id":null,"openscap_proxy_name":null,"puppet_proxy":{"name":"foreman.example.com","id":1,"url":"https://foreman.example.com:9090"},"puppet_ca_proxy":{"name":"foreman.example.com","id":1,"url":"https://foreman.example.com:9090"},"openscap_proxy":null,"parameters":[],"template_combinations":[],"puppetclasses":[],"config_groups":[],"all_puppetclasses":[],"locations":[{"id":37,"name":"Bar","title":"Bar","description":null},{"id":3,"name":"Foo","title":"Foo","description":null},{"id":36,"name":"Baz","title":"Foo/Baz","description":null}],"organizations":[{"id":38,"name":"Test
        Org1","title":"Test Org1","description":"A test organization"},{"id":39,"name":"Test
        Org2","title":"Test Org2","description":"A test organization"}]}'}
    headers:
      apipie-checksum: [a4d0e078d6a68d7651b77beaa06ba647e859711a]
      cache-control: ['max-age=0, private, must-revalidate']
      content-security-policy: ['default-src ''self''; child-src ''self''; connect-src
          ''self'' ws: wss:; img-src ''self'' data: *.gravatar.com; script-src ''unsafe-eval''
          ''unsafe-inline'' ''self''; style-src ''unsafe-inline'' ''self''']
      content-type: [application/json; charset=utf-8]
      date: ['Mon, 22 Jul 2019 13:58:53 GMT']
      etag: [W/"481550b8a0b911ad4dc8ff4d4e5ef206"]
      foreman_api_version: ['2']
      foreman_version: [1.22.0]
      server: [Apache]
      status: [200 OK]
      strict-transport-security: [max-age=631139040; includeSubdomains]
      transfer-encoding: [chunked]
      vary: [Accept-Encoding]
      x-content-type-options: [nosniff]
      x-download-options: [noopen]
      x-frame-options: [sameorigin]
      x-permitted-cross-domain-policies: [none]
      x-powered-by: [Phusion Passenger 4.0.53]
      x-request-id: [85e9d1e1-c005-4fe8-a9ca-acbf50cb973f]
      x-runtime: ['0.044951']
      x-xss-protection: [1; mode=block]
    status: {code: 200, message: OK}
- request:
    body: !!python/unicode '{"hostgroup": {"root_pass": "changeme"}}'
    headers:
      Accept: [application/json;version=2]
      Content-Length: ['40']
      Content-Type: [application/json]
      Cookie: [_session_id=c409f374e735bfddd20bab2c8a8f9777]
    method: PUT
    uri: https://foreman.example.com/api/hostgroups/52
  response:
    body: {string: !!python/unicode '{"subnet_id":9,"subnet_name":"Test subnet4","operatingsystem_id":2,"operatingsystem_name":"TestOS
        1.2","domain_id":18,"domain_name":"foo.example.com","environment_id":1,"environment_name":"production","compute_profile_id":5,"compute_profile_name":"myprofile","ancestry":null,"parent_id":null,"parent_name":null,"ptable_id":123,"ptable_name":"Timetravel
        finish","medium_id":18,"medium_name":"Temple OS 1.0","pxe_loader":"Grub2 UEFI","subnet6_id":null,"subnet6_name":null,"architecture_id":1,"architecture_name":"x86_64","realm_id":null,"realm_name":null,"created_at":"2019-07-22
        13:58:42 UTC","updated_at":"2019-07-22 13:58:53 UTC","id":52,"name":"New host
        group","title":"New host group","description":"New host group","puppet_proxy_id":1,"puppet_proxy_name":"foreman.example.com","puppet_ca_proxy_id":1,"puppet_ca_proxy_name":"foreman.example.com","openscap_proxy_id":null,"openscap_proxy_name":null,"puppet_proxy":{"name":"foreman.example.com","id":1,"url":"https://foreman.example.com:9090"},"puppet_ca_proxy":{"name":"foreman.example.com","id":1,"url":"https://foreman.example.com:9090"},"openscap_proxy":null,"parameters":[],"template_combinations":[],"puppetclasses":[],"config_groups":[],"all_puppetclasses":[],"locations":[{"id":37,"name":"Bar","title":"Bar","description":null},{"id":3,"name":"Foo","title":"Foo","description":null},{"id":36,"name":"Baz","title":"Foo/Baz","description":null}],"organizations":[{"id":38,"name":"Test
        Org1","title":"Test Org1","description":"A test organization"},{"id":39,"name":"Test
        Org2","title":"Test Org2","description":"A test organization"}]}'}
    headers:
      apipie-checksum: [a4d0e078d6a68d7651b77beaa06ba647e859711a]
      cache-control: ['max-age=0, private, must-revalidate']
      content-security-policy: ['default-src ''self''; child-src ''self''; connect-src
          ''self'' ws: wss:; img-src ''self'' data: *.gravatar.com; script-src ''unsafe-eval''
          ''unsafe-inline'' ''self''; style-src ''unsafe-inline'' ''self''']
      content-type: [application/json; charset=utf-8]
      date: ['Mon, 22 Jul 2019 13:58:53 GMT']
      etag: [W/"46cab154dd463098f367aba0a7ef96ff"]
      foreman_api_version: ['2']
      foreman_version: [1.22.0]
      server: [Apache]
      set-cookie: [request_method=PUT; path=/; secure; HttpOnly; SameSite=Lax]
      status: [200 OK]
      strict-transport-security: [max-age=631139040; includeSubdomains]
      transfer-encoding: [chunked]
      vary: [Accept-Encoding]
      x-content-type-options: [nosniff]
      x-download-options: [noopen]
      x-frame-options: [sameorigin]
      x-permitted-cross-domain-policies: [none]
      x-powered-by: [Phusion Passenger 4.0.53]
      x-request-id: [abf3a554-14f1-4d3e-ba15-4f844f2ebcf4]
      x-runtime: ['0.083447']
      x-xss-protection: [1; mode=block]
    status: {code: 200, message: OK}
version: 1
