interactions:
- request:
    body: null
    headers:
      Accept:
      - application/json;version=2
    method: GET
    uri: https://127.0.0.1:4433/api/status
  response:
    body:
      string: '{"result":"ok","status":200,"version":"1.22.1","api_version":2}'
    headers:
      Cache-Control:
      - max-age=0, private, must-revalidate
      Content-Length:
      - '63'
      Content-Security-Policy:
      - 'default-src ''self''; child-src ''self''; connect-src ''self'' ws: wss:;
        img-src ''self'' data: *.gravatar.com; script-src ''unsafe-eval'' ''unsafe-inline''
        ''self''; style-src ''unsafe-inline'' ''self'''
      Content-Type:
      - application/json; charset=utf-8
      Date:
      - Thu, 07 Nov 2019 22:41:24 GMT
      ETag:
      - W/"7462024e111aafa1fe0b7de16a6757f0"
      Foreman_api_version:
      - '2'
      Foreman_version:
      - 1.22.1
      Server:
      - Apache
      Set-Cookie:
      - _session_id=4806750e8a62f64db0da07670de6f5ad; path=/; secure; HttpOnly; SameSite=Lax
      Status:
      - 200 OK
      Strict-Transport-Security:
      - max-age=631139040; includeSubdomains
      X-Content-Type-Options:
      - nosniff
      X-Download-Options:
      - noopen
      X-Frame-Options:
      - sameorigin
      X-Permitted-Cross-Domain-Policies:
      - none
      X-Powered-By:
      - Phusion Passenger 4.0.53
      X-Request-Id:
      - fa0f9dd2-59ec-4dc9-89e1-b61f5913f276
      X-Runtime:
      - '0.084212'
      X-XSS-Protection:
      - 1; mode=block
    status:
      code: 200
      message: OK
- request:
    body: null
    headers:
      Accept:
      - application/json;version=2
      Cookie:
      - _session_id=4806750e8a62f64db0da07670de6f5ad
    method: GET
    uri: https://127.0.0.1:4433/api/hostgroups?thin=False&search=title%3D%22Super+New+host+group%22&per_page=4294967296
  response:
    body:
      string: "{\n  \"total\": 4,\n  \"subtotal\": 0,\n  \"page\": 1,\n  \"per_page\"\
        : 4294967296,\n  \"search\": \"title=\\\"Super New host group\\\"\",\n  \"\
        sort\": {\n    \"by\": null,\n    \"order\": null\n  },\n  \"results\": []\n\
        }\n"
    headers:
      Cache-Control:
      - max-age=0, private, must-revalidate
      Content-Security-Policy:
      - 'default-src ''self''; child-src ''self''; connect-src ''self'' ws: wss:;
        img-src ''self'' data: *.gravatar.com; script-src ''unsafe-eval'' ''unsafe-inline''
        ''self''; style-src ''unsafe-inline'' ''self'''
      Content-Type:
      - application/json; charset=utf-8
      Date:
      - Thu, 07 Nov 2019 22:41:24 GMT
      ETag:
      - W/"5e39e54f231d15e0aa816b8027450b7b"
      Foreman_api_version:
      - '2'
      Foreman_version:
      - 1.22.1
      Server:
      - Apache
      Status:
      - 200 OK
      Strict-Transport-Security:
      - max-age=631139040; includeSubdomains
      Transfer-Encoding:
      - chunked
      Vary:
      - Accept-Encoding
      X-Content-Type-Options:
      - nosniff
      X-Download-Options:
      - noopen
      X-Frame-Options:
      - sameorigin
      X-Permitted-Cross-Domain-Policies:
      - none
      X-Powered-By:
      - Phusion Passenger 4.0.53
      X-Request-Id:
      - e02c2877-cf3f-43b8-8704-c94cfe9c521b
      X-Runtime:
      - '0.055142'
      X-XSS-Protection:
      - 1; mode=block
    status:
      code: 200
      message: OK
- request:
    body: '{"hostgroup": {"name": "Super New host group"}}'
    headers:
      Accept:
      - application/json;version=2
      Content-Length:
      - '47'
      Content-Type:
      - application/json
      Cookie:
      - _session_id=4806750e8a62f64db0da07670de6f5ad
    method: POST
    uri: https://127.0.0.1:4433/api/hostgroups
  response:
    body:
      string: '{"subnet_id":null,"subnet_name":null,"operatingsystem_id":null,"operatingsystem_name":null,"domain_id":null,"domain_name":null,"environment_id":null,"environment_name":null,"compute_profile_id":null,"compute_profile_name":null,"ancestry":null,"parent_id":null,"parent_name":null,"ptable_id":null,"ptable_name":null,"medium_id":null,"medium_name":null,"pxe_loader":null,"subnet6_id":null,"subnet6_name":null,"architecture_id":null,"architecture_name":null,"realm_id":null,"realm_name":null,"created_at":"2019-11-07
        22:41:24 UTC","updated_at":"2019-11-07 22:41:24 UTC","id":31,"name":"Super
        New host group","title":"Super New host group","description":null,"puppet_proxy_id":null,"puppet_proxy_name":null,"puppet_ca_proxy_id":null,"puppet_ca_proxy_name":null,"puppet_proxy":null,"puppet_ca_proxy":null,"parameters":[],"template_combinations":[],"puppetclasses":[],"config_groups":[],"all_puppetclasses":[],"locations":[],"organizations":[]}'
    headers:
      Cache-Control:
      - max-age=0, private, must-revalidate
      Content-Security-Policy:
      - 'default-src ''self''; child-src ''self''; connect-src ''self'' ws: wss:;
        img-src ''self'' data: *.gravatar.com; script-src ''unsafe-eval'' ''unsafe-inline''
        ''self''; style-src ''unsafe-inline'' ''self'''
      Content-Type:
      - application/json; charset=utf-8
      Date:
      - Thu, 07 Nov 2019 22:41:24 GMT
      ETag:
      - W/"1017cf0ed91b8bedcbf378adc59fe455"
      Foreman_api_version:
      - '2'
      Foreman_version:
      - 1.22.1
      Server:
      - Apache
      Set-Cookie:
      - request_method=POST; path=/; secure; HttpOnly; SameSite=Lax
      Status:
      - 201 Created
      Strict-Transport-Security:
      - max-age=631139040; includeSubdomains
      Transfer-Encoding:
      - chunked
      X-Content-Type-Options:
      - nosniff
      X-Download-Options:
      - noopen
      X-Frame-Options:
      - sameorigin
      X-Permitted-Cross-Domain-Policies:
      - none
      X-Powered-By:
      - Phusion Passenger 4.0.53
      X-Request-Id:
      - eccee223-fe7c-4232-bebd-c3278c35059d
      X-Runtime:
      - '0.197293'
      X-XSS-Protection:
      - 1; mode=block
    status:
      code: 201
      message: Created
version: 1
