interactions:
- request:
    body: null
    headers:
      Accept:
      - application/json;version=2
    method: GET
    uri: https://127.0.0.1:4433/api/status
  response:
    body:
      string: '{"result":"ok","status":200,"version":"1.22.1","api_version":2}'
    headers:
      Apipie-Checksum:
      - 78af9cadfbcb52aa67a415a3a10763cb8527c154
      Cache-Control:
      - max-age=0, private, must-revalidate
      Content-Length:
      - '63'
      Content-Security-Policy:
      - 'default-src ''self''; child-src ''self''; connect-src ''self'' ws: wss:;
        img-src ''self'' data: *.gravatar.com; script-src ''unsafe-eval'' ''unsafe-inline''
        ''self''; style-src ''unsafe-inline'' ''self'''
      Content-Type:
      - application/json; charset=utf-8
      Date:
      - Fri, 18 Oct 2019 12:02:24 GMT
      ETag:
      - W/"7462024e111aafa1fe0b7de16a6757f0"
      Foreman_api_version:
      - '2'
      Foreman_version:
      - 1.22.1
      Server:
      - Apache
      Set-Cookie:
      - _session_id=a112f58c03e282491f4be1ab93dc3720; path=/; secure; HttpOnly; SameSite=Lax
      Status:
      - 200 OK
      Strict-Transport-Security:
      - max-age=631139040; includeSubdomains
      X-Content-Type-Options:
      - nosniff
      X-Download-Options:
      - noopen
      X-Frame-Options:
      - sameorigin
      X-Permitted-Cross-Domain-Policies:
      - none
      X-Powered-By:
      - Phusion Passenger 4.0.53
      X-Request-Id:
      - 8ee557af-5cce-45d0-bf48-e7dc72ad1926
      X-Runtime:
      - '0.092318'
      X-XSS-Protection:
      - 1; mode=block
    status:
      code: 200
      message: OK
- request:
    body: null
    headers:
      Accept:
      - application/json;version=2
      Cookie:
      - _session_id=a112f58c03e282491f4be1ab93dc3720
    method: GET
    uri: https://127.0.0.1:4433/api/roles?thin=True&search=name%3D%22test%22&per_page=4294967296
  response:
    body:
      string: "{\n  \"total\": 16,\n  \"subtotal\": 1,\n  \"page\": 1,\n  \"per_page\"\
        : 4294967296,\n  \"search\": \"name=\\\"test\\\"\",\n  \"sort\": {\n    \"\
        by\": \"name\",\n    \"order\": \"ASC\"\n  },\n  \"results\": [{\"builtin\"\
        :0,\"cloned_from_id\":null,\"name\":\"test\",\"id\":28,\"description\":\"\
        new description\",\"origin\":null}]\n}\n"
    headers:
      Apipie-Checksum:
      - 78af9cadfbcb52aa67a415a3a10763cb8527c154
      Cache-Control:
      - max-age=0, private, must-revalidate
      Content-Security-Policy:
      - 'default-src ''self''; child-src ''self''; connect-src ''self'' ws: wss:;
        img-src ''self'' data: *.gravatar.com; script-src ''unsafe-eval'' ''unsafe-inline''
        ''self''; style-src ''unsafe-inline'' ''self'''
      Content-Type:
      - application/json; charset=utf-8
      Date:
      - Fri, 18 Oct 2019 12:02:24 GMT
      ETag:
      - W/"e4fdf7838ea6d53fdac5346d88cc2a54"
      Foreman_api_version:
      - '2'
      Foreman_version:
      - 1.22.1
      Server:
      - Apache
      Status:
      - 200 OK
      Strict-Transport-Security:
      - max-age=631139040; includeSubdomains
      Transfer-Encoding:
      - chunked
      Vary:
      - Accept-Encoding
      X-Content-Type-Options:
      - nosniff
      X-Download-Options:
      - noopen
      X-Frame-Options:
      - sameorigin
      X-Permitted-Cross-Domain-Policies:
      - none
      X-Powered-By:
      - Phusion Passenger 4.0.53
      X-Request-Id:
      - 42aa0218-1f74-42e1-bda4-da51b67bd1a1
      X-Runtime:
      - '0.051682'
      X-XSS-Protection:
      - 1; mode=block
    status:
      code: 200
      message: OK
- request:
    body: null
    headers:
      Accept:
      - application/json;version=2
      Content-Length:
      - '0'
      Cookie:
      - _session_id=a112f58c03e282491f4be1ab93dc3720
    method: DELETE
    uri: https://127.0.0.1:4433/api/roles/28
  response:
    body:
      string: '{"id":28,"name":"test","builtin":0,"description":"new description","origin":null,"cloned_from_id":null}'
    headers:
      Apipie-Checksum:
      - 78af9cadfbcb52aa67a415a3a10763cb8527c154
      Cache-Control:
      - max-age=0, private, must-revalidate
      Content-Security-Policy:
      - 'default-src ''self''; child-src ''self''; connect-src ''self'' ws: wss:;
        img-src ''self'' data: *.gravatar.com; script-src ''unsafe-eval'' ''unsafe-inline''
        ''self''; style-src ''unsafe-inline'' ''self'''
      Content-Type:
      - application/json; charset=utf-8
      Date:
      - Fri, 18 Oct 2019 12:02:24 GMT
      ETag:
      - W/"6de2c8139872e873caeb5012d58596c6"
      Foreman_api_version:
      - '2'
      Foreman_version:
      - 1.22.1
      Server:
      - Apache
      Set-Cookie:
      - request_method=DELETE; path=/; secure; HttpOnly; SameSite=Lax
      Status:
      - 200 OK
      Strict-Transport-Security:
      - max-age=631139040; includeSubdomains
      Transfer-Encoding:
      - chunked
      Vary:
      - Accept-Encoding
      X-Content-Type-Options:
      - nosniff
      X-Download-Options:
      - noopen
      X-Frame-Options:
      - sameorigin
      X-Permitted-Cross-Domain-Policies:
      - none
      X-Powered-By:
      - Phusion Passenger 4.0.53
      X-Request-Id:
      - 245393aa-c889-4ddc-ba52-7417e066e3a3
      X-Runtime:
      - '0.286610'
      X-XSS-Protection:
      - 1; mode=block
    status:
      code: 200
      message: OK
version: 1
